ARM Linker, 5.03 [Build 76] [MDK-ARM Professional]

==============================================================================

Section Cross References

    nrk_cpu.o(i._Z16nrk_target_startv) refers to nrk_timer.o(i._Z16_nrk_setup_timerv) for _nrk_setup_timer()
    nrk_cpu.o(i._Z16nrk_task_set_stkP9task_typePjt) refers to nrk_error.o(i._Z13nrk_error_addh) for nrk_error_add(unsigned char)
    nrk_cpu.o(i._Z22nrk_stack_pointer_initv) refers to nrk.o(.bss) for nrk_kernel_stk
    nrk_cpu.o(i._Z22nrk_stack_pointer_initv) refers to nrk.o(.data) for nrk_kernel_stk_ptr
    nrk_cpu.o(i._Z22nrk_stack_pointer_initv) refers to nrk.o(i._nrk_timer_tick) for _nrk_timer_tick
    nrk_cpu.o(i._Z25nrk_stack_pointer_restorev) refers to nrk.o(.bss) for nrk_kernel_stk
    nrk_cpu.o(i._Z25nrk_stack_pointer_restorev) refers to nrk.o(i._nrk_timer_tick) for _nrk_timer_tick
    nrk_cpu.o(i._Z25nrk_stack_pointer_restorev) refers to nrk.o(.data) for nrk_kernel_stk_ptr
    nrk_cpu.o(.ARM.exidx) refers to nrk_cpu.o(i._Z16nrk_battery_savev) for i._Z16nrk_battery_savev
    nrk_cpu.o(.ARM.exidx) refers to nrk_cpu.o(i._Z9nrk_sleepv) for i._Z9nrk_sleepv
    nrk_cpu.o(.ARM.exidx) refers to nrk_cpu.o(i._Z8nrk_idlev) for i._Z8nrk_idlev
    nrk_cpu.o(.ARM.exidx) refers to nrk_cpu.o(i._Z27nrk_task_set_entry_functionP9task_typePFvvE) for i._Z27nrk_task_set_entry_functionP9task_typePFvvE
    nrk_cpu.o(.ARM.exidx) refers to nrk_cpu.o(i._Z16nrk_task_set_stkP9task_typePjt) for i._Z16nrk_task_set_stkP9task_typePjt
    nrk_cpu.o(.ARM.exidx) refers to nrk_cpu.o(i._Z17nrk_task_stk_initPFvvEPjS1_) for i._Z17nrk_task_stk_initPFvvEPjS1_
    nrk_cpu.o(.ARM.exidx) refers to nrk_cpu.o(i._Z22nrk_stack_pointer_initv) for i._Z22nrk_stack_pointer_initv
    nrk_cpu.o(.ARM.exidx) refers to nrk_cpu.o(i._Z25nrk_stack_pointer_restorev) for i._Z25nrk_stack_pointer_restorev
    nrk_cpu.o(.ARM.exidx) refers to nrk_cpu.o(i._Z16nrk_target_startv) for i._Z16nrk_target_startv
    nrk_status.o(.ARM.exidx) refers to nrk_status.o(i._Z18_nrk_startup_errorv) for i._Z18_nrk_startup_errorv
    nrk_timer.o(i.TIMER0_IRQHandler) refers to my_asm.o(.text) for _swap
    nrk_timer.o(i._Z16_nrk_setup_timerv) refers to nrk_timer.o(i._Z14NVIC_EnableIRQ4IRQn) for NVIC_EnableIRQ(IRQn)
    nrk_timer.o(i._Z16_nrk_setup_timerv) refers to nrk_timer.o(i._Z19_nrk_os_timer_resetv) for _nrk_os_timer_reset()
    nrk_timer.o(i._Z16_nrk_setup_timerv) refers to nrk_timer.o(i._Z19_nrk_os_timer_startv) for _nrk_os_timer_start()
    nrk_timer.o(i._Z16_nrk_setup_timerv) refers to nrk_timer.o(.data) for .data
    nrk_timer.o(i._Z16nrk_spin_wait_usj) refers to wait_api.c.lpc1768.arm.o(i.wait_us) for wait_us
    nrk_timer.o(i._Z19_nrk_os_timer_resetv) refers to nrk_timer.o(.data) for .data
    nrk_timer.o(i._Z25nrk_high_speed_timer_waittt) refers to nrk_timer.o(i._Z25_nrk_high_speed_timer_getv) for _nrk_high_speed_timer_get()
    nrk_timer.o(.ARM.exidx) refers to nrk_timer.o(i._Z16nrk_spin_wait_usj) for i._Z16nrk_spin_wait_usj
    nrk_timer.o(.ARM.exidx) refers to nrk_timer.o(i._Z19_nrk_os_timer_startv) for i._Z19_nrk_os_timer_startv
    nrk_timer.o(.ARM.exidx) refers to nrk_timer.o(i._Z19_nrk_os_timer_resetv) for i._Z19_nrk_os_timer_resetv
    nrk_timer.o(.ARM.exidx) refers to nrk_timer.o(i._Z16_nrk_setup_timerv) for i._Z16_nrk_setup_timerv
    nrk_timer.o(.ARM.exidx) refers to nrk_timer.o(i._Z26_nrk_high_speed_timer_stopv) for i._Z26_nrk_high_speed_timer_stopv
    nrk_timer.o(.ARM.exidx) refers to nrk_timer.o(i._Z27_nrk_high_speed_timer_startv) for i._Z27_nrk_high_speed_timer_startv
    nrk_timer.o(.ARM.exidx) refers to nrk_timer.o(i._Z27_nrk_high_speed_timer_resetv) for i._Z27_nrk_high_speed_timer_resetv
    nrk_timer.o(.ARM.exidx) refers to nrk_timer.o(i._Z25_nrk_high_speed_timer_getv) for i._Z25_nrk_high_speed_timer_getv
    nrk_timer.o(.ARM.exidx) refers to nrk_timer.o(i._Z25nrk_high_speed_timer_waittt) for i._Z25nrk_high_speed_timer_waittt
    nrk_timer.o(.ARM.exidx) refers to nrk_timer.o(i._Z18_nrk_os_timer_stopv) for i._Z18_nrk_os_timer_stopv
    nrk_timer.o(.ARM.exidx) refers to nrk_timer.o(i._Z17_nrk_os_timer_seth) for i._Z17_nrk_os_timer_seth
    nrk_timer.o(.ARM.exidx) refers to nrk_timer.o(i._Z20_nrk_get_next_wakeupv) for i._Z20_nrk_get_next_wakeupv
    nrk_timer.o(.ARM.exidx) refers to nrk_timer.o(i._Z20_nrk_set_next_wakeuph) for i._Z20_nrk_set_next_wakeuph
    nrk_timer.o(.ARM.exidx) refers to nrk_timer.o(i._Z18nrk_timer_int_stoph) for i._Z18nrk_timer_int_stoph
    nrk_timer.o(.ARM.exidx) refers to nrk_timer.o(i._Z19nrk_timer_int_reseth) for i._Z19nrk_timer_int_reseth
    nrk_timer.o(.ARM.exidx) refers to nrk_timer.o(i._Z18nrk_timer_int_readh) for i._Z18nrk_timer_int_readh
    nrk_timer.o(.ARM.exidx) refers to nrk_timer.o(i._Z19nrk_timer_int_starth) for i._Z19nrk_timer_int_starth
    nrk_timer.o(.ARM.exidx) refers to nrk_timer.o(i._Z23nrk_timer_int_configurehttPv) for i._Z23nrk_timer_int_configurehttPv
[...]
    lib_rtti_impl.o(.constdata__ZTVN10__cxxabiv120__function_type_infoE) refers to lib_rtti_impl.o(.constdata__ZTIN10__cxxabiv120__function_type_infoE) for typeinfo for __cxxabiv1::__function_type_info
    lib_rtti_impl.o(.constdata__ZTVN10__cxxabiv120__function_type_infoE) refers to lib_rtti_impl.o(i._ZN10__cxxabiv120__function_type_infoD1Ev) for __cxxabiv1::__function_type_info::~__function_type_info()
    lib_rtti_impl.o(.constdata__ZTVN10__cxxabiv120__function_type_infoE) refers to lib_rtti_impl.o(i._ZN10__cxxabiv120__function_type_infoD0Ev) for __cxxabiv1::__function_type_info::~__function_type_info__deallocating()
    lib_rtti_impl.o(.constdata__ZTVN10__cxxabiv116__enum_type_infoE) refers to lib_rtti_impl.o(.constdata__ZTIN10__cxxabiv116__enum_type_infoE) for typeinfo for __cxxabiv1::__enum_type_info
    lib_rtti_impl.o(.constdata__ZTVN10__cxxabiv116__enum_type_infoE) refers to lib_rtti_impl.o(i._ZN10__cxxabiv116__enum_type_infoD1Ev) for __cxxabiv1::__enum_type_info::~__enum_type_info()
    lib_rtti_impl.o(.constdata__ZTVN10__cxxabiv116__enum_type_infoE) refers to lib_rtti_impl.o(i._ZN10__cxxabiv116__enum_type_infoD0Ev) for __cxxabiv1::__enum_type_info::~__enum_type_info__deallocating()
    lib_rtti_impl.o(.constdata__ZTVN10__cxxabiv117__class_type_infoE) refers to lib_rtti_impl.o(.constdata__ZTIN10__cxxabiv117__class_type_infoE) for typeinfo for __cxxabiv1::__class_type_info
    lib_rtti_impl.o(.constdata__ZTVN10__cxxabiv117__class_type_infoE) refers to lib_rtti_impl.o(i._ZN10__cxxabiv117__class_type_infoD1Ev) for __cxxabiv1::__class_type_info::~__class_type_info()
    lib_rtti_impl.o(.constdata__ZTVN10__cxxabiv117__class_type_infoE) refers to lib_rtti_impl.o(i._ZN10__cxxabiv117__class_type_infoD0Ev) for __cxxabiv1::__class_type_info::~__class_type_info__deallocating()
    lib_rtti_impl.o(.constdata__ZTVN10__cxxabiv120__si_class_type_infoE) refers to lib_rtti_impl.o(.constdata__ZTIN10__cxxabiv120__si_class_type_infoE) for typeinfo for __cxxabiv1::__si_class_type_info
    lib_rtti_impl.o(.constdata__ZTVN10__cxxabiv120__si_class_type_infoE) refers to lib_rtti_impl.o(i._ZN10__cxxabiv120__si_class_type_infoD1Ev) for __cxxabiv1::__si_class_type_info::~__si_class_type_info()
    lib_rtti_impl.o(.constdata__ZTVN10__cxxabiv120__si_class_type_infoE) refers to lib_rtti_impl.o(i._ZN10__cxxabiv120__si_class_type_infoD0Ev) for __cxxabiv1::__si_class_type_info::~__si_class_type_info__deallocating()
    lib_rtti_impl.o(.constdata__ZTVN10__cxxabiv121__vmi_class_type_infoE) refers to lib_rtti_impl.o(.constdata__ZTIN10__cxxabiv121__vmi_class_type_infoE) for typeinfo for __cxxabiv1::__vmi_class_type_info
    lib_rtti_impl.o(.constdata__ZTVN10__cxxabiv121__vmi_class_type_infoE) refers to lib_rtti_impl.o(i._ZN10__cxxabiv121__vmi_class_type_infoD1Ev) for __cxxabiv1::__vmi_class_type_info::~__vmi_class_type_info()
    lib_rtti_impl.o(.constdata__ZTVN10__cxxabiv121__vmi_class_type_infoE) refers to lib_rtti_impl.o(i._ZN10__cxxabiv121__vmi_class_type_infoD0Ev) for __cxxabiv1::__vmi_class_type_info::~__vmi_class_type_info__deallocating()
    lib_rtti_impl.o(.constdata__ZTVN10__cxxabiv117__pbase_type_infoE) refers to lib_rtti_impl.o(.constdata__ZTIN10__cxxabiv117__pbase_type_infoE) for typeinfo for __cxxabiv1::__pbase_type_info
    lib_rtti_impl.o(.constdata__ZTVN10__cxxabiv117__pbase_type_infoE) refers to lib_rtti_impl.o(i._ZN10__cxxabiv117__pbase_type_infoD1Ev) for __cxxabiv1::__pbase_type_info::~__pbase_type_info()
    lib_rtti_impl.o(.constdata__ZTVN10__cxxabiv117__pbase_type_infoE) refers to lib_rtti_impl.o(i._ZN10__cxxabiv117__pbase_type_infoD0Ev) for __cxxabiv1::__pbase_type_info::~__pbase_type_info__deallocating()
    lib_rtti_impl.o(.constdata__ZTVN10__cxxabiv119__pointer_type_infoE) refers to lib_rtti_impl.o(.constdata__ZTIN10__cxxabiv119__pointer_type_infoE) for typeinfo for __cxxabiv1::__pointer_type_info
    lib_rtti_impl.o(.constdata__ZTVN10__cxxabiv119__pointer_type_infoE) refers to lib_rtti_impl.o(i._ZN10__cxxabiv119__pointer_type_infoD1Ev) for __cxxabiv1::__pointer_type_info::~__pointer_type_info()
    lib_rtti_impl.o(.constdata__ZTVN10__cxxabiv119__pointer_type_infoE) refers to lib_rtti_impl.o(i._ZN10__cxxabiv119__pointer_type_infoD0Ev) for __cxxabiv1::__pointer_type_info::~__pointer_type_info__deallocating()
    lib_rtti_impl.o(.constdata__ZTVN10__cxxabiv129__pointer_to_member_type_infoE) refers to lib_rtti_impl.o(.constdata__ZTIN10__cxxabiv129__pointer_to_member_type_infoE) for typeinfo for __cxxabiv1::__pointer_to_member_type_info
    lib_rtti_impl.o(.constdata__ZTVN10__cxxabiv129__pointer_to_member_type_infoE) refers to lib_rtti_impl.o(i._ZN10__cxxabiv129__pointer_to_member_type_infoD1Ev) for __cxxabiv1::__pointer_to_member_type_info::~__pointer_to_member_type_info()
    lib_rtti_impl.o(.constdata__ZTVN10__cxxabiv129__pointer_to_member_type_infoE) refers to lib_rtti_impl.o(i._ZN10__cxxabiv129__pointer_to_member_type_infoD0Ev) for __cxxabiv1::__pointer_to_member_type_info::~__pointer_to_member_type_info__deallocating()
    lib_rtti_impl.o(.constdata__ZTIN10__cxxabiv123__fundamental_type_infoE) refers to lib_rtti_impl.o(.constdata__ZTVN10__cxxabiv120__si_class_type_infoE) for vtable for __cxxabiv1::__si_class_type_info
    lib_rtti_impl.o(.constdata__ZTIN10__cxxabiv123__fundamental_type_infoE) refers to lib_rtti_impl.o(.constdata__ZTSN10__cxxabiv123__fundamental_type_infoE) for typeinfo name for __cxxabiv1::__fundamental_type_info
    lib_rtti_impl.o(.constdata__ZTIN10__cxxabiv123__fundamental_type_infoE) refers to type_info_dtor.o(.constdata__ZTISt9type_info) for typeinfo for std::type_info
    lib_rtti_impl.o(.constdata__ZTIN10__cxxabiv117__array_type_infoE) refers to lib_rtti_impl.o(.constdata__ZTVN10__cxxabiv120__si_class_type_infoE) for vtable for __cxxabiv1::__si_class_type_info
    lib_rtti_impl.o(.constdata__ZTIN10__cxxabiv117__array_type_infoE) refers to lib_rtti_impl.o(.constdata__ZTSN10__cxxabiv117__array_type_infoE) for typeinfo name for __cxxabiv1::__array_type_info
    lib_rtti_impl.o(.constdata__ZTIN10__cxxabiv117__array_type_infoE) refers to type_info_dtor.o(.constdata__ZTISt9type_info) for typeinfo for std::type_info
    lib_rtti_impl.o(.constdata__ZTIN10__cxxabiv120__function_type_infoE) refers to lib_rtti_impl.o(.constdata__ZTVN10__cxxabiv120__si_class_type_infoE) for vtable for __cxxabiv1::__si_class_type_info
    lib_rtti_impl.o(.constdata__ZTIN10__cxxabiv120__function_type_infoE) refers to lib_rtti_impl.o(.constdata__ZTSN10__cxxabiv120__function_type_infoE) for typeinfo name for __cxxabiv1::__function_type_info
    lib_rtti_impl.o(.constdata__ZTIN10__cxxabiv120__function_type_infoE) refers to type_info_dtor.o(.constdata__ZTISt9type_info) for typeinfo for std::type_info
    lib_rtti_impl.o(.constdata__ZTIN10__cxxabiv116__enum_type_infoE) refers to lib_rtti_impl.o(.constdata__ZTVN10__cxxabiv120__si_class_type_infoE) for vtable for __cxxabiv1::__si_class_type_info
    lib_rtti_impl.o(.constdata__ZTIN10__cxxabiv116__enum_type_infoE) refers to lib_rtti_impl.o(.constdata__ZTSN10__cxxabiv116__enum_type_infoE) for typeinfo name for __cxxabiv1::__enum_type_info
    lib_rtti_impl.o(.constdata__ZTIN10__cxxabiv116__enum_type_infoE) refers to type_info_dtor.o(.constdata__ZTISt9type_info) for typeinfo for std::type_info
    lib_rtti_impl.o(.constdata__ZTIN10__cxxabiv117__class_type_infoE) refers to lib_rtti_impl.o(.constdata__ZTVN10__cxxabiv120__si_class_type_infoE) for vtable for __cxxabiv1::__si_class_type_info
    lib_rtti_impl.o(.constdata__ZTIN10__cxxabiv117__class_type_infoE) refers to lib_rtti_impl.o(.constdata__ZTSN10__cxxabiv117__class_type_infoE) for typeinfo name for __cxxabiv1::__class_type_info
    lib_rtti_impl.o(.constdata__ZTIN10__cxxabiv117__class_type_infoE) refers to type_info_dtor.o(.constdata__ZTISt9type_info) for typeinfo for std::type_info
    lib_rtti_impl.o(.constdata__ZTIN10__cxxabiv120__si_class_type_infoE) refers to lib_rtti_impl.o(.constdata__ZTVN10__cxxabiv120__si_class_type_infoE) for vtable for __cxxabiv1::__si_class_type_info
    lib_rtti_impl.o(.constdata__ZTIN10__cxxabiv120__si_class_type_infoE) refers to lib_rtti_impl.o(.constdata__ZTSN10__cxxabiv120__si_class_type_infoE) for typeinfo name for __cxxabiv1::__si_class_type_info
    lib_rtti_impl.o(.constdata__ZTIN10__cxxabiv120__si_class_type_infoE) refers to lib_rtti_impl.o(.constdata__ZTIN10__cxxabiv117__class_type_infoE) for typeinfo for __cxxabiv1::__class_type_info
    lib_rtti_impl.o(.constdata__ZTIN10__cxxabiv121__vmi_class_type_infoE) refers to lib_rtti_impl.o(.constdata__ZTVN10__cxxabiv120__si_class_type_infoE) for vtable for __cxxabiv1::__si_class_type_info
    lib_rtti_impl.o(.constdata__ZTIN10__cxxabiv121__vmi_class_type_infoE) refers to lib_rtti_impl.o(.constdata__ZTSN10__cxxabiv121__vmi_class_type_infoE) for typeinfo name for __cxxabiv1::__vmi_class_type_info
    lib_rtti_impl.o(.constdata__ZTIN10__cxxabiv121__vmi_class_type_infoE) refers to lib_rtti_impl.o(.constdata__ZTIN10__cxxabiv117__class_type_infoE) for typeinfo for __cxxabiv1::__class_type_info
    lib_rtti_impl.o(.constdata__ZTIN10__cxxabiv117__pbase_type_infoE) refers to lib_rtti_impl.o(.constdata__ZTVN10__cxxabiv120__si_class_type_infoE) for vtable for __cxxabiv1::__si_class_type_info
    lib_rtti_impl.o(.constdata__ZTIN10__cxxabiv117__pbase_type_infoE) refers to lib_rtti_impl.o(.constdata__ZTSN10__cxxabiv117__pbase_type_infoE) for typeinfo name for __cxxabiv1::__pbase_type_info
    lib_rtti_impl.o(.constdata__ZTIN10__cxxabiv117__pbase_type_infoE) refers to type_info_dtor.o(.constdata__ZTISt9type_info) for typeinfo for std::type_info
    lib_rtti_impl.o(.constdata__ZTIN10__cxxabiv119__pointer_type_infoE) refers to lib_rtti_impl.o(.constdata__ZTVN10__cxxabiv120__si_class_type_infoE) for vtable for __cxxabiv1::__si_class_type_info
    lib_rtti_impl.o(.constdata__ZTIN10__cxxabiv119__pointer_type_infoE) refers to lib_rtti_impl.o(.constdata__ZTSN10__cxxabiv119__pointer_type_infoE) for typeinfo name for __cxxabiv1::__pointer_type_info
    lib_rtti_impl.o(.constdata__ZTIN10__cxxabiv119__pointer_type_infoE) refers to lib_rtti_impl.o(.constdata__ZTIN10__cxxabiv117__pbase_type_infoE) for typeinfo for __cxxabiv1::__pbase_type_info
    lib_rtti_impl.o(.constdata__ZTIN10__cxxabiv129__pointer_to_member_type_infoE) refers to lib_rtti_impl.o(.constdata__ZTVN10__cxxabiv120__si_class_type_infoE) for vtable for __cxxabiv1::__si_class_type_info
    lib_rtti_impl.o(.constdata__ZTIN10__cxxabiv129__pointer_to_member_type_infoE) refers to lib_rtti_impl.o(.constdata__ZTSN10__cxxabiv129__pointer_to_member_type_infoE) for typeinfo name for __cxxabiv1::__pointer_to_member_type_info
    lib_rtti_impl.o(.constdata__ZTIN10__cxxabiv129__pointer_to_member_type_infoE) refers to lib_rtti_impl.o(.constdata__ZTIN10__cxxabiv117__pbase_type_infoE) for typeinfo for __cxxabiv1::__pbase_type_info
    type_info_dtor.o(.constdata__ZTVSt9type_info) refers to type_info_dtor.o(.constdata__ZTISt9type_info) for typeinfo for std::type_info
    type_info_dtor.o(.constdata__ZTVSt9type_info) refers to type_info_dtor.o(i._ZNSt9type_infoD1Ev) for std::type_info::~type_info()
    type_info_dtor.o(.constdata__ZTVSt9type_info) refers to type_info_dtor.o(i._ZNSt9type_infoD0Ev) for std::type_info::~type_info__deallocating()
    type_info_dtor.o(.constdata__ZTISt9type_info) refers to lib_rtti_impl.o(.constdata__ZTVN10__cxxabiv117__class_type_infoE) for vtable for __cxxabiv1::__class_type_info
    type_info_dtor.o(.constdata__ZTISt9type_info) refers to type_info_dtor.o(.constdata__ZTSSt9type_info) for typeinfo name for std::type_info
    bad_alloc_dtor.o(.constdata__ZTVSt9bad_alloc) refers to bad_alloc_dtor.o(.constdata__ZTISt9bad_alloc) for typeinfo for std::bad_alloc
    bad_alloc_dtor.o(.constdata__ZTVSt9bad_alloc) refers to bad_alloc_dtor.o(i._ZNSt9bad_allocD1Ev) for std::bad_alloc::~bad_alloc()
    bad_alloc_dtor.o(.constdata__ZTVSt9bad_alloc) refers to bad_alloc_dtor.o(i._ZNSt9bad_allocD0Ev) for std::bad_alloc::~bad_alloc__deallocating()
    bad_alloc_dtor.o(.constdata__ZTVSt9bad_alloc) refers to bad_alloc_what.o(i._ZNKSt9bad_alloc4whatEv) for std::bad_alloc::what() const
    bad_alloc_dtor.o(.constdata__ZTISt9bad_alloc) refers to lib_rtti_impl.o(.constdata__ZTVN10__cxxabiv120__si_class_type_infoE) for vtable for __cxxabiv1::__si_class_type_info
    bad_alloc_dtor.o(.constdata__ZTISt9bad_alloc) refers to bad_alloc_dtor.o(.constdata__ZTSSt9bad_alloc) for typeinfo name for std::bad_alloc
    bad_alloc_dtor.o(.constdata__ZTISt9bad_alloc) refers to exception_dtor.o(.constdata__ZTISt9exception) for typeinfo for std::exception
    exception_dtor.o(.constdata__ZTVSt9exception) refers to exception_dtor.o(.constdata__ZTISt9exception) for typeinfo for std::exception
    exception_dtor.o(.constdata__ZTVSt9exception) refers to exception_dtor.o(i._ZNSt9exceptionD1Ev) for std::exception::~exception()
    exception_dtor.o(.constdata__ZTVSt9exception) refers to exception_dtor.o(i._ZNSt9exceptionD0Ev) for std::exception::~exception__deallocating()
    exception_dtor.o(.constdata__ZTVSt9exception) refers to exception_what.o(i._ZNKSt9exception4whatEv) for std::exception::what() const
    exception_dtor.o(.constdata__ZTISt9exception) refers to lib_rtti_impl.o(.constdata__ZTVN10__cxxabiv117__class_type_infoE) for vtable for __cxxabiv1::__class_type_info
    exception_dtor.o(.constdata__ZTISt9exception) refers to exception_dtor.o(.constdata__ZTSSt9exception) for typeinfo name for std::exception


==============================================================================

Removing Unused input sections from the image.

    Removing nrk_cpu.o(i._Z8nrk_idlev), (4 bytes).
    Removing nrk_cpu.o(i._Z9nrk_sleepv), (4 bytes).
    Removing nrk_cpu.o(.ARM.exidx), (8 bytes).
    Removing nrk_cpu.o(.ARM.exidx), (8 bytes).
    Removing nrk_cpu.o(.ARM.exidx), (8 bytes).
    Removing nrk_cpu.o(.ARM.exidx), (8 bytes).
    Removing nrk_cpu.o(.ARM.exidx), (8 bytes).
    Removing nrk_cpu.o(.ARM.exidx), (8 bytes).
    Removing nrk_cpu.o(.ARM.exidx), (8 bytes).
    Removing nrk_cpu.o(.ARM.exidx), (8 bytes).
    Removing nrk_cpu.o(.ARM.exidx), (8 bytes).
    Removing nrk_status.o(i._Z18_nrk_startup_errorv), (100 bytes).
    Removing nrk_status.o(.ARM.exidx), (8 bytes).
    Removing nrk_timer.o(i._Z18nrk_timer_int_readh), (4 bytes).
    Removing nrk_timer.o(i._Z18nrk_timer_int_stoph), (6 bytes).
    Removing nrk_timer.o(i._Z19nrk_timer_int_reseth), (6 bytes).
    Removing nrk_timer.o(i._Z19nrk_timer_int_starth), (6 bytes).
    Removing nrk_timer.o(i._Z23nrk_timer_int_configurehttPv), (6 bytes).
    Removing nrk_timer.o(i._Z26_nrk_high_speed_timer_stopv), (2 bytes).
    Removing nrk_timer.o(.ARM.exidx), (8 bytes).
    Removing nrk_timer.o(.ARM.exidx), (8 bytes).
    Removing nrk_timer.o(.ARM.exidx), (8 bytes).
    Removing nrk_timer.o(.ARM.exidx), (8 bytes).
    Removing nrk_timer.o(.ARM.exidx), (8 bytes).
    Removing nrk_timer.o(.ARM.exidx), (8 bytes).
    Removing nrk_timer.o(.ARM.exidx), (8 bytes).
    Removing nrk_timer.o(.ARM.exidx), (8 bytes).
    Removing nrk_timer.o(.ARM.exidx), (8 bytes).
    Removing nrk_timer.o(.ARM.exidx), (8 bytes).
    Removing nrk_timer.o(.ARM.exidx), (8 bytes).
    Removing nrk_timer.o(.ARM.exidx), (8 bytes).
    Removing nrk_timer.o(.ARM.exidx), (8 bytes).
    Removing nrk_timer.o(.ARM.exidx), (8 bytes).
    Removing nrk_timer.o(.ARM.exidx), (8 bytes).
    Removing nrk_timer.o(.ARM.exidx), (8 bytes).
    Removing nrk_timer.o(.ARM.exidx), (8 bytes).
    Removing nrk_timer.o(.ARM.exidx), (8 bytes).
    Removing nrk_timer.o(.ARM.exidx), (8 bytes).
    Removing nrk_timer.o(.ARM.exidx), (8 bytes).
    Removing nrk_timer.o(.ARM.exidx), (8 bytes).
    Removing nrk_timer.o(.ARM.exidx), (8 bytes).
    Removing nrk_watchdog.o(i._Z18nrk_watchdog_checkv), (24 bytes).
    Removing nrk_watchdog.o(i._Z19nrk_watchdog_enablev), (56 bytes).
    Removing nrk_watchdog.o(i._Z20nrk_watchdog_disablev), (2 bytes).
    Removing nrk_watchdog.o(.ARM.exidx), (8 bytes).
    Removing nrk_watchdog.o(.ARM.exidx), (8 bytes).
    Removing nrk_watchdog.o(.ARM.exidx), (8 bytes).
    Removing nrk.o(i._Z11nrk_versionv), (4 bytes).
    Removing nrk.o(i._Z8nrk_haltv), (4 bytes).
    Removing nrk.o(.ARM.exidx), (8 bytes).
    Removing nrk.o(.ARM.exidx), (8 bytes).
    Removing nrk.o(.ARM.exidx), (8 bytes).
    Removing nrk.o(.ARM.exidx), (8 bytes).
    Removing nrk.o(.ARM.exidx), (8 bytes).
    Removing nrk.o(.ARM.exidx), (8 bytes).
    Removing nrk.o(.ARM.exidx), (8 bytes).
    Removing nrk.o(.ARM.exidx), (8 bytes).
    Removing nrk.o(.data), (1 bytes).
    Removing nrk.o(.data), (6 bytes).
    Removing nrk_error.o(i._Z10blink_dashv), (34 bytes).
    Removing nrk_error.o(i._Z13nrk_errno_getv), (12 bytes).
    Removing nrk_error.o(i._Z13nrk_error_getPhS_), (24 bytes).
    Removing nrk_error.o(i._Z15nrk_error_printv), (800 bytes).
    Removing nrk_error.o(i._Z22blink_morse_code_errorh), (216 bytes).
    Removing nrk_error.o(i._Z5pausev), (40 bytes).
    Removing nrk_error.o(i._Z9blink_dotv), (26 bytes).
    Removing nrk_error.o(.ARM.exidx), (8 bytes).
    Removing nrk_error.o(.ARM.exidx), (8 bytes).
    Removing nrk_error.o(.ARM.exidx), (8 bytes).
    Removing nrk_error.o(.ARM.exidx), (8 bytes).
    Removing nrk_error.o(.ARM.exidx), (8 bytes).
    Removing nrk_error.o(.ARM.exidx), (8 bytes).
    Removing nrk_error.o(.ARM.exidx), (8 bytes).
    Removing nrk_error.o(.ARM.exidx), (8 bytes).
    Removing nrk_error.o(.ARM.exidx), (8 bytes).
    Removing nrk_error.o(.ARM.exidx), (8 bytes).
    Removing nrk_events.o(i._Z12nrk_sem_pendP14semaphore_type), (108 bytes).
    Removing nrk_events.o(i._Z12nrk_sem_postP14semaphore_type), (140 bytes).
    Removing nrk_events.o(i._Z13nrk_sem_queryP14semaphore_type), (48 bytes).
    Removing nrk_events.o(i._Z14nrk_sem_createhh), (64 bytes).
    Removing nrk_events.o(i._Z14nrk_sem_deleteP14semaphore_type), (64 bytes).
    Removing nrk_events.o(i._Z17nrk_signal_deletea), (120 bytes).
    Removing nrk_events.o(i._Z21nrk_signal_unregistera), (40 bytes).
    Removing nrk_events.o(i._Z22nrk_get_resource_indexP14semaphore_type), (36 bytes).
    Removing nrk_events.o(i._Z30nrk_signal_get_registered_maskv), (12 bytes).
    Removing nrk_events.o(.ARM.exidx), (8 bytes).
    Removing nrk_events.o(.ARM.exidx), (8 bytes).
    Removing nrk_events.o(.ARM.exidx), (8 bytes).
    Removing nrk_events.o(.ARM.exidx), (8 bytes).
    Removing nrk_events.o(.ARM.exidx), (8 bytes).
    Removing nrk_events.o(.ARM.exidx), (8 bytes).
    Removing nrk_events.o(.ARM.exidx), (8 bytes).
    Removing nrk_events.o(.ARM.exidx), (8 bytes).
    Removing nrk_events.o(.ARM.exidx), (8 bytes).
    Removing nrk_events.o(.ARM.exidx), (8 bytes).
    Removing nrk_events.o(.ARM.exidx), (8 bytes).
    Removing nrk_events.o(.ARM.exidx), (8 bytes).
    Removing nrk_events.o(.ARM.exidx), (8 bytes).
    Removing nrk_idle_task.o(.ARM.exidx), (8 bytes).
    Removing nrk_scheduler.o(.ARM.exidx), (8 bytes).
    Removing nrk_scheduler.o(.data), (1 bytes).
    Removing nrk_stack_check.o(i._Z15dump_stack_infov), (248 bytes).
    Removing nrk_stack_check.o(i._Z19nrk_stack_check_pida), (4 bytes).
    Removing nrk_stack_check.o(.ARM.exidx), (8 bytes).
    Removing nrk_stack_check.o(.ARM.exidx), (8 bytes).
    Removing nrk_stack_check.o(.ARM.exidx), (8 bytes).
    Removing nrk_task.o(i._Z14nrk_wait_tickst), (72 bytes).
    Removing nrk_task.o(i._Z14nrk_wait_until10nrk_time_t), (50 bytes).
    Removing nrk_task.o(i._Z16nrk_print_readyQv), (20 bytes).
    Removing nrk_task.o(i._Z18nrk_terminate_taskv), (32 bytes).
    Removing nrk_task.o(i._Z19nrk_set_next_wakeup10nrk_time_t), (48 bytes).
    Removing nrk_task.o(i._Z8nrk_wait10nrk_time_t), (84 bytes).
    Removing nrk_task.o(.ARM.exidx), (8 bytes).
    Removing nrk_task.o(.ARM.exidx), (8 bytes).
    Removing nrk_task.o(.ARM.exidx), (8 bytes).
    Removing nrk_task.o(.ARM.exidx), (8 bytes).
    Removing nrk_task.o(.ARM.exidx), (8 bytes).
    Removing nrk_task.o(.ARM.exidx), (8 bytes).
    Removing nrk_task.o(.ARM.exidx), (8 bytes).
    Removing nrk_task.o(.ARM.exidx), (8 bytes).
    Removing nrk_task.o(.ARM.exidx), (8 bytes).
    Removing nrk_task.o(.ARM.exidx), (8 bytes).
    Removing nrk_task.o(.ARM.exidx), (8 bytes).
    Removing nrk_task.o(.ARM.exidx), (8 bytes).
    Removing nrk_task.o(.ARM.exidx), (8 bytes).
    Removing nrk_task.o(.ARM.exidx), (8 bytes).
    Removing nrk_task.o(.ARM.exidx), (8 bytes).
    Removing nrk_time.o(i._Z12nrk_time_addP10nrk_time_tS_S_), (20 bytes).
    Removing nrk_time.o(i._Z12nrk_time_subP10nrk_time_tS_S_), (64 bytes).
    Removing nrk_time.o(i._Z18_nrk_ticks_to_timej), (28 bytes).
    Removing nrk_time.o(i._Z22nrk_time_compact_nanosP10nrk_time_t), (28 bytes).
    Removing nrk_time.o(i._Z23_nrk_time_to_ticks_longP10nrk_time_t), (56 bytes).
    Removing nrk_time.o(.ARM.exidx), (8 bytes).
    Removing nrk_time.o(.ARM.exidx), (8 bytes).
    Removing nrk_time.o(.ARM.exidx), (8 bytes).
    Removing nrk_time.o(.ARM.exidx), (8 bytes).
    Removing nrk_time.o(.ARM.exidx), (8 bytes).
    Removing nrk_time.o(.ARM.exidx), (8 bytes).
    Removing nrk_time.o(.ARM.exidx), (8 bytes).
    Removing nrk_time.o(.ARM.exidx), (8 bytes).
    Removing hal_wait.o(.ARM.exidx), (8 bytes).
    Removing ulib.o(i._Z11GPIO_Togglehj), (24 bytes).
    Removing ulib.o(i._Z11setup_uart2t), (56 bytes).
    Removing ulib.o(i._Z11setup_uart3j), (56 bytes).
    Removing ulib.o(i._Z12nrk_gpio_geth), (68 bytes).
    Removing ulib.o(i._Z14CLKPWR_GetPCLKj), (44 bytes).
    Removing ulib.o(i._Z14GPIO_ReadValueh), (14 bytes).
    Removing ulib.o(i._Z14nrk_get_buttonh), (2 bytes).
    Removing ulib.o(i._Z14nrk_led_togglei), (44 bytes).
    Removing ulib.o(i._Z14nrk_setup_uartj), (4 bytes).
    Removing ulib.o(i._Z15nrk_gpio_togglej), (66 bytes).
    Removing ulib.o(i._Z16nrk_gpio_pullupsh), (4 bytes).
    Removing ulib.o(i._Z17CLKPWR_GetPCLKSELj), (32 bytes).
    Removing ulib.o(i._Z17uart_set_divisorsP16LPC_UART_TypeDefj), (336 bytes).
    Removing ulib.o(i._Z18nrk_gpio_directionjh), (70 bytes).
    Removing ulib.o(i._Z19nrk_uart_data_readyh), (40 bytes).
    Removing ulib.o(i._Z21UART_ConfigStructInitP13UART_CFG_Type), (18 bytes).
    Removing ulib.o(i._Z22nrk_uart_rx_signal_getv), (6 bytes).
    Removing ulib.o(i._Z5getc2v), (16 bytes).
    Removing ulib.o(i._Z5getc3v), (16 bytes).
    Removing ulib.o(i._Z5putc2c), (16 bytes).
    Removing ulib.o(i._Z5putc3c), (16 bytes).
    Removing ulib.o(i._Z9UART_InitP16LPC_UART_TypeDefP13UART_CFG_Type), (208 bytes).
    Removing ulib.o(.ARM.exidx), (8 bytes).
    Removing ulib.o(.ARM.exidx), (8 bytes).
    Removing ulib.o(.ARM.exidx), (8 bytes).
    Removing ulib.o(.ARM.exidx), (8 bytes).
    Removing ulib.o(.ARM.exidx), (8 bytes).
    Removing ulib.o(.ARM.exidx), (8 bytes).
    Removing ulib.o(.ARM.exidx), (8 bytes).
    Removing ulib.o(.ARM.exidx), (8 bytes).
    Removing ulib.o(.ARM.exidx), (8 bytes).
    Removing ulib.o(.ARM.exidx), (8 bytes).
    Removing ulib.o(.ARM.exidx), (8 bytes).
    Removing ulib.o(.ARM.exidx), (8 bytes).
    Removing ulib.o(.ARM.exidx), (8 bytes).
    Removing ulib.o(.ARM.exidx), (8 bytes).
    Removing ulib.o(.ARM.exidx), (8 bytes).
    Removing ulib.o(.ARM.exidx), (8 bytes).
    Removing ulib.o(.ARM.exidx), (8 bytes).
    Removing ulib.o(.ARM.exidx), (8 bytes).
    Removing ulib.o(.ARM.exidx), (8 bytes).
    Removing ulib.o(.ARM.exidx), (8 bytes).
    Removing ulib.o(.ARM.exidx), (8 bytes).
    Removing ulib.o(.ARM.exidx), (8 bytes).
    Removing ulib.o(.ARM.exidx), (8 bytes).
    Removing ulib.o(.ARM.exidx), (8 bytes).
    Removing ulib.o(.ARM.exidx), (8 bytes).
    Removing ulib.o(.ARM.exidx), (8 bytes).
    Removing ulib.o(.ARM.exidx), (8 bytes).
    Removing ulib.o(.ARM.exidx), (8 bytes).
    Removing ulib.o(.ARM.exidx), (8 bytes).
    Removing ulib.o(.ARM.exidx), (8 bytes).
    Removing ulib.o(.ARM.exidx), (8 bytes).
    Removing ulib.o(.ARM.exidx), (8 bytes).
    Removing ulib.o(.ARM.exidx), (8 bytes).
    Removing ulib.o(.ARM.exidx), (8 bytes).
    Removing ulib.o(.ARM.exidx), (8 bytes).
    Removing ulib.o(.ARM.exidx), (8 bytes).
    Removing ulib.o(.ARM.exidx), (8 bytes).
    Removing ulib.o(.ARM.exidx), (8 bytes).
    Removing ulib.o(.ARM.exidx), (8 bytes).
    Removing ulib.o(.ARM.exidx), (8 bytes).
    Removing ulib.o(.ARM.exidx), (8 bytes).
    Removing adc_driver.o(i._Z11get_adc_valv), (52 bytes).
    Removing adc_driver.o(i._Z12set_adc_chanh), (84 bytes).
    Removing adc_driver.o(i._Z15dev_manager_adchhPhh), (104 bytes).
    Removing adc_driver.o(i._Z5delayv), (2 bytes).
    Removing adc_driver.o(i._Z8init_adcv), (252 bytes).
    Removing adc_driver.o(.ARM.exidx), (8 bytes).
    Removing adc_driver.o(.ARM.exidx), (8 bytes).
    Removing adc_driver.o(.ARM.exidx), (8 bytes).
    Removing adc_driver.o(.ARM.exidx), (8 bytes).
    Removing adc_driver.o(.ARM.exidx), (8 bytes).
    Removing adc_driver.o(.data), (8 bytes).
    Removing ff_basic_sensor.o(i._Z22dev_manager_ff_sensorshhPhh), (336 bytes).
    Removing ff_basic_sensor.o(.ARM.exidx), (8 bytes).
    Removing ff_basic_sensor.o(.data), (2 bytes).
    Removing nrk_driver.o(i._Z14nrk_get_statushh), (52 bytes).
    Removing nrk_driver.o(i._Z14nrk_set_statushhh), (52 bytes).
    Removing nrk_driver.o(i._Z19nrk_register_driverPFhhhPhhEh), (40 bytes).
    Removing nrk_driver.o(i._Z8nrk_openhh), (100 bytes).
    Removing nrk_driver.o(i._Z8nrk_readhPhh), (52 bytes).
    Removing nrk_driver.o(i._Z9nrk_closeh), (52 bytes).
    Removing nrk_driver.o(i._Z9nrk_writehPhh), (52 bytes).
    Removing nrk_driver.o(.ARM.exidx), (8 bytes).
    Removing nrk_driver.o(.ARM.exidx), (8 bytes).
    Removing nrk_driver.o(.ARM.exidx), (8 bytes).
    Removing nrk_driver.o(.ARM.exidx), (8 bytes).
    Removing nrk_driver.o(.ARM.exidx), (8 bytes).
    Removing nrk_driver.o(.ARM.exidx), (8 bytes).
    Removing nrk_driver.o(.ARM.exidx), (8 bytes).
    Removing nrk_driver.o(.data), (12 bytes).
    Removing bmac.o(i._Z11bmac_enablev), (28 bytes).
    Removing bmac.o(i._Z11bmac_tx_pktPch), (188 bytes).
    Removing bmac.o(i._Z12bmac_disablev), (16 bytes).
    Removing bmac.o(i._Z12bmac_nw_taskv), (108 bytes).
    Removing bmac.o(i._Z12bmac_startedv), (12 bytes).
    Removing bmac.o(i._Z15bmac_rx_pkt_getPhS_), (40 bytes).
    Removing bmac.o(i._Z16bmac_set_channelh), (44 bytes).
    Removing bmac.o(i._Z16bmac_task_configv), (76 bytes).
    Removing bmac.o(i._Z17bmac_rx_pkt_readyv), (20 bytes).
    Removing bmac.o(i._Z17bmac_set_rf_powerh), (20 bytes).
    Removing bmac.o(i._Z19_bmac_channel_checkv), (32 bytes).
    Removing bmac.o(i._Z19bmac_rx_pkt_releasev), (12 bytes).
    Removing bmac.o(i._Z19bmac_set_cca_activeh), (12 bytes).
    Removing bmac.o(i._Z19bmac_set_cca_thresha), (10 bytes).
    Removing bmac.o(i._Z19bmac_tx_reserve_getv), (4 bytes).
    Removing bmac.o(i._Z19bmac_tx_reserve_setP10nrk_time_tt), (6 bytes).
    Removing bmac.o(i._Z20bmac_auto_ack_enablev), (10 bytes).
    Removing bmac.o(i._Z21bmac_auto_ack_disablev), (10 bytes).
    Removing bmac.o(i._Z22bmac_encryption_enablev), (10 bytes).
    Removing bmac.o(i._Z22bmac_get_rx_pkt_signalv), (24 bytes).
    Removing bmac.o(i._Z22bmac_rx_pkt_set_bufferPch), (32 bytes).
    Removing bmac.o(i._Z22bmac_set_rx_check_rate10nrk_time_t), (32 bytes).
    Removing bmac.o(i._Z22bmac_wait_until_rx_pktv), (52 bytes).
    Removing bmac.o(i._Z23bmac_addr_decode_enablev), (10 bytes).
    Removing bmac.o(i._Z23bmac_encryption_disablev), (10 bytes).
    Removing bmac.o(i._Z23bmac_encryption_set_keyPhh), (20 bytes).
    Removing bmac.o(i._Z23bmac_get_tx_done_signalv), (24 bytes).
    Removing bmac.o(i._Z23bmac_tx_pkt_nonblockingPch), (48 bytes).
    Removing bmac.o(i._Z24bmac_addr_decode_disablev), (10 bytes).
    Removing bmac.o(i._Z24bmac_rx_pkt_is_encryptedv), (10 bytes).
    Removing bmac.o(i._Z25bmac_addr_decode_dest_mact), (12 bytes).
    Removing bmac.o(i._Z25bmac_rx_failure_count_getv), (12 bytes).
    Removing bmac.o(i._Z27bmac_addr_decode_set_my_mact), (10 bytes).
    Removing bmac.o(i._Z27bmac_rx_failure_count_resetv), (16 bytes).
    Removing bmac.o(i._Z31bmac_encryption_set_ctr_counterPhh), (20 bytes).
    Removing bmac.o(i._Z6_b_powh), (36 bytes).
    Removing bmac.o(i._Z8_bmac_rxv), (104 bytes).
    Removing bmac.o(i._Z8_bmac_txv), (200 bytes).
    Removing bmac.o(i._Z9bmac_inith), (208 bytes).
    Removing bmac.o(.ARM.exidx), (8 bytes).
    Removing bmac.o(.ARM.exidx), (8 bytes).
    Removing bmac.o(.ARM.exidx), (8 bytes).
    Removing bmac.o(.ARM.exidx), (8 bytes).
    Removing bmac.o(.ARM.exidx), (8 bytes).
    Removing bmac.o(.ARM.exidx), (8 bytes).
    Removing bmac.o(.ARM.exidx), (8 bytes).
    Removing bmac.o(.ARM.exidx), (8 bytes).
    Removing bmac.o(.ARM.exidx), (8 bytes).
    Removing bmac.o(.ARM.exidx), (8 bytes).
    Removing bmac.o(.ARM.exidx), (8 bytes).
    Removing bmac.o(.ARM.exidx), (8 bytes).
    Removing bmac.o(.ARM.exidx), (8 bytes).
    Removing bmac.o(.ARM.exidx), (8 bytes).
    Removing bmac.o(.ARM.exidx), (8 bytes).
    Removing bmac.o(.ARM.exidx), (8 bytes).
    Removing bmac.o(.ARM.exidx), (8 bytes).
    Removing bmac.o(.ARM.exidx), (8 bytes).
    Removing bmac.o(.ARM.exidx), (8 bytes).
    Removing bmac.o(.ARM.exidx), (8 bytes).
    Removing bmac.o(.ARM.exidx), (8 bytes).
    Removing bmac.o(.ARM.exidx), (8 bytes).
    Removing bmac.o(.ARM.exidx), (8 bytes).
    Removing bmac.o(.ARM.exidx), (8 bytes).
    Removing bmac.o(.ARM.exidx), (8 bytes).
    Removing bmac.o(.ARM.exidx), (8 bytes).
    Removing bmac.o(.ARM.exidx), (8 bytes).
    Removing bmac.o(.ARM.exidx), (8 bytes).
    Removing bmac.o(.ARM.exidx), (8 bytes).
    Removing bmac.o(.ARM.exidx), (8 bytes).
    Removing bmac.o(.ARM.exidx), (8 bytes).
    Removing bmac.o(.ARM.exidx), (8 bytes).
    Removing bmac.o(.ARM.exidx), (8 bytes).
    Removing bmac.o(.ARM.exidx), (8 bytes).
    Removing bmac.o(.ARM.exidx), (8 bytes).
    Removing bmac.o(.ARM.exidx), (8 bytes).
    Removing bmac.o(.ARM.exidx), (8 bytes).
    Removing bmac.o(.ARM.exidx), (8 bytes).
    Removing bmac.o(.ARM.exidx), (8 bytes).
    Removing bmac.o(.ARM.exidx), (8 bytes).
    Removing bmac.o(.bss), (328 bytes).
    Removing bmac.o(.data), (24 bytes).
    Removing basic_rf.o(i._Z11rf_power_upv), (30 bytes).
    Removing basic_rf.o(i._Z11rf_tx_powerh), (16 bytes).
    Removing basic_rf.o(i._Z12rf_data_modev), (10 bytes).
    Removing basic_rf.o(i._Z12rf_test_modev), (10 bytes).
    Removing basic_rf.o(i._Z12rf_tx_packetP10RF_TX_INFO), (284 bytes).
    Removing basic_rf.o(i._Z13rf_carrier_onv), (34 bytes).
    Removing basic_rf.o(i._Z13rf_power_downv), (22 bytes).
    Removing basic_rf.o(i._Z14rf_carrier_offv), (34 bytes).
    Removing basic_rf.o(i._Z15rf_set_cca_modeh), (30 bytes).
    Removing basic_rf.o(i._Z16rf_flush_rx_fifov), (8 bytes).
    Removing basic_rf.o(i._Z16rf_rx_set_serialv), (2 bytes).
    Removing basic_rf.o(i._Z16rf_tx_set_serialv), (2 bytes).
    Removing basic_rf.o(i._Z17rf_rx_check_fifopv), (12 bytes).
    Removing basic_rf.o(i._Z17rf_set_cca_thresha), (44 bytes).
    Removing basic_rf.o(i._Z18rf_security_enablev), (2 bytes).
    Removing basic_rf.o(i._Z19rf_auto_ack_disablev), (32 bytes).
    Removing basic_rf.o(i._Z19rf_security_disablev), (2 bytes).
    Removing basic_rf.o(i._Z19rf_security_set_keyPh), (2 bytes).
    Removing basic_rf.o(i._Z21rf_addr_decode_enablev), (22 bytes).
    Removing basic_rf.o(i._Z22rf_addr_decode_disablev), (22 bytes).
    Removing basic_rf.o(i._Z22rf_set_preamble_lengthh), (2 bytes).
    Removing basic_rf.o(i._Z25rf_addr_decode_set_my_mact), (32 bytes).
    Removing basic_rf.o(i._Z27rf_security_last_pkt_statusv), (4 bytes).
    Removing basic_rf.o(i._Z27rf_security_set_ctr_counterPh), (2 bytes).
    Removing basic_rf.o(.ARM.exidx), (8 bytes).
    Removing basic_rf.o(.ARM.exidx), (8 bytes).
    Removing basic_rf.o(.ARM.exidx), (8 bytes).
    Removing basic_rf.o(.ARM.exidx), (8 bytes).
    Removing basic_rf.o(.ARM.exidx), (8 bytes).
    Removing basic_rf.o(.ARM.exidx), (8 bytes).
    Removing basic_rf.o(.ARM.exidx), (8 bytes).
    Removing basic_rf.o(.ARM.exidx), (8 bytes).
    Removing basic_rf.o(.ARM.exidx), (8 bytes).
    Removing basic_rf.o(.ARM.exidx), (8 bytes).
    Removing basic_rf.o(.ARM.exidx), (8 bytes).
    Removing basic_rf.o(.ARM.exidx), (8 bytes).
    Removing basic_rf.o(.ARM.exidx), (8 bytes).
    Removing basic_rf.o(.ARM.exidx), (8 bytes).
    Removing basic_rf.o(.ARM.exidx), (8 bytes).
    Removing basic_rf.o(.ARM.exidx), (8 bytes).
    Removing basic_rf.o(.ARM.exidx), (8 bytes).
    Removing basic_rf.o(.ARM.exidx), (8 bytes).
    Removing basic_rf.o(.ARM.exidx), (8 bytes).
    Removing basic_rf.o(.ARM.exidx), (8 bytes).
    Removing basic_rf.o(.ARM.exidx), (8 bytes).
    Removing basic_rf.o(.ARM.exidx), (8 bytes).
    Removing basic_rf.o(.ARM.exidx), (8 bytes).
    Removing basic_rf.o(.ARM.exidx), (8 bytes).
    Removing basic_rf.o(.ARM.exidx), (8 bytes).
    Removing basic_rf.o(.ARM.exidx), (8 bytes).
    Removing basic_rf.o(.ARM.exidx), (8 bytes).
    Removing basic_rf.o(.ARM.exidx), (8 bytes).
    Removing basic_rf.o(.ARM.exidx), (8 bytes).
    Removing basic_rf.o(.ARM.exidx), (8 bytes).
    Removing basic_rf.o(.ARM.exidx), (8 bytes).
    Removing basic_rf.o(.ARM.exidx), (8 bytes).
    Removing basic_rf.o(.ARM.exidx), (8 bytes).
    Removing basic_rf.o(.ARM.exidx), (8 bytes).
    Removing basic_rf.o(.ARM.exidx), (8 bytes).
    Removing basic_rf.o(.ARM.exidx), (8 bytes).
    Removing basic_rf.o(.ARM.exidx), (8 bytes).
    Removing basic_rf.o(.ARM.exidx), (8 bytes).
    Removing mrf24j40.o(i._Z13mrf_data_modev), (52 bytes).
    Removing mrf24j40.o(i._Z13mrf_test_modev), (52 bytes).
    Removing mrf24j40.o(i._Z8mrf_wakev), (30 bytes).
    Removing mrf24j40.o(i._Z9mrf_sleepv), (22 bytes).
    Removing mrf24j40.o(.ARM.exidx), (8 bytes).
    Removing mrf24j40.o(.ARM.exidx), (8 bytes).
    Removing mrf24j40.o(.ARM.exidx), (8 bytes).
    Removing mrf24j40.o(.ARM.exidx), (8 bytes).
    Removing mrf24j40.o(.ARM.exidx), (8 bytes).
    Removing mrf24j40.o(.ARM.exidx), (8 bytes).
    Removing mrf24j40.o(.ARM.exidx), (8 bytes).
    Removing mrf24j40.o(.ARM.exidx), (8 bytes).
    Removing mrf24j40.o(.ARM.exidx), (8 bytes).
    Removing mrf24j40.o(.ARM.exidx), (8 bytes).
    Removing mrf24j40.o(.ARM.exidx), (8 bytes).
    Removing mrf24j40.o(.ARM.exidx), (8 bytes).
    Removing mrf24j40.o(.ARM.exidx), (8 bytes).
    Removing mrf24j40.o(.ARM.exidx), (8 bytes).
    Removing mrf24j40.o(.ARM.exidx), (8 bytes).
    Removing mrf24j40.o(.ARM.exidx), (8 bytes).
    Removing mrf24j40.o(.ARM.exidx), (8 bytes).
    Removing mrf24j40.o(.ARM.exidx), (8 bytes).
    Removing mrf24j40.o(.ARM.exidx), (8 bytes).
    Removing mrf24j40.o(.data), (1 bytes).
    Removing mrf24j40.o(.data), (1 bytes).
    Removing rt_link.o(i._Z12rtl_get_slotv), (12 bytes).
    Removing rt_link.o(i._Z14rtl_debug_initv), (60 bytes).
    Removing rt_link.o(i._Z14rtl_tx_abs_pktPcht), (72 bytes).
    Removing rt_link.o(i._Z15rtl_set_channelh), (12 bytes).
    Removing rt_link.o(i._Z15rtl_sync_statusv), (12 bytes).
    Removing rt_link.o(i._Z16rtl_clr_schedule11rtl_rx_tx_th), (64 bytes).
    Removing rt_link.o(i._Z16rtl_debug_rx_pktv), (52 bytes).
    Removing rt_link.o(i._Z16rtl_set_tx_powerh), (4 bytes).
    Removing rt_link.o(i._Z18rtl_debug_rx_tsyncv), (60 bytes).
    Removing rt_link.o(i._Z18rtl_set_contentionhh), (56 bytes).
    Removing rt_link.o(i._Z19rtl_get_global_slotv), (72 bytes).
    Removing rt_link.o(i._Z19rtl_set_rx_callbackPv), (2 bytes).
    Removing rt_link.o(i._Z19rtl_set_tx_callbackPv), (2 bytes).
    Removing rt_link.o(i._Z20rtl_set_abs_callbackPv), (2 bytes).
    Removing rt_link.o(i._Z21rtl_debug_dropped_pktv), (52 bytes).
    Removing rt_link.o(i._Z21rtl_debug_time_updatet), (24 bytes).
    Removing rt_link.o(i._Z21rtl_get_rx_pkt_signalv), (28 bytes).
    Removing rt_link.o(i._Z21rtl_set_slot_callbackPv), (2 bytes).
    Removing rt_link.o(i._Z21rtl_wait_until_rx_pktv), (44 bytes).
    Removing rt_link.o(i._Z22rtl_debug_get_pkt_lossv), (36 bytes).
    Removing rt_link.o(i._Z22rtl_get_tx_done_signalv), (28 bytes).
    Removing rt_link.o(i._Z22rtl_set_cycle_callbackPv), (2 bytes).
    Removing rt_link.o(i._Z22rtl_wait_until_tx_doneh), (48 bytes).
    Removing rt_link.o(i._Z23rtl_check_abs_tx_statusv), (12 bytes).
    Removing rt_link.o(i._Z23rtl_debug_dropped_tsynch), (60 bytes).
    Removing rt_link.o(i._Z24rtl_debug_get_tsync_lossv), (36 bytes).
    Removing rt_link.o(i._Z24rtl_debug_time_get_driftv), (12 bytes).
    Removing rt_link.o(i._Z25rtl_debug_get_tsync_delayh), (20 bytes).
    Removing rt_link.o(i._Z26rtl_wait_until_global_slott), (6 bytes).
    Removing rt_link.o(i._Z9bit_counth), (34 bytes).
    Removing rt_link.o(.ARM.exidx), (8 bytes).
    Removing rt_link.o(.ARM.exidx), (8 bytes).
    Removing rt_link.o(.ARM.exidx), (8 bytes).
    Removing rt_link.o(.ARM.exidx), (8 bytes).
    Removing rt_link.o(.ARM.exidx), (8 bytes).
    Removing rt_link.o(.ARM.exidx), (8 bytes).
    Removing rt_link.o(.ARM.exidx), (8 bytes).
    Removing rt_link.o(.ARM.exidx), (8 bytes).
    Removing rt_link.o(.ARM.exidx), (8 bytes).
    Removing rt_link.o(.ARM.exidx), (8 bytes).
    Removing rt_link.o(.ARM.exidx), (8 bytes).
    Removing rt_link.o(.ARM.exidx), (8 bytes).
    Removing rt_link.o(.ARM.exidx), (8 bytes).
    Removing rt_link.o(.ARM.exidx), (8 bytes).
    Removing rt_link.o(.ARM.exidx), (8 bytes).
    Removing rt_link.o(.ARM.exidx), (8 bytes).
    Removing rt_link.o(.ARM.exidx), (8 bytes).
    Removing rt_link.o(.ARM.exidx), (8 bytes).
    Removing rt_link.o(.ARM.exidx), (8 bytes).
    Removing rt_link.o(.ARM.exidx), (8 bytes).
    Removing rt_link.o(.ARM.exidx), (8 bytes).
    Removing rt_link.o(.ARM.exidx), (8 bytes).
    Removing rt_link.o(.ARM.exidx), (8 bytes).
    Removing rt_link.o(.ARM.exidx), (8 bytes).
    Removing rt_link.o(.ARM.exidx), (8 bytes).
    Removing rt_link.o(.ARM.exidx), (8 bytes).
    Removing rt_link.o(.ARM.exidx), (8 bytes).
    Removing rt_link.o(.ARM.exidx), (8 bytes).
    Removing rt_link.o(.ARM.exidx), (8 bytes).
    Removing rt_link.o(.ARM.exidx), (8 bytes).
    Removing rt_link.o(.ARM.exidx), (8 bytes).
    Removing rt_link.o(.ARM.exidx), (8 bytes).
    Removing rt_link.o(.ARM.exidx), (8 bytes).
    Removing rt_link.o(.ARM.exidx), (8 bytes).
    Removing rt_link.o(.ARM.exidx), (8 bytes).
    Removing rt_link.o(.ARM.exidx), (8 bytes).
    Removing rt_link.o(.ARM.exidx), (8 bytes).
    Removing rt_link.o(.ARM.exidx), (8 bytes).
    Removing rt_link.o(.ARM.exidx), (8 bytes).
    Removing rt_link.o(.ARM.exidx), (8 bytes).
    Removing rt_link.o(.ARM.exidx), (8 bytes).
    Removing rt_link.o(.ARM.exidx), (8 bytes).
    Removing rt_link.o(.ARM.exidx), (8 bytes).
    Removing rt_link.o(.ARM.exidx), (8 bytes).
    Removing rt_link.o(.ARM.exidx), (8 bytes).
    Removing rt_link.o(.ARM.exidx), (8 bytes).
    Removing rt_link.o(.ARM.exidx), (8 bytes).
    Removing rt_link.o(.ARM.exidx), (8 bytes).
    Removing rt_link.o(.ARM.exidx), (8 bytes).
    Removing rt_link.o(.ARM.exidx), (8 bytes).
    Removing rt_link.o(.ARM.exidx), (8 bytes).
    Removing rt_link.o(.ARM.exidx), (8 bytes).
    Removing rt_link.o(.ARM.exidx), (8 bytes).
    Removing rt_link.o(.ARM.exidx), (8 bytes).
    Removing rt_link.o(.ARM.exidx), (8 bytes).
    Removing main.o(.ARM.exidx), (8 bytes).
    Removing main.o(.ARM.exidx), (8 bytes).
    Removing main.o(.ARM.exidx), (8 bytes).
    Removing system_LPC17xx.o(i.SystemCoreClockUpdate), (256 bytes).
    Removing core_cm3.o(.emb_text), (32 bytes).
    Removing cmsis_nvic.o(i.NVIC_GetVector), (16 bytes).
    Removing cmsis_nvic.o(i.NVIC_SetVector), (56 bytes).
    Removing wait_api.c.lpc1768.arm.o(i.wait), (48 bytes).
    Removing timer_api.c.lpc1768.arm.o(i.timer_free), (2 bytes).
    Removing timer_api.c.lpc1768.arm.o(i.timer_stop), (10 bytes).
    Removing timer_api.c.lpc1768.arm.o(i.timer_write), (18 bytes).
    Removing stdio.cpp.lpc1768.arm.o(i._ZN4mbed8FileLikeD0Ev), (60 bytes).
    Removing stdio.cpp.lpc1768.arm.o(i._ZN4mbed8FileLikeD2Ev), (52 bytes).
    Removing stdio.cpp.lpc1768.arm.o(i._sys_command_string), (4 bytes).
    Removing stdio.cpp.lpc1768.arm.o(i._sys_ensure), (40 bytes).
    Removing stdio.cpp.lpc1768.arm.o(i._sys_read), (64 bytes).
    Removing stdio.cpp.lpc1768.arm.o(i.closedir), (6 bytes).
    Removing stdio.cpp.lpc1768.arm.o(i.mkdir), (84 bytes).
    Removing stdio.cpp.lpc1768.arm.o(i.opendir), (84 bytes).
    Removing stdio.cpp.lpc1768.arm.o(i.readdir), (6 bytes).
    Removing stdio.cpp.lpc1768.arm.o(i.remove), (80 bytes).
    Removing stdio.cpp.lpc1768.arm.o(i.rename), (6 bytes).
    Removing stdio.cpp.lpc1768.arm.o(i.rewinddir), (6 bytes).
    Removing stdio.cpp.lpc1768.arm.o(i.seekdir), (6 bytes).
    Removing stdio.cpp.lpc1768.arm.o(i.telldir), (6 bytes).
    Removing stdio.cpp.lpc1768.arm.o(i.tmpfile), (4 bytes).
    Removing stdio.cpp.lpc1768.arm.o(i.tmpnam), (4 bytes).
    Removing stdio.cpp.lpc1768.arm.o(.ARM.exidx), (8 bytes).
    Removing stdio.cpp.lpc1768.arm.o(.ARM.exidx), (8 bytes).
    Removing stdio.cpp.lpc1768.arm.o(.ARM.exidx), (8 bytes).
    Removing stdio.cpp.lpc1768.arm.o(.ARM.exidx), (8 bytes).
    Removing stdio.cpp.lpc1768.arm.o(.ARM.exidx), (8 bytes).
    Removing stdio.cpp.lpc1768.arm.o(.ARM.exidx), (8 bytes).
    Removing stdio.cpp.lpc1768.arm.o(.ARM.exidx), (8 bytes).
    Removing stdio.cpp.lpc1768.arm.o(.ARM.exidx), (8 bytes).
    Removing stdio.cpp.lpc1768.arm.o(.ARM.exidx), (8 bytes).
    Removing stdio.cpp.lpc1768.arm.o(.ARM.exidx), (8 bytes).
    Removing stdio.cpp.lpc1768.arm.o(.ARM.exidx), (8 bytes).
    Removing stdio.cpp.lpc1768.arm.o(.ARM.exidx), (8 bytes).
    Removing stdio.cpp.lpc1768.arm.o(.ARM.exidx), (8 bytes).
    Removing stdio.cpp.lpc1768.arm.o(.ARM.exidx), (8 bytes).
    Removing stdio.cpp.lpc1768.arm.o(.ARM.exidx), (8 bytes).
    Removing stdio.cpp.lpc1768.arm.o(.ARM.exidx), (8 bytes).
    Removing stdio.cpp.lpc1768.arm.o(.ARM.exidx), (8 bytes).
    Removing stdio.cpp.lpc1768.arm.o(.ARM.exidx), (8 bytes).
    Removing stdio.cpp.lpc1768.arm.o(.ARM.exidx), (8 bytes).
    Removing stdio.cpp.lpc1768.arm.o(.ARM.exidx), (8 bytes).
    Removing stdio.cpp.lpc1768.arm.o(.ARM.exidx), (8 bytes).
    Removing stdio.cpp.lpc1768.arm.o(.ARM.exidx), (8 bytes).
    Removing serial_api.c.lpc1768.arm.o(i.serial_clear), (6 bytes).
    Removing serial_api.c.lpc1768.arm.o(i.serial_free), (2 bytes).
    Removing serial_api.c.lpc1768.arm.o(i.serial_getc), (12 bytes).
    Removing serial_api.c.lpc1768.arm.o(i.serial_interrupt), (2 bytes).
    Removing serial_api.c.lpc1768.arm.o(i.serial_readable), (8 bytes).
    Removing serial_api.c.lpc1768.arm.o(i.serial_writable), (8 bytes).
    Removing Base.cpp.lpc1768.arm.o(i._ZN4mbed4Base11delete_selfEv), (30 bytes).
    Removing Base.cpp.lpc1768.arm.o(i._ZN4mbed4Base15get_rpc_methodsEv), (8 bytes).
    Removing Base.cpp.lpc1768.arm.o(i._ZN4mbed4Base15register_objectEPKc), (28 bytes).
    Removing Base.cpp.lpc1768.arm.o(i._ZN4mbed4Base3rpcEPKcS2_Pc), (152 bytes).
    Removing Base.cpp.lpc1768.arm.o(i._ZN4mbed4Base3rpcEPKcS2_S2_Pc), (336 bytes).
    Removing Base.cpp.lpc1768.arm.o(i._ZN4mbed4Base4nameEv), (4 bytes).
    Removing Base.cpp.lpc1768.arm.o(i._ZN4mbed4Base7opendirEv), (24 bytes).
    Removing Base.cpp.lpc1768.arm.o(i._ZN4mbed4Base8new_nameEPS0_), (32 bytes).
    Removing Base.cpp.lpc1768.arm.o(i._ZN4mbed4BaseC1EPKc), (36 bytes).
    Removing Base.cpp.lpc1768.arm.o(i._ZN4mbed4BaseD0Ev), (52 bytes).
    Removing Base.cpp.lpc1768.arm.o(i._ZN4mbed4BaseD1Ev), (56 bytes).
    Removing Base.cpp.lpc1768.arm.o(.ARM.exidx), (8 bytes).
    Removing Base.cpp.lpc1768.arm.o(.ARM.exidx), (8 bytes).
    Removing Base.cpp.lpc1768.arm.o(.ARM.exidx), (8 bytes).
    Removing Base.cpp.lpc1768.arm.o(.ARM.exidx), (8 bytes).
    Removing Base.cpp.lpc1768.arm.o(.ARM.exidx), (8 bytes).
    Removing Base.cpp.lpc1768.arm.o(.ARM.exidx), (8 bytes).
    Removing Base.cpp.lpc1768.arm.o(.ARM.exidx), (8 bytes).
    Removing Base.cpp.lpc1768.arm.o(.ARM.exidx), (8 bytes).
    Removing Base.cpp.lpc1768.arm.o(.ARM.exidx), (8 bytes).
    Removing Base.cpp.lpc1768.arm.o(.ARM.exidx), (8 bytes).
    Removing Base.cpp.lpc1768.arm.o(.ARM.exidx), (8 bytes).
    Removing Base.cpp.lpc1768.arm.o(.ARM.exidx), (8 bytes).
    Removing Base.cpp.lpc1768.arm.o(.ARM.exidx), (8 bytes).
    Removing Base.cpp.lpc1768.arm.o(.ARM.exidx), (8 bytes).
    Removing Base.cpp.lpc1768.arm.o(.constdata), (24 bytes).
    Removing Base.cpp.lpc1768.arm.o(.conststring), (7 bytes).
    Removing utils_api.c.lpc1768.arm.o(i.mbed_mac_address), (72 bytes).
    Removing utils_api.c.lpc1768.arm.o(i.mbed_reset), (52 bytes).
    Removing utils_api.c.lpc1768.arm.o(i.mbed_uid), (4 bytes).
    Removing semihost_api.c.lpc1768.arm.o(i.semihost_close), (12 bytes).
    Removing semihost_api.c.lpc1768.arm.o(i.semihost_ensure), (12 bytes).
    Removing semihost_api.c.lpc1768.arm.o(i.semihost_flen), (12 bytes).
    Removing semihost_api.c.lpc1768.arm.o(i.semihost_istty), (12 bytes).
    Removing semihost_api.c.lpc1768.arm.o(i.semihost_open), (24 bytes).
    Removing semihost_api.c.lpc1768.arm.o(i.semihost_read), (18 bytes).
    Removing semihost_api.c.lpc1768.arm.o(i.semihost_remove), (22 bytes).
    Removing semihost_api.c.lpc1768.arm.o(i.semihost_rename), (34 bytes).
    Removing semihost_api.c.lpc1768.arm.o(i.semihost_reset), (10 bytes).
    Removing semihost_api.c.lpc1768.arm.o(i.semihost_seek), (16 bytes).
    Removing semihost_api.c.lpc1768.arm.o(i.semihost_uid), (20 bytes).
    Removing semihost_api.c.lpc1768.arm.o(i.semihost_write), (18 bytes).
    Removing gpio_api.c.lpc1768.arm.o(i.gpio_input), (48 bytes).
    Removing gpio_api.c.lpc1768.arm.o(i.gpio_mode), (4 bytes).
    Removing gpio_api.c.lpc1768.arm.o(i.gpio_read), (24 bytes).
    Removing nrk_task.o(.ARM.exidx), (8 bytes).
    Removing stdio.cpp.lpc1768.arm.o(.constdata__ZTVN4mbed8FileLikeE), (60 bytes).
    Removing stdio.cpp.lpc1768.arm.o(i._ZN4mbed10FileHandle4flenEv), (58 bytes).
    Removing stdio.cpp.lpc1768.arm.o(.ARM.exidx), (8 bytes).
    Removing Base.cpp.lpc1768.arm.o(.constdata__ZTVN4mbed4BaseE), (24 bytes).
    Removing Base.cpp.lpc1768.arm.o(t._ZN4mbed17rpc_method_callerINS_4BaseEXadL_ZNS1_11delete_selfEvEEEEvPS1_PKcPc), (40 bytes).
    Removing Base.cpp.lpc1768.arm.o(.ARM.exidx), (8 bytes).
    Removing Base.cpp.lpc1768.arm.o(.constdata__ZTVN4mbed13BaseDirHandleE), (28 bytes).
    Removing Base.cpp.lpc1768.arm.o(.constdata__ZTIN4mbed13BaseDirHandleE), (12 bytes).
    Removing Base.cpp.lpc1768.arm.o(.constdata__ZTIN4mbed9DirHandleE), (8 bytes).
    Removing Base.cpp.lpc1768.arm.o(.constdata__ZTSN4mbed13BaseDirHandleE), (23 bytes).
    Removing Base.cpp.lpc1768.arm.o(.constdata__ZTSN4mbed9DirHandleE), (18 bytes).
    Removing Base.cpp.lpc1768.arm.o(i._ZN4mbed13BaseDirHandle8closedirEv), (10 bytes).
    Removing Base.cpp.lpc1768.arm.o(.ARM.exidx), (8 bytes).
    Removing Base.cpp.lpc1768.arm.o(i._ZN4mbed13BaseDirHandle7readdirEv), (100 bytes).
    Removing Base.cpp.lpc1768.arm.o(.ARM.exidx), (8 bytes).
    Removing Base.cpp.lpc1768.arm.o(i._ZN4mbed13BaseDirHandle7telldirEv), (4 bytes).
    Removing Base.cpp.lpc1768.arm.o(.ARM.exidx), (8 bytes).
    Removing Base.cpp.lpc1768.arm.o(i._ZN4mbed13BaseDirHandle7seekdirEl), (4 bytes).
    Removing Base.cpp.lpc1768.arm.o(.ARM.exidx), (8 bytes).
    Removing Base.cpp.lpc1768.arm.o(i._ZN4mbed13BaseDirHandle9rewinddirEv), (6 bytes).
    Removing Base.cpp.lpc1768.arm.o(.ARM.exidx), (8 bytes).

608 unused section(s) (total 14196 bytes) removed from the image.

==============================================================================

Memory Map of the image

  Image Entry point : 0x00000000

  Load Region LR_IROM1 (Base: 0x00000000, Size: 0x000084b0, Max: 0x00080000, ABSOLUTE)

    Execution Region ER_IROM1 (Base: 0x00000000, Size: 0x00008370, Max: 0x00080000, ABSOLUTE)

    Base Addr    Size         Type   Attr      Idx    E Section Name        Object

    0x00000000   0x000000c4   Data   RO         2894    RESET               startup_LPC17xx.o
    0x000000c4   0x00000008   Code   RO         3013  * !!!main             c_w.l(__main.o)
    0x000000cc   0x00000000   Code   RO         2997    .ARM.Collect$$_printf_percent$$00000000  c_w.l(_printf_percent.o)
    0x000000cc   0x00000006   Code   RO         3855    .ARM.Collect$$_printf_percent$$00000001  c_w.l(_printf_n.o)
    0x000000d2   0x00000006   Code   RO         3856    .ARM.Collect$$_printf_percent$$00000002  c_w.l(_printf_p.o)
    0x000000d8   0x00000006   Code   RO         3860    .ARM.Collect$$_printf_percent$$00000003  c_w.l(_printf_f.o)
    0x000000de   0x00000006   Code   RO         3861    .ARM.Collect$$_printf_percent$$00000004  c_w.l(_printf_e.o)
    0x000000e4   0x00000006   Code   RO         3862    .ARM.Collect$$_printf_percent$$00000005  c_w.l(_printf_g.o)
    0x000000ea   0x00000006   Code   RO         3863    .ARM.Collect$$_printf_percent$$00000006  c_w.l(_printf_a.o)
    0x000000f0   0x0000000a   Code   RO         3867    .ARM.Collect$$_printf_percent$$00000007  c_w.l(_printf_ll.o)
    0x000000fa   0x00000006   Code   RO         3858    .ARM.Collect$$_printf_percent$$00000008  c_w.l(_printf_i.o)
    0x00000100   0x00000006   Code   RO         2996    .ARM.Collect$$_printf_percent$$00000009  c_w.l(_printf_d.o)
    0x00000106   0x00000006   Code   RO         3859    .ARM.Collect$$_printf_percent$$0000000A  c_w.l(_printf_u.o)
    0x0000010c   0x00000006   Code   RO         3857    .ARM.Collect$$_printf_percent$$0000000B  c_w.l(_printf_o.o)
    0x00000112   0x00000006   Code   RO         2995    .ARM.Collect$$_printf_percent$$0000000C  c_w.l(_printf_x.o)
    0x00000118   0x00000006   Code   RO         3864    .ARM.Collect$$_printf_percent$$0000000D  c_w.l(_printf_lli.o)
    0x0000011e   0x00000006   Code   RO         3865    .ARM.Collect$$_printf_percent$$0000000E  c_w.l(_printf_lld.o)
    0x00000124   0x00000006   Code   RO         3866    .ARM.Collect$$_printf_percent$$0000000F  c_w.l(_printf_llu.o)
    0x0000012a   0x00000006   Code   RO         3871    .ARM.Collect$$_printf_percent$$00000010  c_w.l(_printf_llo.o)
    0x00000130   0x00000006   Code   RO         3872    .ARM.Collect$$_printf_percent$$00000011  c_w.l(_printf_llx.o)
    0x00000136   0x0000000a   Code   RO         3868    .ARM.Collect$$_printf_percent$$00000012  c_w.l(_printf_l.o)
    0x00000140   0x00000006   Code   RO         2994    .ARM.Collect$$_printf_percent$$00000013  c_w.l(_printf_c.o)
    0x00000146   0x00000006   Code   RO         3854    .ARM.Collect$$_printf_percent$$00000014  c_w.l(_printf_s.o)
    0x0000014c   0x00000006   Code   RO         3869    .ARM.Collect$$_printf_percent$$00000015  c_w.l(_printf_lc.o)
    0x00000152   0x00000006   Code   RO         3870    .ARM.Collect$$_printf_percent$$00000016  c_w.l(_printf_ls.o)
    0x00000158   0x00000004   Code   RO         3050    .ARM.Collect$$_printf_percent$$00000017  c_w.l(_printf_percent_end.o)
    0x0000015c   0x00000002   Code   RO         3498    .ARM.Collect$$libinit$$00000000  c_w.l(libinit.o)
    0x0000015e   0x00000000   Code   RO         3062    .ARM.Collect$$libinit$$00000002  c_w.l(libinit2.o)
    0x0000015e   0x00000008   Code   RO         3063    .ARM.Collect$$libinit$$00000003  c_w.l(libinit2.o)
    0x00000166   0x00000000   Code   RO         3065    .ARM.Collect$$libinit$$00000008  c_w.l(libinit2.o)
    0x00000166   0x00000000   Code   RO         3067    .ARM.Collect$$libinit$$0000000A  c_w.l(libinit2.o)
    0x00000166   0x00000004   Code   RO         3068    .ARM.Collect$$libinit$$0000000B  c_w.l(libinit2.o)
    0x0000016a   0x00000000   Code   RO         3069    .ARM.Collect$$libinit$$0000000C  c_w.l(libinit2.o)
    0x0000016a   0x00000006   Code   RO         3070    .ARM.Collect$$libinit$$0000000D  c_w.l(libinit2.o)
    0x00000170   0x00000000   Code   RO         3072    .ARM.Collect$$libinit$$0000000F  c_w.l(libinit2.o)
    0x00000170   0x0000000c   Code   RO         3073    .ARM.Collect$$libinit$$00000010  c_w.l(libinit2.o)
    0x0000017c   0x00000000   Code   RO         3074    .ARM.Collect$$libinit$$00000011  c_w.l(libinit2.o)
    0x0000017c   0x00000000   Code   RO         3076    .ARM.Collect$$libinit$$00000013  c_w.l(libinit2.o)
    0x0000017c   0x0000000a   Code   RO         3077    .ARM.Collect$$libinit$$00000014  c_w.l(libinit2.o)
    0x00000186   0x00000000   Code   RO         3078    .ARM.Collect$$libinit$$00000015  c_w.l(libinit2.o)
    0x00000186   0x00000000   Code   RO         3080    .ARM.Collect$$libinit$$00000017  c_w.l(libinit2.o)
    0x00000186   0x00000000   Code   RO         3082    .ARM.Collect$$libinit$$00000019  c_w.l(libinit2.o)
    0x00000186   0x00000000   Code   RO         3084    .ARM.Collect$$libinit$$0000001B  c_w.l(libinit2.o)
    0x00000186   0x00000000   Code   RO         3086    .ARM.Collect$$libinit$$0000001D  c_w.l(libinit2.o)
    0x00000186   0x00000000   Code   RO         3088    .ARM.Collect$$libinit$$0000001F  c_w.l(libinit2.o)
    0x00000186   0x00000000   Code   RO         3090    .ARM.Collect$$libinit$$00000021  c_w.l(libinit2.o)
    0x00000186   0x00000004   Code   RO         3091    .ARM.Collect$$libinit$$00000022  c_w.l(libinit2.o)
    0x0000018a   0x00000000   Code   RO         3092    .ARM.Collect$$libinit$$00000023  c_w.l(libinit2.o)
    0x0000018a   0x00000000   Code   RO         3096    .ARM.Collect$$libinit$$0000002A  c_w.l(libinit2.o)
    0x0000018a   0x00000000   Code   RO         3098    .ARM.Collect$$libinit$$0000002C  c_w.l(libinit2.o)
    0x0000018a   0x00000000   Code   RO         3100    .ARM.Collect$$libinit$$0000002E  c_w.l(libinit2.o)
    0x0000018a   0x00000000   Code   RO         3102    .ARM.Collect$$libinit$$00000030  c_w.l(libinit2.o)
    0x0000018a   0x00000002   Code   RO         3103    .ARM.Collect$$libinit$$00000031  c_w.l(libinit2.o)
    0x0000018c   0x00000000   Code   RO         3313    .ARM.Collect$$libshutdown$$00000003  c_w.l(libshutdown2.o)
    0x0000018c   0x00000000   Code   RO         3035    .ARM.Collect$$rtentry$$00000000  c_w.l(rtentry.o)
    0x0000018c   0x00000000   Code   RO         3212    .ARM.Collect$$rtentry$$00000002  c_w.l(rtentry2.o)
    0x0000018c   0x00000006   Code   RO         3224    .ARM.Collect$$rtentry$$00000004  c_w.l(rtentry4.o)
    0x00000192   0x00000000   Code   RO         3214    .ARM.Collect$$rtentry$$00000009  c_w.l(rtentry2.o)
    0x00000192   0x00000004   Code   RO         3215    .ARM.Collect$$rtentry$$0000000A  c_w.l(rtentry2.o)
    0x00000196   0x00000000   Code   RO         3217    .ARM.Collect$$rtentry$$0000000C  c_w.l(rtentry2.o)
    0x00000196   0x00000008   Code   RO         3218    .ARM.Collect$$rtentry$$0000000D  c_w.l(rtentry2.o)
    0x0000019e   0x00000002   PAD
    0x000001a0   0x00000034   Code   RO         3006    .emb_text           c_w.l(rand.o)
    0x000001d4   0x00000000   Code   RO         3684    .emb_text           c_w.l(maybetermalloc1.o)
    0x000001d4   0x00000078   Code   RO         1431    .text               my_asm.o
    0x0000024c   0x00000024   Code   RO         2896    .text               startup_LPC17xx.o
    0x00000270   0x00000018   Code   RO         2939    .text               c_w.l(__2printf.o)
    0x00000288   0x0000002c   Code   RO         2941    .text               c_w.l(__2sprintf.o)
    0x000002b4   0x0000003c   Code   RO         3007    .text               c_w.l(rand.o)
    0x000002f0   0x0000000a   Code   RO         3044    .text               c_w.l(_sputc.o)
    0x000002fa   0x00000002   Code   RO         3818    .text               c_w.l(use_no_semi.o)
    0x000002fc   0x00000004   Code   RO         2895    .ARM.__at_0x02FC    startup_LPC17xx.o
    0x00000300   0x000000ee   Code   RO         2937    .text               c_w.l(lludivv7m.o)
    0x000003ee   0x00000052   Code   RO         2949    .text               c_w.l(_printf_str.o)
    0x00000440   0x00000078   Code   RO         2951    .text               c_w.l(_printf_dec.o)
    0x000004b8   0x0000009c   Code   RO         2971    .text               c_w.l(_printf_hex_int_ll_ptr.o)
    0x00000554   0x0000018c   Code   RO         2991    .text               c_w.l(__printf_flags_ss_wp.o)
    0x000006e0   0x0000003e   Code   RO         3011    .text               c_w.l(strlen.o)
    0x0000071e   0x000000b8   Code   RO         3040    .text               c_w.l(_printf_intcommon.o)
    0x000007d6   0x00000002   PAD
    0x000007d8   0x00000030   Code   RO         3042    .text               c_w.l(_printf_char_common.o)
    0x00000808   0x0000002c   Code   RO         3046    .text               c_w.l(_printf_char.o)
    0x00000834   0x00000024   Code   RO         3048    .text               c_w.l(_printf_char_file.o)
    0x00000858   0x00000138   Code   RO         3055    .text               c_w.l(initio.o)
    0x00000990   0x0000004e   Code   RO         3230    .text               c_w.l(h1_free.o)
    0x000009de   0x00000008   Code   RO         3286    .text               c_w.l(ferror.o)
    0x000009e6   0x000001de   Code   RO         3288    .text               c_w.l(flsbuf.o)
    0x00000bc4   0x00000046   Code   RO         3290    .text               c_w.l(setvbuf.o)
    0x00000c0a   0x00000002   PAD
    0x00000c0c   0x000000ec   Code   RO         3293    .text               c_w.l(fopen.o)
    0x00000cf8   0x0000004c   Code   RO         3295    .text               c_w.l(fclose.o)
    0x00000d44   0x0000000e   Code   RO         3303    .text               c_w.l(defsig_rtred_outer.o)
    0x00000d52   0x0000004e   Code   RO         3307    .text               c_w.l(rt_memclr_w.o)
    0x00000da0   0x00000008   Code   RO         3436    .text               c_w.l(rt_heap_descriptor.o)
    0x00000da8   0x00000004   Code   RO         3441    .text               c_w.l(hguard.o)
    0x00000dac   0x0000008a   Code   RO         3443    .text               c_w.l(init_alloc.o)
    0x00000e36   0x0000005e   Code   RO         3449    .text               c_w.l(h1_alloc.o)
    0x00000e94   0x0000003c   Code   RO         3465    .text               c_w.l(sscanf.o)
    0x00000ed0   0x000000f8   Code   RO         3467    .text               c_w.l(fseek.o)
    0x00000fc8   0x000000f0   Code   RO         3469    .text               c_w.l(stdio.o)
    0x000010b8   0x0000000a   Code   RO         3475    .text               c_w.l(defsig_exit.o)
    0x000010c2   0x00000002   PAD
    0x000010c4   0x00000034   Code   RO         3481    .text               c_w.l(defsig_rtred_inner.o)
    0x000010f8   0x00000018   Code   RO         3483    .text               c_w.l(assert_stdio.o)
    0x00001110   0x00000080   Code   RO         3487    .text               c_w.l(strcmpv7m.o)
    0x00001190   0x0000000c   Code   RO         3677    .text               c_w.l(sys_exit.o)
    0x0000119c   0x0000000e   Code   RO         3686    .text               c_w.l(h1_init.o)
    0x000011aa   0x00000034   Code   RO         3688    .text               c_w.l(h1_extend.o)
    0x000011de   0x00000014   Code   RO         3694    .text               c_w.l(fprintf.o)
    0x000011f2   0x00000002   PAD
    0x000011f4   0x0000002c   Code   RO         3696    .text               c_w.l(sprintf.o)
    0x00001220   0x00000156   Code   RO         3698    .text               c_w.l(_scanf_longlong.o)
    0x00001376   0x00000150   Code   RO         3700    .text               c_w.l(_scanf_int.o)
    0x000014c6   0x000000da   Code   RO         3702    .text               c_w.l(_scanf_str.o)
    0x000015a0   0x0000002c   Code   RO         3704    .text               c_w.l(scanf_char.o)
    0x000015cc   0x00000040   Code   RO         3706    .text               c_w.l(_sgetc.o)
    0x0000160c   0x00000110   Code   RO         3708    .text               c_w.l(_scanf_mbtowc.o)
    0x0000171c   0x000000e2   Code   RO         3710    .text               c_w.l(_scanf_wctomb.o)
    0x000017fe   0x000000ca   Code   RO         3712    .text               c_w.l(_scanf_wstr.o)
    0x000018c8   0x00000064   Code   RO         3714    .text               c_w.l(fflush.o)
    0x0000192c   0x00000022   Code   RO         3716    .text               c_w.l(fputs.o)
    0x0000194e   0x00000046   Code   RO         3718    .text               c_w.l(ftell.o)
    0x00001994   0x00000032   Code   RO         3726    .text               c_w.l(defsig_general.o)
    0x000019c6   0x0000000e   Code   RO         3730    .text               c_w.l(defsig_rtmem_outer.o)
    0x000019d4   0x0000007c   Code   RO         3738    .text               c_w.l(assert.o)
    0x00001a50   0x00000096   Code   RO         3740    .text               c_w.l(strncmp.o)
    0x00001ae6   0x00000002   PAD
    0x00001ae8   0x00000050   Code   RO         3746    .text               c_w.l(heapauxa.o)
    0x00001b38   0x00000004   Code   RO         3766    .text               cpprt_w.l(arm_bad_typeid_noexceptions.o)
    0x00001b3c   0x0000000e   Code   RO         3816    .text               c_w.l(sys_wrch.o)
    0x00001b4a   0x00000000   Code   RO         3820    .text               c_w.l(indicate_semi.o)
    0x00001b4a   0x00000002   PAD
    0x00001b4c   0x00000008   Code   RO         3826    .text               c_w.l(rt_errno_addr.o)
    0x00001b54   0x00000016   Code   RO         3833    .text               c_w.l(_rserrno.o)
    0x00001b6a   0x00000012   Code   RO         3835    .text               c_w.l(isspace.o)
    0x00001b7c   0x00000052   Code   RO         3837    .text               c_w.l(_printf_pad.o)
    0x00001bce   0x00000024   Code   RO         3839    .text               c_w.l(_printf_truncate.o)
    0x00001bf2   0x0000002a   Code   RO         3841    .text               c_w.l(_printf_charcount.o)
    0x00001c1c   0x000000bc   Code   RO         3843    .text               c_w.l(_printf_wctomb.o)
    0x00001cd8   0x00000078   Code   RO         3846    .text               c_w.l(_printf_longlong_dec.o)
    0x00001d50   0x00000078   Code   RO         3852    .text               c_w.l(_printf_oct_int_ll.o)
    0x00001dc8   0x0000001c   Code   RO         3873    .text               c_w.l(_chval.o)
    0x00001de4   0x00000370   Code   RO         3875    .text               c_w.l(_scanf.o)
    0x00002154   0x000004a4   Code   RO         3877    .text               c_w.l(scanf_fp.o)
    0x000025f8   0x0000001e   Code   RO         3879    .text               c_w.l(_scanf_wcharmap.o)
    0x00002616   0x0000003c   Code   RO         3881    .text               c_w.l(_mbrtowc.o)
    0x00002652   0x00000040   Code   RO         3883    .text               c_w.l(_wcrtomb.o)
    0x00002692   0x00000010   Code   RO         3885    .text               c_w.l(abort.o)
    0x000026a2   0x00000002   PAD
    0x000026a4   0x00000050   Code   RO         3887    .text               c_w.l(defsig_rtmem_inner.o)
    0x000026f4   0x0000001a   Code   RO         3902    .text               cpprt_w.l(arm_exceptions_terminate.o)
    0x0000270e   0x00000002   PAD
    0x00002710   0x00000010   Code   RO         3935    .text               c_w.l(rt_ctype_table.o)
    0x00002720   0x00000008   Code   RO         3937    .text               c_w.l(rt_locale.o)
    0x00002728   0x0000008a   Code   RO         3946    .text               c_w.l(lludiv10.o)
    0x000027b2   0x00000420   Code   RO         3948    .text               c_w.l(_printf_fp_dec.o)
    0x00002bd2   0x00000002   PAD
    0x00002bd4   0x00000300   Code   RO         3950    .text               c_w.l(_printf_fp_hex.o)
    0x00002ed4   0x0000002c   Code   RO         3953    .text               c_w.l(_printf_wchar.o)
    0x00002f00   0x000000e4   Code   RO         3955    .text               c_w.l(bigflt0.o)
    0x00002fe4   0x00000030   Code   RO         3983    .text               c_w.l(defsig_abrt_inner.o)
    0x00003014   0x0000000e   Code   RO         3985    .text               c_w.l(defsig_abrt_outer.o)
    0x00003022   0x00000002   PAD
    0x00003024   0x00000050   Code   RO         4003    .text               cpprt_w.l(arm_exceptions_globs.o)
    0x00003074   0x00000008   Code   RO         4036    .text               c_w.l(rt_eh_globals_addr.o)
    0x0000307c   0x00000080   Code   RO         4041    .text               c_w.l(_printf_fp_infnan.o)
    0x000030fc   0x00000314   Code   RO         4043    .text               c_w.l(scanf_hexfp.o)
    0x00003410   0x0000013c   Code   RO         4045    .text               c_w.l(scanf_infnan.o)
    0x0000354c   0x0000003c   Code   RO         4052    .text               cpprt_w.l(arm_exceptions_mem.o)
    0x00003588   0x00000026   Code   RO         4072    .text               c_w.l(llshl.o)
    0x000035ae   0x0000003e   Code   RO         3958    CL$$btod_d2e        c_w.l(btod.o)
    0x000035ec   0x00000046   Code   RO         3960    CL$$btod_d2e_denorm_low  c_w.l(btod.o)
    0x00003632   0x00000060   Code   RO         3959    CL$$btod_d2e_norm_op1  c_w.l(btod.o)
    0x00003692   0x00000338   Code   RO         3968    CL$$btod_div_common  c_w.l(btod.o)
    0x000039ca   0x00000002   PAD
    0x000039cc   0x00000054   Code   RO         3966    CL$$btod_e2d        c_w.l(btod.o)
    0x00003a20   0x000000c6   Code   RO         3965    CL$$btod_e2e        c_w.l(btod.o)
    0x00003ae6   0x00000028   Code   RO         3962    CL$$btod_ediv       c_w.l(btod.o)
    0x00003b0e   0x00000028   Code   RO         3964    CL$$btod_edivd      c_w.l(btod.o)
    0x00003b36   0x00000028   Code   RO         3961    CL$$btod_emul       c_w.l(btod.o)
    0x00003b5e   0x00000028   Code   RO         3963    CL$$btod_emuld      c_w.l(btod.o)
    0x00003b86   0x00000244   Code   RO         3967    CL$$btod_mult_common  c_w.l(btod.o)
    0x00003dca   0x00000002   PAD
    0x00003dcc   0x0000003c   Code   RO         1867    i.EINT3_IRQHandler  basic_rf.o
    0x00003e08   0x00000078   Code   RO         2899    i.SystemInit        system_LPC17xx.o
    0x00003e80   0x0000001c   Code   RO          289    i.TIMER0_IRQHandler  nrk_timer.o
    0x00003e9c   0x00000018   Code   RO          290    i.TIMER1_IRQHandler  nrk_timer.o
    0x00003eb4   0x0000001c   Code   RO         2140    i._Z10mrf_cs_seth   mrf24j40.o
    0x00003ed0   0x00000050   Code   RO         2289    i._Z10rtl_tx_pktPchh  rt_link.o
    0x00003f20   0x00000020   Code   RO         1149    i._Z11GPIO_SetDirhjh  ulib.o
    0x00003f40   0x0000000c   Code   RO          945    i._Z11nrk_get_pidv  nrk_task.o
    0x00003f4c   0x00000002   Code   RO         1151    i._Z11nrk_kprintfPKc  ulib.o
    0x00003f4e   0x0000002c   Code   RO         1152    i._Z11nrk_led_clri  ulib.o
    0x00003f7a   0x0000002c   Code   RO         1153    i._Z11nrk_led_seti  ulib.o
    0x00003fa6   0x00000002   PAD
    0x00003fa8   0x00000230   Code   RO         2290    i._Z11rtl_nw_taskv  rt_link.o
    0x000041d8   0x00000028   Code   RO         1154    i._Z11set_PinFunchhh  ulib.o
    0x00004200   0x000001c8   Code   RO         2291    i._Z12_rtl_rx_syncv  rt_link.o
    0x000043c8   0x00000028   Code   RO         2141    i._Z12mrf_set_addrt  mrf24j40.o
    0x000043f0   0x000000b4   Code   RO         2142    i._Z12mrf_spi_inithhi  mrf24j40.o
    0x000044a4   0x00000184   Code   RO          489    i._Z12nrk_TCB_initP9task_typePjS1_tPvt  nrk.o
    0x00004628   0x00000042   Code   RO         1157    i._Z12nrk_gpio_clrj  ulib.o
    0x0000466a   0x00000042   Code   RO         1159    i._Z12nrk_gpio_setj  ulib.o
    0x000046ac   0x00000044   Code   RO         1066    i._Z12nrk_time_getP10nrk_time_t  nrk_time.o
    0x000046f0   0x0000000c   Code   RO         1067    i._Z12nrk_time_setjj  nrk_time.o
    0x000046fc   0x00000018   Code   RO         1871    i._Z12rf_rx_packetv  basic_rf.o
    0x00004714   0x00000048   Code   RO         1160    i._Z12setupSPIPinsv  ulib.o
    0x0000475c   0x00000046   Code   RO         3505    i._Z12tbc_downcastPvPKSt9type_infoP28a_base_class_traversal_blockPN10__cxxabiv122__base_class_type_infoE  cpprt_w.l(rtti.o)
    0x000047a2   0x00000014   Code   RO         1161    i._Z13GPIO_SetValuehj  ulib.o
    0x000047b6   0x00000002   PAD
    0x000047b8   0x0000005c   Code   RO         2144    i._Z13mrf_gpio_initv  mrf24j40.o
    0x00004814   0x0000004c   Code   RO         2145    i._Z13mrf_read_longt  mrf24j40.o
    0x00004860   0x0000001c   Code   RO         2146    i._Z13mrf_reset_seth  mrf24j40.o
    0x0000487c   0x00000030   Code   RO         2147    i._Z13mrf_set_panidt  mrf24j40.o
    0x000048ac   0x0000001c   Code   RO         2148    i._Z13mrf_spi_writet  mrf24j40.o
    0x000048c8   0x00000018   Code   RO          671    i._Z13nrk_error_addh  nrk_error.o
    0x000048e0   0x00000020   Code   RO          868    i._Z13nrk_idle_taskv  nrk_idle_task.o
    0x00004900   0x00000018   Code   RO          291    i._Z14NVIC_EnableIRQ4IRQn  nrk_timer.o
    0x00004918   0x0000000c   Code   RO          673    i._Z14_nrk_errno_seth  nrk_error.o
    0x00004924   0x00000294   Code   RO          887    i._Z14_nrk_schedulerv  nrk_scheduler.o
    0x00004bb8   0x0000003e   Code   RO         2150    i._Z14mrf_read_shorth  mrf24j40.o
    0x00004bf6   0x00000050   Code   RO         2151    i._Z14mrf_write_longth  mrf24j40.o
    0x00004c46   0x00000002   PAD
    0x00004c48   0x0000003c   Code   RO          764    i._Z14nrk_event_waitj  nrk_events.o
    0x00004c84   0x00000004   Code   RO          490    i._Z14nrk_int_enablev  nrk.o
    0x00004c88   0x00000002   Code   RO         1570    i._Z14rf_rx_callbackP10RF_RX_INFO  bmac.o
    0x00004c8a   0x00000028   Code   RO         1877    i._Z14rf_set_channelh  basic_rf.o
    0x00004cb2   0x00000002   PAD
    0x00004cb4   0x00000034   Code   RO         2294    i._Z14rtl_rx_pkt_getPhPaS_  rt_link.o
    0x00004ce8   0x00000046   Code   RO         1167    i._Z14setup_uartPinsv  ulib.o
    0x00004d2e   0x00000014   Code   RO         1168    i._Z15GPIO_ClearValuehj  ulib.o
    0x00004d42   0x00000002   PAD
    0x00004d44   0x00000034   Code   RO         1169    i._Z15GPIO_GetPointerh  ulib.o
    0x00004d78   0x00000040   Code   RO         2152    i._Z15mrf_write_shorthh  mrf24j40.o
    0x00004db8   0x00000004   Code   RO          491    i._Z15nrk_int_disablev  nrk.o
    0x00004dbc   0x00000004   Code   RO         1171    i._Z15nrk_setup_portsv  ulib.o
    0x00004dc0   0x00000002   Code   RO          913    i._Z15nrk_stack_checkv  nrk_stack_check.o
    0x00004dc2   0x00000002   PAD
    0x00004dc4   0x0000001c   Code   RO         1878    i._Z15rf_rx_check_ccav  basic_rf.o
    0x00004de0   0x00000004   Code   RO         1879    i._Z15rf_rx_check_sfdv  basic_rf.o
    0x00004de4   0x00000048   Code   RO         2298    i._Z15rtl_task_configv  rt_link.o
    0x00004e2c   0x00000026   Code   RO         1172    i._Z16PINSEL_ConfigPinP15PINSEL_CFG_Type  ulib.o
    0x00004e52   0x00000002   PAD
    0x00004e54   0x00000098   Code   RO          292    i._Z16_nrk_setup_timerv  nrk_timer.o
    0x00004eec   0x00000034   Code   RO         2153    i._Z16mrf_gpioint_initv  mrf24j40.o
    0x00004f20   0x00000002   Code   RO            1    i._Z16nrk_battery_savev  nrk_cpu.o
    0x00004f22   0x00000002   PAD
    0x00004f24   0x00000088   Code   RO          767    i._Z16nrk_event_signala  nrk_events.o
    0x00004fac   0x00000004   Code   RO          293    i._Z16nrk_spin_wait_usj  nrk_timer.o
    0x00004fb0   0x0000000a   Code   RO            2    i._Z16nrk_target_startv  nrk_cpu.o
    0x00004fba   0x0000001e   Code   RO            3    i._Z16nrk_task_set_stkP9task_typePjt  nrk_cpu.o
    0x00004fd8   0x00000028   Code   RO         1882    i._Z16rf_polling_rx_onv  basic_rf.o
    0x00005000   0x00000024   Code   RO         2301    i._Z16rtl_get_scheduleh  rt_link.o
    0x00005024   0x0000000c   Code   RO         2302    i._Z16rtl_rx_pkt_checkv  rt_link.o
    0x00005030   0x0000004c   Code   RO         2303    i._Z16rtl_set_schedule11rtl_rx_tx_thh  rt_link.o
    0x0000507c   0x00000028   Code   RO         2305    i._Z16rtl_tx_pkt_checkh  rt_link.o
    0x000050a4   0x00000028   Code   RO         1174    i._Z16set_ResistorModehhh  ulib.o
    0x000050cc   0x0000000a   Code   RO          294    i._Z17_nrk_os_timer_getv  nrk_timer.o
    0x000050d6   0x00000002   Code   RO          295    i._Z17_nrk_os_timer_seth  nrk_timer.o
    0x000050d8   0x00000074   Code   RO          949    i._Z17nrk_activate_taskP9task_type  nrk_task.o
    0x0000514c   0x000000b8   Code   RO          950    i._Z17nrk_add_to_readyQa  nrk_task.o
    0x00005204   0x00000030   Code   RO          768    i._Z17nrk_signal_createv  nrk_events.o
    0x00005234   0x00000080   Code   RO            4    i._Z17nrk_task_stk_initPFvvEPjS1_  nrk_cpu.o
    0x000052b4   0x00000044   Code   RO          951    i._Z17nrk_wait_until_nwv  nrk_task.o
    0x000052f8   0x00000128   Code   RO         1887    i._Z17rf_tx_tdma_packetP10RF_TX_INFOtt  basic_rf.o
    0x00005420   0x00000024   Code   RO         1176    i._Z17set_OpenDrainModehhh  ulib.o
    0x00005444   0x00000016   Code   RO         3506    i._Z17tbc_post_downcastPvPKSt9type_infoP28a_base_class_traversal_blockPN10__cxxabiv122__base_class_type_infoE  cpprt_w.l(rtti.o)
    0x0000545a   0x00000002   Code   RO          296    i._Z18_nrk_os_timer_stopv  nrk_timer.o
    0x0000545c   0x00000040   Code   RO         1070    i._Z18_nrk_time_to_ticksP10nrk_time_t  nrk_time.o
    0x0000549c   0x0000005c   Code   RO         2858    i._Z18nrk_create_tasksetv  main.o
    0x000054f8   0x00000020   Code   RO         1888    i._Z18rf_auto_ack_enablev  basic_rf.o
    0x00005518   0x000000b0   Code   RO         1889    i._Z18rf_parse_rx_packetv  basic_rf.o
    0x000055c8   0x0000000c   Code   RO         2307    i._Z18rtl_rx_pkt_releasev  rt_link.o
    0x000055d4   0x0000003c   Code   RO         2308    i._Z18rtl_set_abs_wakeupth  rt_link.o
    0x00005610   0x00000010   Code   RO          299    i._Z19_nrk_os_timer_resetv  nrk_timer.o
    0x00005620   0x0000000e   Code   RO          300    i._Z19_nrk_os_timer_startv  nrk_timer.o
    0x0000562e   0x00000002   PAD
    0x00005630   0x00000028   Code   RO         2310    i._Z19_rtl_clr_abs_wakeupt  rt_link.o
    0x00005658   0x00000054   Code   RO          953    i._Z19nrk_rem_from_readyQa  nrk_task.o
    0x000056ac   0x00000028   Code   RO          770    i._Z19nrk_signal_registera  nrk_events.o
    0x000056d4   0x0000000c   Code   RO          303    i._Z20_nrk_get_next_wakeupv  nrk_timer.o
    0x000056e0   0x0000000a   Code   RO          304    i._Z20_nrk_set_next_wakeuph  nrk_timer.o
    0x000056ea   0x00000002   PAD
    0x000056ec   0x0000000c   Code   RO          675    i._Z20nrk_kernel_error_addhh  nrk_error.o
    0x000056f8   0x00000044   Code   RO          955    i._Z20nrk_wait_until_tickst  nrk_task.o
    0x0000573c   0x00000004   Code   RO         1894    i._Z20rf_polling_rx_packetv  basic_rf.o
    0x00005740   0x00000038   Code   RO         2315    i._Z21_rtl_match_abs_wakeupt  rt_link.o
    0x00005778   0x00000018   Code   RO         2319    i._Z21rtl_rx_pkt_set_bufferPch  rt_link.o
    0x00005790   0x000000a8   Code   RO         3507    i._Z21traverse_base_classesPvPKSt9type_infoP28a_base_class_traversal_blockPN10__cxxabiv122__base_class_type_infoE  cpprt_w.l(rtti.o)
    0x00005838   0x00000018   Code   RO         2322    i._Z22_rtl_clear_sched_cachev  rt_link.o
    0x00005850   0x00000078   Code   RO            5    i._Z22nrk_stack_pointer_initv  nrk_cpu.o
    0x000058c8   0x00000014   Code   RO         1053    i._Z23_nrk_wait_for_schedulerv  nrk_task.o
    0x000058dc   0x0000001c   Code   RO         2327    i._Z23_rtl_clr_abs_all_wakeupv  rt_link.o
    0x000058f8   0x000000c0   Code   RO         3508    i._Z23find_base_class_at_addrPvS_PKSt9type_infoS2_Pi  cpprt_w.l(rtti.o)
    0x000059b8   0x00000030   Code   RO         2330    i._Z23rtl_wait_until_rx_or_txv  rt_link.o
    0x000059e8   0x00000040   Code   RO         2331    i._Z24_rtl_get_next_abs_wakeupt  rt_link.o
    0x00005a28   0x00000014   Code   RO          306    i._Z25_nrk_high_speed_timer_getv  nrk_timer.o
    0x00005a3c   0x00000032   Code   RO          307    i._Z25nrk_high_speed_timer_waittt  nrk_timer.o
    0x00005a6e   0x00000002   PAD
    0x00005a70   0x00000070   Code   RO            6    i._Z25nrk_stack_pointer_restorev  nrk_cpu.o
    0x00005ae0   0x0000000c   Code   RO          956    i._Z26nrk_get_high_ready_task_IDv  nrk_task.o
    0x00005aec   0x00000044   Code   RO          957    i._Z26nrk_wait_until_next_periodv  nrk_task.o
    0x00005b30   0x00000018   Code   RO          309    i._Z27_nrk_high_speed_timer_resetv  nrk_timer.o
    0x00005b48   0x00000002   Code   RO          310    i._Z27_nrk_high_speed_timer_startv  nrk_timer.o
    0x00005b4a   0x00000004   Code   RO            7    i._Z27nrk_task_set_entry_functionP9task_typePFvvE  nrk_cpu.o
    0x00005b4e   0x00000002   PAD
    0x00005b50   0x000001ec   Code   RO         3509    i._Z28derived_to_base_conversion_rPvPS_PKSt9type_infoS3_jPiiPS3_P19a_result_virtualityS4_  cpprt_w.l(rtti.o)
    0x00005d3c   0x0000004c   Code   RO          958    i._Z29nrk_wait_until_next_n_periodst  nrk_task.o
    0x00005d88   0x0000006c   Code   RO         2336    i._Z31rtl_get_slots_until_next_wakeupt  rt_link.o
    0x00005df4   0x00000178   Code   RO         2859    i._Z5Task1v         main.o
    0x00005f6c   0x000000e0   Code   RO         2337    i._Z7_rtl_rxh       rt_link.o
    0x0000604c   0x000000b4   Code   RO         2338    i._Z7_rtl_txh       rt_link.o
    0x00006100   0x00000002   Code   RO         1127    i._Z7halWaitt       hal_wait.o
    0x00006102   0x00000002   PAD
    0x00006104   0x000000a0   Code   RO         1186    i._Z7initLEDv       ulib.o
    0x000061a4   0x00000050   Code   RO         1901    i._Z7rf_initP10RF_RX_INFOhtt  basic_rf.o
    0x000061f4   0x0000001c   Code   RO         2339    i._Z8_rtl_powhh     rt_link.o
    0x00006210   0x00000020   Code   RO         2154    i._Z8mrf_initv      mrf24j40.o
    0x00006230   0x0000002a   Code   RO         2155    i._Z8mrf_rssiv      mrf24j40.o
    0x0000625a   0x00000002   PAD
    0x0000625c   0x000000ac   Code   RO          493    i._Z8nrk_initv      nrk.o
    0x00006308   0x0000001c   Code   RO         1902    i._Z8rf_rx_onv      basic_rf.o
    0x00006324   0x00000178   Code   RO         2340    i._Z8rtl_init15rtl_node_mode_t  rt_link.o
    0x0000649c   0x00000016   Code   RO         1187    i._Z9PORT_INITv     ulib.o
    0x000064b2   0x00000002   PAD
    0x000064b4   0x0000009c   Code   RO         1189    i._Z9initDEBUGv     ulib.o
    0x00006550   0x000000de   Code   RO         2157    i._Z9mrf_resetv     mrf24j40.o
    0x0000662e   0x00000002   PAD
    0x00006630   0x00000088   Code   RO          494    i._Z9nrk_startv     nrk.o
    0x000066b8   0x0000001c   Code   RO         1903    i._Z9rf_rx_offv     basic_rf.o
    0x000066d4   0x00000030   Code   RO         1904    i._Z9rf_set_rxP10RF_RX_INFOh  basic_rf.o
    0x00006704   0x00000014   Code   RO         2342    i._Z9rtl_readyv     rt_link.o
    0x00006718   0x00000044   Code   RO         2343    i._Z9rtl_startv     rt_link.o
    0x0000675c   0x00000030   Code   RO         3359    i._ZN4mbed4Base5clearEPKcPc  mbed.ar(Base.cpp.lpc1768.arm.o)
    0x0000678c   0x00000038   Code   RO         3360    i._ZN4mbed4Base6lookupEPKcj  mbed.ar(Base.cpp.lpc1768.arm.o)
    0x000067c4   0x00000040   Code   RO         3363    i._ZN4mbed4Base9list_objsEPKcPc  mbed.ar(Base.cpp.lpc1768.arm.o)
    0x00006804   0x00000020   Code   RO         3779    i._ZNKSt9type_infoeqERKS_  cpprt_w.l(type_info_eq.o)
    0x00006824   0x00000008   Code   RO         3755    i._ZdaPv            cpprt_w.l(array_del.o)
    0x0000682c   0x00000008   Code   RO         3499    i._ZdlPv            cpprt_w.l(delete.o)
    0x00006834   0x00000020   Code   RO         3530    i.__ARM_common_get_typeid  cpprt_w.l(rtti.o)
    0x00006854   0x00000028   Code   RO         4066    i.__ARM_fpclassify  m_ws.l(fpclassify.o)
    0x0000687c   0x00000070   Code   RO         3510    i.__derived_to_base_conversion  cpprt_w.l(rtti.o)
    0x000068ec   0x000000b0   Code   RO         3511    i.__dynamic_cast    cpprt_w.l(rtti.o)
    0x0000699c   0x00000010   Code   RO         4096    i.__mathlib_dbl_underflow  m_ws.l(dunder.o)
    0x000069ac   0x0000000a   Code   RO         3933    i.__mathlib_flt_underflow  m_ws.l(funder.o)
    0x000069b6   0x00000010   Code   RO         4030    i.__mathlib_narrow  m_ws.l(narrow.o)
    0x000069c6   0x00000002   PAD
    0x000069c8   0x00000088   Code   RO         4031    i.__mathlib_tofloat  m_ws.l(narrow.o)
    0x00006a50   0x00000016   Code   RO         4083    i.__support_ldexp   m_ws.l(ldexp.o)
    0x00006a66   0x00000002   PAD
    0x00006a68   0x0000000c   Code   RO         2903    i.__user_setup_stackheap  stackheap.o
    0x00006a74   0x0000000e   Code   RO         2984    i._is_digit         c_w.l(__printf_wp.o)
    0x00006a82   0x00000004   Code   RO          495    i._nrk_timer_tick   nrk.o
    0x00006a86   0x00000002   PAD
    0x00006a88   0x0000002c   Code   RO         3115    i._sys_close        mbed.ar(stdio.cpp.lpc1768.arm.o)
    0x00006ab4   0x00000028   Code   RO         3118    i._sys_flen         mbed.ar(stdio.cpp.lpc1768.arm.o)
    0x00006adc   0x00000028   Code   RO         3119    i._sys_istty        mbed.ar(stdio.cpp.lpc1768.arm.o)
    0x00006b04   0x00000184   Code   RO         3120    i._sys_open         mbed.ar(stdio.cpp.lpc1768.arm.o)
    0x00006c88   0x0000002c   Code   RO         3122    i._sys_seek         mbed.ar(stdio.cpp.lpc1768.arm.o)
    0x00006cb4   0x00000054   Code   RO         3123    i._sys_write        mbed.ar(stdio.cpp.lpc1768.arm.o)
    0x00006d08   0x00000016   Code   RO         3351    i.exit              capi.ar(exit.c.lpc1768.arm.o)
    0x00006d1e   0x0000001a   Code   RO         3052    i.fputc             c_w.l(fputc.o)
    0x00006d38   0x00000058   Code   RO         4069    i.frexp             m_ws.l(frexp.o)
    0x00006d90   0x00000030   Code   RO         3808    i.gpio_output       capi.ar(gpio_api.c.lpc1768.arm.o)
    0x00006dc0   0x00000018   Code   RO         3810    i.gpio_write        capi.ar(gpio_api.c.lpc1768.arm.o)
    0x00006dd8   0x0000007e   Code   RO         4084    i.ldexp             m_ws.l(ldexp.o)
    0x00006e56   0x00000002   PAD
    0x00006e58   0x00000054   Code   RO         2860    i.main              main.o
    0x00006eac   0x00000078   Code   RO         3633    i.mbed_die          capi.ar(utils_api.c.lpc1768.arm.o)
    0x00006f24   0x00000038   Code   RO         3667    i.pin_function      capi.ar(pinmap.c.lpc1768.arm.o)
    0x00006f5c   0x00000038   Code   RO         3668    i.pin_mode          capi.ar(pinmap.c.lpc1768.arm.o)
    0x00006f94   0x0000003c   Code   RO         3669    i.pinmap_merge      capi.ar(pinmap.c.lpc1768.arm.o)
    0x00006fd0   0x00000058   Code   RO         3670    i.pinmap_peripheral  capi.ar(pinmap.c.lpc1768.arm.o)
    0x00007028   0x000000a4   Code   RO         3671    i.pinmap_pinout     capi.ar(pinmap.c.lpc1768.arm.o)
    0x000070cc   0x0000005a   Code   RO         3799    i.scalbnf           m_ws.l(scalbnf.o)
    0x00007126   0x0000000c   Code   RO         3643    i.semihost_exit     capi.ar(semihost_api.c.lpc1768.arm.o)
    0x00007132   0x00000002   PAD
    0x00007134   0x00000100   Code   RO         3330    i.serial_baud       capi.ar(serial_api.c.lpc1768.arm.o)
    0x00007234   0x00000094   Code   RO         3332    i.serial_format     capi.ar(serial_api.c.lpc1768.arm.o)
    0x000072c8   0x000000e4   Code   RO         3335    i.serial_init       capi.ar(serial_api.c.lpc1768.arm.o)
    0x000073ac   0x0000000c   Code   RO         3337    i.serial_putc       capi.ar(serial_api.c.lpc1768.arm.o)
    0x000073b8   0x00000014   Code   RO         2922    i.timer_frequency   capi.ar(timer_api.c.lpc1768.arm.o)
    0x000073cc   0x00000070   Code   RO         2923    i.timer_init        capi.ar(timer_api.c.lpc1768.arm.o)
    0x0000743c   0x00000004   Code   RO         2924    i.timer_read        capi.ar(timer_api.c.lpc1768.arm.o)
    0x00007440   0x0000000c   Code   RO         2925    i.timer_start       capi.ar(timer_api.c.lpc1768.arm.o)
    0x0000744c   0x00000038   Code   RO         2918    i.us_ticker_read    capi.ar(us_ticker_api.c.lpc1768.arm.o)
    0x00007484   0x0000001c   Code   RO         2913    i.wait_ms           capi.ar(wait_api.c.lpc1768.arm.o)
    0x000074a0   0x00000016   Code   RO         2914    i.wait_us           capi.ar(wait_api.c.lpc1768.arm.o)
    0x000074b6   0x00000002   PAD
    0x000074b8   0x0000002c   Code   RO         3981    locale$$code        c_w.l(lc_numeric_c.o)
    0x000074e4   0x0000002c   Code   RO         4048    locale$$code        c_w.l(lc_ctype_c.o)
    0x00007510   0x00000062   Code   RO         4058    x$fpl$d2f           fz_ws.l(d2f.o)
    0x00007572   0x00000002   PAD
    0x00007574   0x00000010   Code   RO         4094    x$fpl$dcheck1       fz_ws.l(dcheck1.o)
    0x00007584   0x00000018   Code   RO         4074    x$fpl$dcmpinf       fz_ws.l(dcmpi.o)
    0x0000759c   0x00000078   Code   RO         4060    x$fpl$deqf          fz_ws.l(deqf.o)
    0x00007614   0x00000078   Code   RO         4076    x$fpl$dleqf         fz_ws.l(dleqf.o)
    0x0000768c   0x0000009c   Code   RO         3104    x$fpl$dnaninf       fz_ws.l(dnaninf.o)
    0x00007728   0x0000006c   Code   RO         4062    x$fpl$drleqf        fz_ws.l(drleqf.o)
    0x00007794   0x000000c4   Code   RO         3782    x$fpl$fadd          fz_ws.l(faddsub_clz.o)
    0x00007858   0x0000000c   Code   RO         4019    x$fpl$fcheck1       fz_ws.l(fcheck1.o)
    0x00007864   0x00000184   Code   RO         3789    x$fpl$fdiv          fz_ws.l(fdiv.o)
    0x000079e8   0x00000036   Code   RO         3792    x$fpl$ffix          fz_ws.l(ffix.o)
    0x00007a1e   0x00000002   PAD
    0x00007a20   0x00000030   Code   RO         3028    x$fpl$fflt          fz_ws.l(fflt_clz.o)
    0x00007a50   0x00000026   Code   RO         3027    x$fpl$ffltu         fz_ws.l(fflt_clz.o)
    0x00007a76   0x00000002   PAD
    0x00007a78   0x00000102   Code   RO         3033    x$fpl$fmul          fz_ws.l(fmul.o)
    0x00007b7a   0x0000008c   Code   RO         3108    x$fpl$fnaninf       fz_ws.l(fnaninf.o)
    0x00007c06   0x0000000a   Code   RO         3110    x$fpl$fretinf       fz_ws.l(fretinf.o)
    0x00007c10   0x000000ea   Code   RO         3784    x$fpl$fsub          fz_ws.l(faddsub_clz.o)
    0x00007cfa   0x00000004   Code   RO         3923    x$fpl$printf1       fz_ws.l(printf1.o)
    0x00007cfe   0x00000004   Code   RO         3925    x$fpl$printf2       fz_ws.l(printf2.o)
    0x00007d02   0x00000064   Code   RO         4064    x$fpl$retnan        fz_ws.l(retnan.o)
    0x00007d66   0x0000005c   Code   RO         4078    x$fpl$scalbn        fz_ws.l(scalbn.o)
    0x00007dc2   0x0000004c   Code   RO         3931    x$fpl$scalbnf       fz_ws.l(scalbnf.o)
    0x00007e0e   0x00000004   Code   RO         3796    x$fpl$scanf1        fz_ws.l(scanf1.o)
    0x00007e12   0x00000008   Code   RO         4024    x$fpl$scanf2        fz_ws.l(scanf2.o)
    0x00007e1a   0x00000030   Code   RO         4080    x$fpl$trapveneer    fz_ws.l(trapv.o)
    0x00007e4a   0x00000000   Code   RO         3112    x$fpl$usenofp       fz_ws.l(usenofp.o)
    0x00007e4a   0x00000028   Data   RO         2972    .constdata          c_w.l(_printf_hex_int_ll_ptr.o)
    0x00007e72   0x00000011   Data   RO         2992    .constdata          c_w.l(__printf_flags_ss_wp.o)
    0x00007e83   0x00000017   Data   RO         3174    .constdata          mbed.ar(stdio.cpp.lpc1768.arm.o)
    0x00007e9a   0x00000002   PAD
    0x00007e9c   0x00000154   Data   RO         3340    .constdata          capi.ar(serial_api.c.lpc1768.arm.o)
    0x00007ff0   0x00000018   Data   RO         3386    .constdata          mbed.ar(Base.cpp.lpc1768.arm.o)
    0x00008008   0x00000008   Data   RO         3844    .constdata          c_w.l(_printf_wctomb.o)
    0x00008010   0x00000026   Data   RO         3951    .constdata          c_w.l(_printf_fp_hex.o)
    0x00008036   0x00000002   PAD
    0x00008038   0x00000094   Data   RO         3956    .constdata          c_w.l(bigflt0.o)
    0x000080cc   0x0000000c   Data   RO         3617    .constdata__ZTIN10__cxxabiv117__class_type_infoE  cpprt_w.l(lib_rtti_impl.o)
    0x000080d8   0x0000000c   Data   RO         3618    .constdata__ZTIN10__cxxabiv120__si_class_type_infoE  cpprt_w.l(lib_rtti_impl.o)
    0x000080e4   0x0000000c   Data   RO         3619    .constdata__ZTIN10__cxxabiv121__vmi_class_type_infoE  cpprt_w.l(lib_rtti_impl.o)
    0x000080f0   0x00000008   Data   RO         3205    .constdata__ZTIN4mbed10FileHandleE  mbed.ar(stdio.cpp.lpc1768.arm.o)
    0x000080f8   0x0000000c   Data   RO         3204    .constdata__ZTIN4mbed14FileSystemLikeE  mbed.ar(stdio.cpp.lpc1768.arm.o)
    0x00008104   0x00000008   Data   RO         3411    .constdata__ZTIN4mbed4BaseE  mbed.ar(Base.cpp.lpc1768.arm.o)
    0x0000810c   0x00000020   Data   RO         3203    .constdata__ZTIN4mbed8FileLikeE  mbed.ar(stdio.cpp.lpc1768.arm.o)
    0x0000812c   0x00000008   Data   RO         3777    .constdata__ZTISt9type_info  cpprt_w.l(type_info_dtor.o)
    0x00008134   0x00000022   Data   RO         3627    .constdata__ZTSN10__cxxabiv117__class_type_infoE  cpprt_w.l(lib_rtti_impl.o)
    0x00008156   0x00000025   Data   RO         3628    .constdata__ZTSN10__cxxabiv120__si_class_type_infoE  cpprt_w.l(lib_rtti_impl.o)
    0x0000817b   0x00000026   Data   RO         3629    .constdata__ZTSN10__cxxabiv121__vmi_class_type_infoE  cpprt_w.l(lib_rtti_impl.o)
    0x000081a1   0x00000014   Data   RO         3208    .constdata__ZTSN4mbed10FileHandleE  mbed.ar(stdio.cpp.lpc1768.arm.o)
    0x000081b5   0x00000018   Data   RO         3207    .constdata__ZTSN4mbed14FileSystemLikeE  mbed.ar(stdio.cpp.lpc1768.arm.o)
    0x000081cd   0x0000000d   Data   RO         3415    .constdata__ZTSN4mbed4BaseE  mbed.ar(Base.cpp.lpc1768.arm.o)
    0x000081da   0x00000011   Data   RO         3206    .constdata__ZTSN4mbed8FileLikeE  mbed.ar(stdio.cpp.lpc1768.arm.o)
    0x000081eb   0x0000000d   Data   RO         3778    .constdata__ZTSSt9type_info  cpprt_w.l(type_info_dtor.o)
    0x000081f8   0x00000010   Data   RO         3602    .constdata__ZTVN10__cxxabiv117__class_type_infoE  cpprt_w.l(lib_rtti_impl.o)
    0x00008208   0x00000010   Data   RO         3604    .constdata__ZTVN10__cxxabiv120__si_class_type_infoE  cpprt_w.l(lib_rtti_impl.o)
    0x00008218   0x00000010   Data   RO         3606    .constdata__ZTVN10__cxxabiv121__vmi_class_type_infoE  cpprt_w.l(lib_rtti_impl.o)
    0x00008228   0x0000000e   Data   RO         3388    .conststring        mbed.ar(Base.cpp.lpc1768.arm.o)
    0x00008236   0x00000005   Data   RO         3389    .conststring        mbed.ar(Base.cpp.lpc1768.arm.o)
    0x0000823b   0x00000001   PAD
    0x0000823c   0x00000000   Data   RO         4099    Region$$Table       anon$$obj.o
    0x0000823c   0x00000008   Data   RO         4021    c$$dinf             fz_ws.l(fpconst.o)
    0x00008244   0x0000001c   Data   RO         3980    locale$$data        c_w.l(lc_numeric_c.o)
    0x00008260   0x00000110   Data   RO         4047    locale$$data        c_w.l(lc_ctype_c.o)


    Execution Region RW_IRAM1 (Base: 0x10000000, Size: 0x0000088c, Max: 0x00008000, ABSOLUTE)

    Base Addr    Size         Type   Attr      Idx    E Section Name        Object

    0x10000000   0x000000c4   Data   RW         2909    .ARM.__AT_0x10000000  cmsis_nvic.o
    0x100000c4   0x00000002   Data   RW          333    .data               nrk_timer.o
    0x100000c6   0x00000002   PAD
    0x100000c8   0x00000004   Data   RW          506    .data               nrk.o
    0x100000cc   0x00000001   Data   RW          507    .data               nrk.o
    0x100000cd   0x00000003   PAD
    0x100000d0   0x00000014   Data   RW          508    .data               nrk.o
    0x100000e4   0x00000008   Data   RW          511    .data               nrk.o
    0x100000ec   0x00000002   Data   RW          689    .data               nrk_error.o
    0x100000ee   0x00000002   PAD
    0x100000f0   0x00000004   Data   RW          787    .data               nrk_events.o
    0x100000f4   0x00000008   Data   RW          889    .data               nrk_scheduler.o
    0x100000fc   0x00000006   Data   RW         1944    .data               basic_rf.o
    0x10000102   0x00000004   Data   RW         2180    .data               mrf24j40.o
    0x10000106   0x0000000c   Data   RW         2399    .data               rt_link.o
    0x10000112   0x00000002   PAD
    0x10000114   0x00000004   Data   RW         2900    .data               system_LPC17xx.o
    0x10000118   0x00000004   Data   RW         2919    .data               capi.ar(us_ticker_api.c.lpc1768.arm.o)
    0x1000011c   0x00000004   Data   RW         3003    .data               c_w.l(stdio_streams.o)
    0x10000120   0x00000004   Data   RW         3004    .data               c_w.l(stdio_streams.o)
    0x10000124   0x00000004   Data   RW         3005    .data               c_w.l(stdio_streams.o)
    0x10000128   0x00000008   Data   RW         3390    .data               mbed.ar(Base.cpp.lpc1768.arm.o)
    0x10000130   0x0000000c   Data   RW         3391    .data               mbed.ar(Base.cpp.lpc1768.arm.o)
    0x1000013c   0x00000004   Data   RW         3747    .data               c_w.l(heapauxa.o)
    0x10000140   0x00000080   Zero   RW          504    .bss                nrk.o
    0x100001c0   0x0000016c   Zero   RW          505    .bss                nrk.o
    0x1000032c   0x0000000c   Zero   RW         1943    .bss                basic_rf.o
    0x10000338   0x00000312   Zero   RW         2864    .bss                main.o
    0x1000064a   0x00000002   PAD
    0x1000064c   0x00000054   Zero   RW         3000    .bss                c_w.l(stdio_streams.o)
    0x100006a0   0x00000054   Zero   RW         3001    .bss                c_w.l(stdio_streams.o)
    0x100006f4   0x00000054   Zero   RW         3002    .bss                c_w.l(stdio_streams.o)
    0x10000748   0x000000e4   Zero   RW         3008    .bss                c_w.l(rand.o)
    0x1000082c   0x00000040   Zero   RW         3173    .bss                mbed.ar(stdio.cpp.lpc1768.arm.o)
    0x1000086c   0x00000004   Zero   RW         3437    .bss                c_w.l(rt_heap_descriptor.o)
    0x10000870   0x00000004   Zero   RW         3827    .bss                c_w.l(rt_errno_addr.o)
    0x10000874   0x00000014   Zero   RW         3938    .bss                c_w.l(rt_locale.o)
    0x10000888   0x00000004   Zero   RW         4037    .bss                c_w.l(rt_eh_globals_addr.o)


    Execution Region RW_IRAM2 (Base: 0x2007c000, Size: 0x00000000, Max: 0x00004000, ABSOLUTE)

    **** No section assigned to this execution region ****


    Execution Region RW_IRAM3 (Base: 0x20080000, Size: 0x00000000, Max: 0x00004000, ABSOLUTE)

    **** No section assigned to this execution region ****


    Execution Region RW_IRAM4 (Base: 0x40038000, Size: 0x00000000, Max: 0x00000800, ABSOLUTE)

    **** No section assigned to this execution region ****

