ARM Linker, 5.03 [Build 76] [MDK-ARM Professional]

==============================================================================

Section Cross References

    nrk_cpu.o(i._Z16nrk_target_startv) refers to nrk_timer.o(i._Z16_nrk_setup_timerv) for _nrk_setup_timer()
    nrk_cpu.o(i._Z16nrk_task_set_stkP9task_typePjt) refers to nrk_error.o(i._Z13nrk_error_addh) for nrk_error_add(unsigned char)
    nrk_cpu.o(i._Z22nrk_stack_pointer_initv) refers to nrk.o(.bss) for nrk_kernel_stk
    nrk_cpu.o(i._Z22nrk_stack_pointer_initv) refers to nrk.o(.data) for nrk_kernel_stk_ptr
    nrk_cpu.o(i._Z22nrk_stack_pointer_initv) refers to nrk.o(i._nrk_timer_tick) for _nrk_timer_tick
    nrk_cpu.o(i._Z25nrk_stack_pointer_restorev) refers to nrk.o(.bss) for nrk_kernel_stk
    nrk_cpu.o(i._Z25nrk_stack_pointer_restorev) refers to nrk.o(i._nrk_timer_tick) for _nrk_timer_tick
    nrk_cpu.o(i._Z25nrk_stack_pointer_restorev) refers to nrk.o(.data) for nrk_kernel_stk_ptr
    nrk_cpu.o(.ARM.exidx) refers to nrk_cpu.o(i._Z16nrk_battery_savev) for i._Z16nrk_battery_savev
    nrk_cpu.o(.ARM.exidx) refers to nrk_cpu.o(i._Z9nrk_sleepv) for i._Z9nrk_sleepv
    nrk_cpu.o(.ARM.exidx) refers to nrk_cpu.o(i._Z8nrk_idlev) for i._Z8nrk_idlev
    nrk_cpu.o(.ARM.exidx) refers to nrk_cpu.o(i._Z27nrk_task_set_entry_functionP9task_typePFvvE) for i._Z27nrk_task_set_entry_functionP9task_typePFvvE
    nrk_cpu.o(.ARM.exidx) refers to nrk_cpu.o(i._Z16nrk_task_set_stkP9task_typePjt) for i._Z16nrk_task_set_stkP9task_typePjt
    nrk_cpu.o(.ARM.exidx) refers to nrk_cpu.o(i._Z17nrk_task_stk_initPFvvEPjS1_) for i._Z17nrk_task_stk_initPFvvEPjS1_
    nrk_cpu.o(.ARM.exidx) refers to nrk_cpu.o(i._Z22nrk_stack_pointer_initv) for i._Z22nrk_stack_pointer_initv
    nrk_cpu.o(.ARM.exidx) refers to nrk_cpu.o(i._Z25nrk_stack_pointer_restorev) for i._Z25nrk_stack_pointer_restorev
    nrk_cpu.o(.ARM.exidx) refers to nrk_cpu.o(i._Z16nrk_target_startv) for i._Z16nrk_target_startv
    nrk_status.o(.ARM.exidx) refers to nrk_status.o(i._Z18_nrk_startup_errorv) for i._Z18_nrk_startup_errorv
    nrk_timer.o(i.TIMER0_IRQHandler) refers to my_asm.o(.text) for _swap
    nrk_timer.o(i._Z16_nrk_setup_timerv) refers to nrk_timer.o(i._Z14NVIC_EnableIRQ4IRQn) for NVIC_EnableIRQ(IRQn)
    nrk_timer.o(i._Z16_nrk_setup_timerv) refers to nrk_timer.o(i._Z19_nrk_os_timer_resetv) for _nrk_os_timer_reset()
    nrk_timer.o(i._Z16_nrk_setup_timerv) refers to nrk_timer.o(i._Z19_nrk_os_timer_startv) for _nrk_os_timer_start()
    nrk_timer.o(i._Z16_nrk_setup_timerv) refers to nrk_timer.o(.data) for .data
    nrk_timer.o(i._Z16nrk_spin_wait_usj) refers to wait_api.c.lpc1768.arm.o(i.wait_us) for wait_us
    nrk_timer.o(i._Z19_nrk_os_timer_resetv) refers to nrk_timer.o(.data) for .data
    nrk_timer.o(i._Z25nrk_high_speed_timer_waittt) refers to nrk_timer.o(i._Z25_nrk_high_speed_timer_getv) for _nrk_high_speed_timer_get()
    nrk_timer.o(.ARM.exidx) refers to nrk_timer.o(i._Z16nrk_spin_wait_usj) for i._Z16nrk_spin_wait_usj
    nrk_timer.o(.ARM.exidx) refers to nrk_timer.o(i._Z19_nrk_os_timer_startv) for i._Z19_nrk_os_timer_startv
    nrk_timer.o(.ARM.exidx) refers to nrk_timer.o(i._Z19_nrk_os_timer_resetv) for i._Z19_nrk_os_timer_resetv
    nrk_timer.o(.ARM.exidx) refers to nrk_timer.o(i._Z16_nrk_setup_timerv) for i._Z16_nrk_setup_timerv
    nrk_timer.o(.ARM.exidx) refers to nrk_timer.o(i._Z26_nrk_high_speed_timer_stopv) for i._Z26_nrk_high_speed_timer_stopv
    nrk_timer.o(.ARM.exidx) refers to nrk_timer.o(i._Z27_nrk_high_speed_timer_startv) for i._Z27_nrk_high_speed_timer_startv
    nrk_timer.o(.ARM.exidx) refers to nrk_timer.o(i._Z27_nrk_high_speed_timer_resetv) for i._Z27_nrk_high_speed_timer_resetv
    nrk_timer.o(.ARM.exidx) refers to nrk_timer.o(i._Z25_nrk_high_speed_timer_getv) for i._Z25_nrk_high_speed_timer_getv
    nrk_timer.o(.ARM.exidx) refers to nrk_timer.o(i._Z25nrk_high_speed_timer_waittt) for i._Z25nrk_high_speed_timer_waittt
    nrk_timer.o(.ARM.exidx) refers to nrk_timer.o(i._Z18_nrk_os_timer_stopv) for i._Z18_nrk_os_timer_stopv
    nrk_timer.o(.ARM.exidx) refers to nrk_timer.o(i._Z17_nrk_os_timer_seth) for i._Z17_nrk_os_timer_seth
    nrk_timer.o(.ARM.exidx) refers to nrk_timer.o(i._Z20_nrk_get_next_wakeupv) for i._Z20_nrk_get_next_wakeupv
    nrk_timer.o(.ARM.exidx) refers to nrk_timer.o(i._Z20_nrk_set_next_wakeuph) for i._Z20_nrk_set_next_wakeuph
    nrk_timer.o(.ARM.exidx) refers to nrk_timer.o(i._Z18nrk_timer_int_stoph) for i._Z18nrk_timer_int_stoph
    nrk_timer.o(.ARM.exidx) refers to nrk_timer.o(i._Z19nrk_timer_int_reseth) for i._Z19nrk_timer_int_reseth
    nrk_timer.o(.ARM.exidx) refers to nrk_timer.o(i._Z18nrk_timer_int_readh) for i._Z18nrk_timer_int_readh
    nrk_timer.o(.ARM.exidx) refers to nrk_timer.o(i._Z19nrk_timer_int_starth) for i._Z19nrk_timer_int_starth
    nrk_timer.o(.ARM.exidx) refers to nrk_timer.o(i._Z23nrk_timer_int_configurehttPv) for i._Z23nrk_timer_int_configurehttPv
[...]
    _nrk_os_timer_reset()                    0x000055fd   Thumb Code    10  nrk_timer.o(i._Z19_nrk_os_timer_resetv)
    _nrk_os_timer_start()                    0x0000560d   Thumb Code    14  nrk_timer.o(i._Z19_nrk_os_timer_startv)
    _rtl_clr_abs_wakeup(unsigned short)      0x0000561d   Thumb Code    36  rt_link.o(i._Z19_rtl_clr_abs_wakeupt)
    nrk_rem_from_readyQ(signed char)         0x00005645   Thumb Code    76  nrk_task.o(i._Z19nrk_rem_from_readyQa)
    nrk_signal_register(signed char)         0x00005699   Thumb Code    32  nrk_events.o(i._Z19nrk_signal_registera)
    _nrk_get_next_wakeup()                   0x000056c1   Thumb Code    12  nrk_timer.o(i._Z20_nrk_get_next_wakeupv)
    _nrk_set_next_wakeup(unsigned char)      0x000056cd   Thumb Code    10  nrk_timer.o(i._Z20_nrk_set_next_wakeuph)
    nrk_kernel_error_add(unsigned char, unsigned char) 0x000056d9   Thumb Code     8  nrk_error.o(i._Z20nrk_kernel_error_addhh)
    nrk_wait_until_ticks(unsigned short)     0x000056e5   Thumb Code    60  nrk_task.o(i._Z20nrk_wait_until_tickst)
    rf_polling_rx_packet()                   0x00005729   Thumb Code     4  basic_rf.o(i._Z20rf_polling_rx_packetv)
    _rtl_match_abs_wakeup(unsigned short)    0x0000572d   Thumb Code    50  rt_link.o(i._Z21_rtl_match_abs_wakeupt)
    rtl_rx_pkt_set_buffer(char*, unsigned char) 0x00005765   Thumb Code    20  rt_link.o(i._Z21rtl_rx_pkt_set_bufferPch)
    _rtl_clear_sched_cache()                 0x00005825   Thumb Code    18  rt_link.o(i._Z22_rtl_clear_sched_cachev)
    nrk_stack_pointer_init()                 0x0000583d   Thumb Code   106  nrk_cpu.o(i._Z22nrk_stack_pointer_initv)
    _nrk_wait_for_scheduler()                0x000058b5   Thumb Code    14  nrk_task.o(i._Z23_nrk_wait_for_schedulerv)
    _rtl_clr_abs_all_wakeup()                0x000058c9   Thumb Code    22  rt_link.o(i._Z23_rtl_clr_abs_all_wakeupv)
    rtl_wait_until_rx_or_tx()                0x000059a5   Thumb Code    42  rt_link.o(i._Z23rtl_wait_until_rx_or_txv)
    _rtl_get_next_abs_wakeup(unsigned short) 0x000059d5   Thumb Code    60  rt_link.o(i._Z24_rtl_get_next_abs_wakeupt)
    _nrk_high_speed_timer_get()              0x00005a15   Thumb Code    16  nrk_timer.o(i._Z25_nrk_high_speed_timer_getv)
    nrk_high_speed_timer_wait(unsigned short, unsigned short) 0x00005a29   Thumb Code    50  nrk_timer.o(i._Z25nrk_high_speed_timer_waittt)
    nrk_stack_pointer_restore()              0x00005a5d   Thumb Code   100  nrk_cpu.o(i._Z25nrk_stack_pointer_restorev)
    nrk_get_high_ready_task_ID()             0x00005acd   Thumb Code     8  nrk_task.o(i._Z26nrk_get_high_ready_task_IDv)
    nrk_wait_until_next_period()             0x00005ad9   Thumb Code    58  nrk_task.o(i._Z26nrk_wait_until_next_periodv)
    _nrk_high_speed_timer_reset()            0x00005b1d   Thumb Code    20  nrk_timer.o(i._Z27_nrk_high_speed_timer_resetv)
    _nrk_high_speed_timer_start()            0x00005b35   Thumb Code     2  nrk_timer.o(i._Z27_nrk_high_speed_timer_startv)
    nrk_task_set_entry_function(task_type*, void(*)()) 0x00005b37   Thumb Code     4  nrk_cpu.o(i._Z27nrk_task_set_entry_functionP9task_typePFvvE)
    nrk_wait_until_next_n_periods(unsigned short) 0x00005d29   Thumb Code    68  nrk_task.o(i._Z29nrk_wait_until_next_n_periodst)
    rtl_get_slots_until_next_wakeup(unsigned short) 0x00005d75   Thumb Code   104  rt_link.o(i._Z31rtl_get_slots_until_next_wakeupt)
    Task1()                                  0x00005de1   Thumb Code   238  main.o(i._Z5Task1v)
    _rtl_rx(unsigned char)                   0x00005f59   Thumb Code   194  rt_link.o(i._Z7_rtl_rxh)
    _rtl_tx(unsigned char)                   0x00006029   Thumb Code   130  rt_link.o(i._Z7_rtl_txh)
    halWait(unsigned short)                  0x000060b9   Thumb Code     2  hal_wait.o(i._Z7halWaitt)
    initLED()                                0x000060bd   Thumb Code   154  ulib.o(i._Z7initLEDv)
    rf_init(RF_RX_INFO*, unsigned char, unsigned short, unsigned short) 0x0000615d   Thumb Code    68  basic_rf.o(i._Z7rf_initP10RF_RX_INFOhtt)
    _rtl_pow(unsigned char, unsigned char)   0x000061ad   Thumb Code    28  rt_link.o(i._Z8_rtl_powhh)
    mrf_init()                               0x000061c9   Thumb Code    28  mrf24j40.o(i._Z8mrf_initv)
    mrf_rssi()                               0x000061e9   Thumb Code    42  mrf24j40.o(i._Z8mrf_rssiv)
    nrk_init()                               0x00006215   Thumb Code   158  nrk.o(i._Z8nrk_initv)
    rf_rx_on()                               0x000062c1   Thumb Code    18  basic_rf.o(i._Z8rf_rx_onv)
    rtl_init(rtl_node_mode_t)                0x000062dd   Thumb Code   180  rt_link.o(i._Z8rtl_init15rtl_node_mode_t)
    PORT_INIT()                              0x000063f9   Thumb Code    22  ulib.o(i._Z9PORT_INITv)
    initDEBUG()                              0x00006411   Thumb Code   150  ulib.o(i._Z9initDEBUGv)
    mrf_reset()                              0x000064ad   Thumb Code   222  mrf24j40.o(i._Z9mrf_resetv)
    nrk_start()                              0x0000658d   Thumb Code   124  nrk.o(i._Z9nrk_startv)
    rf_rx_off()                              0x00006615   Thumb Code    18  basic_rf.o(i._Z9rf_rx_offv)
    rf_set_rx(RF_RX_INFO*, unsigned char)    0x00006631   Thumb Code    44  basic_rf.o(i._Z9rf_set_rxP10RF_RX_INFOh)
    rtl_ready()                              0x00006661   Thumb Code    14  rt_link.o(i._Z9rtl_readyv)
    rtl_start()                              0x00006675   Thumb Code    50  rt_link.o(i._Z9rtl_startv)
    mbed::Base::clear(const char*, char*)    0x000066b1   Thumb Code    42  Base.cpp.lpc1768.arm.o(i._ZN4mbed4Base5clearEPKcPc)
    mbed::Base::lookup(const char*, unsigned) 0x000066e1   Thumb Code    50  Base.cpp.lpc1768.arm.o(i._ZN4mbed4Base6lookupEPKcj)
    mbed::Base::list_objs(const char*, char*) 0x00006719   Thumb Code    56  Base.cpp.lpc1768.arm.o(i._ZN4mbed4Base9list_objsEPKcPc)
    std::type_info::operator ==(const std::type_info&) const 0x00006759   Thumb Code    32  type_info_eq.o(i._ZNKSt9type_infoeqERKS_)
    operator delete[] (void*)                0x00006779   Thumb Code     8  array_del.o(i._ZdaPv)
    operator delete (void*)                  0x00006781   Thumb Code     8  delete.o(i._ZdlPv)
    __ARM_common_get_typeid                  0x00006789   Thumb Code    32  rtti.o(i.__ARM_common_get_typeid)
    __ARM_fpclassify                         0x000067a9   Thumb Code    40  fpclassify.o(i.__ARM_fpclassify)
    __derived_to_base_conversion             0x000067d1   Thumb Code   106  rtti.o(i.__derived_to_base_conversion)
    __dynamic_cast                           0x00006841   Thumb Code   166  rtti.o(i.__dynamic_cast)
    __mathlib_dbl_underflow                  0x000068f1   Thumb Code    10  dunder.o(i.__mathlib_dbl_underflow)
    __mathlib_flt_underflow                  0x00006901   Thumb Code    10  funder.o(i.__mathlib_flt_underflow)
    __mathlib_narrow                         0x0000690b   Thumb Code    16  narrow.o(i.__mathlib_narrow)
    __mathlib_tofloat                        0x0000691d   Thumb Code   132  narrow.o(i.__mathlib_tofloat)
    __support_ldexp                          0x000069a5   Thumb Code    22  ldexp.o(i.__support_ldexp)
    __user_setup_stackheap                   0x000069bd   Thumb Code     8  stackheap.o(i.__user_setup_stackheap)
    _is_digit                                0x000069c9   Thumb Code    14  __printf_wp.o(i._is_digit)
    _nrk_timer_tick                          0x000069d7   Thumb Code     4  nrk.o(i._nrk_timer_tick)
    _sys_close                               0x000069dd   Thumb Code    40  stdio.cpp.lpc1768.arm.o(i._sys_close)
    _sys_flen                                0x00006a09   Thumb Code    34  stdio.cpp.lpc1768.arm.o(i._sys_flen)
    _sys_istty                               0x00006a31   Thumb Code    34  stdio.cpp.lpc1768.arm.o(i._sys_istty)
    _sys_open                                0x00006a59   Thumb Code   348  stdio.cpp.lpc1768.arm.o(i._sys_open)
    _sys_seek                                0x00006bdd   Thumb Code    40  stdio.cpp.lpc1768.arm.o(i._sys_seek)
    _sys_write                               0x00006c09   Thumb Code    76  stdio.cpp.lpc1768.arm.o(i._sys_write)
    exit                                     0x00006c5d   Thumb Code    22  exit.c.lpc1768.arm.o(i.exit)
    fputc                                    0x00006c73   Thumb Code    26  fputc.o(i.fputc)
    frexp                                    0x00006c8d   Thumb Code    80  frexp.o(i.frexp)
    gpio_output                              0x00006ce5   Thumb Code    48  gpio_api.c.lpc1768.arm.o(i.gpio_output)
    gpio_write                               0x00006d15   Thumb Code    24  gpio_api.c.lpc1768.arm.o(i.gpio_write)
    ldexp                                    0x00006d2d   Thumb Code   126  ldexp.o(i.ldexp)
    main                                     0x00006dad   Thumb Code    64  main.o(i.main)
    mbed_die                                 0x00006e01   Thumb Code   114  utils_api.c.lpc1768.arm.o(i.mbed_die)
    pin_function                             0x00006e79   Thumb Code    52  pinmap.c.lpc1768.arm.o(i.pin_function)
    pin_mode                                 0x00006eb1   Thumb Code    52  pinmap.c.lpc1768.arm.o(i.pin_mode)
    pinmap_merge                             0x00006ee9   Thumb Code    36  pinmap.c.lpc1768.arm.o(i.pinmap_merge)
    pinmap_peripheral                        0x00006f25   Thumb Code    50  pinmap.c.lpc1768.arm.o(i.pinmap_peripheral)
    pinmap_pinout                            0x00006f7d   Thumb Code   134  pinmap.c.lpc1768.arm.o(i.pinmap_pinout)
    scalbnf                                  0x00007021   Thumb Code    90  scalbnf.o(i.scalbnf)
    semihost_exit                            0x0000707b   Thumb Code    12  semihost_api.c.lpc1768.arm.o(i.semihost_exit)
    serial_baud                              0x00007089   Thumb Code   218  serial_api.c.lpc1768.arm.o(i.serial_baud)
    serial_format                            0x00007189   Thumb Code   132  serial_api.c.lpc1768.arm.o(i.serial_format)
    serial_init                              0x0000721d   Thumb Code   178  serial_api.c.lpc1768.arm.o(i.serial_init)
    serial_putc                              0x00007301   Thumb Code    12  serial_api.c.lpc1768.arm.o(i.serial_putc)
    timer_frequency                          0x0000730d   Thumb Code    16  timer_api.c.lpc1768.arm.o(i.timer_frequency)
    timer_init                               0x00007321   Thumb Code   100  timer_api.c.lpc1768.arm.o(i.timer_init)
    timer_read                               0x00007391   Thumb Code     4  timer_api.c.lpc1768.arm.o(i.timer_read)
    timer_start                              0x00007395   Thumb Code    12  timer_api.c.lpc1768.arm.o(i.timer_start)
    us_ticker_read                           0x000073a1   Thumb Code    44  us_ticker_api.c.lpc1768.arm.o(i.us_ticker_read)
    wait_ms                                  0x000073d9   Thumb Code    28  wait_api.c.lpc1768.arm.o(i.wait_ms)
    wait_us                                  0x000073f5   Thumb Code    22  wait_api.c.lpc1768.arm.o(i.wait_us)
    _get_lc_numeric                          0x0000740d   Thumb Code    44  lc_numeric_c.o(locale$$code)
    _get_lc_ctype                            0x00007439   Thumb Code    44  lc_ctype_c.o(locale$$code)
    __aeabi_d2f                              0x00007465   Thumb Code     0  d2f.o(x$fpl$d2f)
    _d2f                                     0x00007465   Thumb Code    98  d2f.o(x$fpl$d2f)
    __fpl_dcheck_NaN1                        0x000074c9   Thumb Code    10  dcheck1.o(x$fpl$dcheck1)
    __fpl_dcmp_Inf                           0x000074d9   Thumb Code    24  dcmpi.o(x$fpl$dcmpinf)
    __aeabi_cdcmpeq                          0x000074f1   Thumb Code     0  deqf.o(x$fpl$deqf)
    _dcmpeq                                  0x000074f1   Thumb Code   120  deqf.o(x$fpl$deqf)
    __aeabi_cdcmple                          0x00007569   Thumb Code     0  dleqf.o(x$fpl$dleqf)
    _dcmple                                  0x00007569   Thumb Code   120  dleqf.o(x$fpl$dleqf)
    __fpl_dcmple_InfNaN                      0x000075cb   Thumb Code     0  dleqf.o(x$fpl$dleqf)
    __fpl_dnaninf                            0x000075e1   Thumb Code   156  dnaninf.o(x$fpl$dnaninf)
    __aeabi_cdrcmple                         0x0000767d   Thumb Code     0  drleqf.o(x$fpl$drleqf)
    _drcmple                                 0x0000767d   Thumb Code   108  drleqf.o(x$fpl$drleqf)
    __aeabi_fadd                             0x000076e9   Thumb Code     0  faddsub_clz.o(x$fpl$fadd)
    _fadd                                    0x000076e9   Thumb Code   196  faddsub_clz.o(x$fpl$fadd)
    __fpl_fcheck_NaN1                        0x000077ad   Thumb Code     6  fcheck1.o(x$fpl$fcheck1)
    __aeabi_fdiv                             0x000077b9   Thumb Code     0  fdiv.o(x$fpl$fdiv)
    _fdiv                                    0x000077b9   Thumb Code   384  fdiv.o(x$fpl$fdiv)
    __aeabi_f2iz                             0x0000793d   Thumb Code     0  ffix.o(x$fpl$ffix)
    _ffix                                    0x0000793d   Thumb Code    54  ffix.o(x$fpl$ffix)
    __aeabi_i2f                              0x00007975   Thumb Code     0  fflt_clz.o(x$fpl$fflt)
    _fflt                                    0x00007975   Thumb Code    48  fflt_clz.o(x$fpl$fflt)
    __aeabi_ui2f                             0x000079a5   Thumb Code     0  fflt_clz.o(x$fpl$ffltu)
    _ffltu                                   0x000079a5   Thumb Code    38  fflt_clz.o(x$fpl$ffltu)
    __aeabi_fmul                             0x000079cd   Thumb Code     0  fmul.o(x$fpl$fmul)
    _fmul                                    0x000079cd   Thumb Code   258  fmul.o(x$fpl$fmul)
    __fpl_fnaninf                            0x00007acf   Thumb Code   140  fnaninf.o(x$fpl$fnaninf)
    __fpl_fretinf                            0x00007b5b   Thumb Code    10  fretinf.o(x$fpl$fretinf)
    __aeabi_fsub                             0x00007b65   Thumb Code     0  faddsub_clz.o(x$fpl$fsub)
    _fsub                                    0x00007b65   Thumb Code   234  faddsub_clz.o(x$fpl$fsub)
    _printf_fp_dec                           0x00007c4f   Thumb Code     4  printf1.o(x$fpl$printf1)
    _printf_fp_hex                           0x00007c53   Thumb Code     4  printf2.o(x$fpl$printf2)
    __fpl_return_NaN                         0x00007c57   Thumb Code   100  retnan.o(x$fpl$retnan)
    __ARM_scalbn                             0x00007cbb   Thumb Code    92  scalbn.o(x$fpl$scalbn)
    __ARM_scalbnf                            0x00007d17   Thumb Code    76  scalbnf.o(x$fpl$scalbnf)
    _scanf_real                              0x00007d63   Thumb Code     4  scanf1.o(x$fpl$scanf1)
    _scanf_hex_real                          0x00007d67   Thumb Code     4  scanf2.o(x$fpl$scanf2)
    _scanf_infnan                            0x00007d6b   Thumb Code     4  scanf2.o(x$fpl$scanf2)
    __fpl_cmpreturn                          0x00007d6f   Thumb Code    48  trapv.o(x$fpl$trapveneer)
    __I$use$fp                               0x00007d9e   Number         0  usenofp.o(x$fpl$usenofp)
    __stdin_name                             0x00007dd7   Data           7  stdio.cpp.lpc1768.arm.o(.constdata)
    __stdout_name                            0x00007dde   Data           8  stdio.cpp.lpc1768.arm.o(.constdata)
    __stderr_name                            0x00007de6   Data           8  stdio.cpp.lpc1768.arm.o(.constdata)
    mbed::Base::_base_funcs                  0x00007f44   Data          24  Base.cpp.lpc1768.arm.o(.constdata)
    typeinfo for __cxxabiv1::__class_type_info 0x00008020   Data          12  lib_rtti_impl.o(.constdata__ZTIN10__cxxabiv117__class_type_infoE)
    typeinfo for __cxxabiv1::__si_class_type_info 0x0000802c   Data          12  lib_rtti_impl.o(.constdata__ZTIN10__cxxabiv120__si_class_type_infoE)
    typeinfo for __cxxabiv1::__vmi_class_type_info 0x00008038   Data          12  lib_rtti_impl.o(.constdata__ZTIN10__cxxabiv121__vmi_class_type_infoE)
    typeinfo for mbed::FileHandle            0x00008044   Data           8  stdio.cpp.lpc1768.arm.o(.constdata__ZTIN4mbed10FileHandleE)
    typeinfo for mbed::FileSystemLike        0x0000804c   Data          12  stdio.cpp.lpc1768.arm.o(.constdata__ZTIN4mbed14FileSystemLikeE)
    typeinfo for mbed::Base                  0x00008058   Data           8  Base.cpp.lpc1768.arm.o(.constdata__ZTIN4mbed4BaseE)
    typeinfo for mbed::FileLike              0x00008060   Data          32  stdio.cpp.lpc1768.arm.o(.constdata__ZTIN4mbed8FileLikeE)
    typeinfo for std::type_info              0x00008080   Data           8  type_info_dtor.o(.constdata__ZTISt9type_info)
    typeinfo name for __cxxabiv1::__class_type_info 0x00008088   Data          34  lib_rtti_impl.o(.constdata__ZTSN10__cxxabiv117__class_type_infoE)
    typeinfo name for __cxxabiv1::__si_class_type_info 0x000080aa   Data          37  lib_rtti_impl.o(.constdata__ZTSN10__cxxabiv120__si_class_type_infoE)
    typeinfo name for __cxxabiv1::__vmi_class_type_info 0x000080cf   Data          38  lib_rtti_impl.o(.constdata__ZTSN10__cxxabiv121__vmi_class_type_infoE)
    typeinfo name for mbed::FileHandle       0x000080f5   Data          20  stdio.cpp.lpc1768.arm.o(.constdata__ZTSN4mbed10FileHandleE)
    typeinfo name for mbed::FileSystemLike   0x00008109   Data          24  stdio.cpp.lpc1768.arm.o(.constdata__ZTSN4mbed14FileSystemLikeE)
    typeinfo name for mbed::Base             0x00008121   Data          13  Base.cpp.lpc1768.arm.o(.constdata__ZTSN4mbed4BaseE)
    typeinfo name for mbed::FileLike         0x0000812e   Data          17  stdio.cpp.lpc1768.arm.o(.constdata__ZTSN4mbed8FileLikeE)
    typeinfo name for std::type_info         0x0000813f   Data          13  type_info_dtor.o(.constdata__ZTSSt9type_info)
    vtable for __cxxabiv1::__class_type_info 0x0000814c   Data          16  lib_rtti_impl.o(.constdata__ZTVN10__cxxabiv117__class_type_infoE)
    vtable for __cxxabiv1::__si_class_type_info 0x0000815c   Data          16  lib_rtti_impl.o(.constdata__ZTVN10__cxxabiv120__si_class_type_infoE)
    vtable for __cxxabiv1::__vmi_class_type_info 0x0000816c   Data          16  lib_rtti_impl.o(.constdata__ZTVN10__cxxabiv121__vmi_class_type_infoE)
    Region$$Table$$Base                      0x00008190   Number         0  anon$$obj.o(Region$$Table)
    Region$$Table$$Limit                     0x000081b0   Number         0  anon$$obj.o(Region$$Table)
    __aeabi_HUGE_VAL                         0x000081b0   Data           0  fpconst.o(c$$dinf)
    __aeabi_HUGE_VALL                        0x000081b0   Data           0  fpconst.o(c$$dinf)
    __aeabi_INFINITY                         0x000081b0   Data           0  fpconst.o(c$$dinf)
    __dInf                                   0x000081b0   Data           0  fpconst.o(c$$dinf)
    __huge_val                               0x000081b0   Data           0  fpconst.o(c$$dinf)
    __ctype                                  0x000081e1   Data           0  lc_ctype_c.o(locale$$data)
    _nrk_prev_timer_val                      0x100000c4   Data           1  nrk_timer.o(.data)
    _nrk_time_trigger                        0x100000c5   Data           1  nrk_timer.o(.data)
    nrk_kernel_stk_ptr                       0x100000c8   Data           4  nrk.o(.data)
    nrk_wakeup_signal                        0x100000cc   Data           1  nrk.o(.data)
    nrk_cur_task_prio                        0x100000d0   Data           1  nrk.o(.data)
    nrk_high_ready_prio                      0x100000d1   Data           1  nrk.o(.data)
    nrk_task_init_cnt                        0x100000d2   Data           1  nrk.o(.data)
    _free_node                               0x100000d4   Data           4  nrk.o(.data)
    _head_node                               0x100000d8   Data           4  nrk.o(.data)
    nrk_cur_task_TCB                         0x100000dc   Data           4  nrk.o(.data)
    nrk_high_ready_TCB                       0x100000e0   Data           4  nrk.o(.data)
    nrk_system_time                          0x100000e4   Data           8  nrk.o(.data)
    error_task                               0x100000ec   Data           1  nrk_error.o(.data)
    error_num                                0x100000ed   Data           1  nrk_error.o(.data)
    _nrk_signal_list                         0x100000f0   Data           4  nrk_events.o(.data)
    _nrk_cpu_state                           0x100000f4   Data           1  nrk_scheduler.o(.data)
    task_addr                                0x100000f8   Data           4  nrk_scheduler.o(.data)
    rx_ready                                 0x100000fc   Data           1  basic_rf.o(.data)
    auto_ack_enable                          0x100000fd   Data           1  basic_rf.o(.data)
    security_enable                          0x100000fe   Data           1  basic_rf.o(.data)
    rx_data_ready                            0x100000ff   Data           1  basic_rf.o(.data)
    tx_status_ready                          0x10000100   Data           1  basic_rf.o(.data)
    rssi_cca_thold                           0x10000101   Data           1  basic_rf.o(.data)
    myAddr                                   0x10000102   Data           2  mrf24j40.o(.data)
    myPanid                                  0x10000104   Data           2  mrf24j40.o(.data)
    _rtl_sync_ok                             0x10000108   Data           1  rt_link.o(.data)
    _rtl_time_token                          0x10000109   Data           1  rt_link.o(.data)
    _rtl_time_token_status                   0x1000010a   Data           1  rt_link.o(.data)
    _rtl_contention_slots                    0x1000010b   Data           1  rt_link.o(.data)
    rtl_rx_data_ready                        0x1000010c   Data           1  rt_link.o(.data)
    rtl_rx_slot                              0x1000010d   Data           1  rt_link.o(.data)
    rtl_abs_tx_ready                         0x1000010e   Data           1  rt_link.o(.data)
    rtl_node_mode                            0x1000010f   Data           1  rt_link.o(.data)
    _tsync_index                             0x10000110   Data           1  rt_link.o(.data)
    _dbg_index                               0x10000111   Data           1  rt_link.o(.data)
    _rtl_contention_pending                  0x10000112   Data           1  rt_link.o(.data)
    _rtl_ready                               0x10000113   Data           1  rt_link.o(.data)
    rtl_tx_done_signal                       0x10000114   Data           1  rt_link.o(.data)
    rtl_rx_pkt_signal                        0x10000115   Data           1  rt_link.o(.data)
    global_slot                              0x10000116   Data           2  rt_link.o(.data)
    current_global_slot                      0x10000118   Data           2  rt_link.o(.data)
    global_cycle                             0x1000011a   Data           2  rt_link.o(.data)
    last_sync_slot                           0x1000011c   Data           2  rt_link.o(.data)
    slot_start_time                          0x1000011e   Data           2  rt_link.o(.data)
    rtl_abs_tx_slot                          0x10000120   Data           2  rt_link.o(.data)
    last_slot                                0x10000122   Data           2  rt_link.o(.data)
    prev_offset                              0x10000124   Data           2  rt_link.o(.data)
    rtl_drift_rate                           0x10000126   Data           2  rt_link.o(.data)
    rtl_tsync_buf                            0x10000128   Data           3  rt_link.o(.data)
    rtl_tx_data_ready                        0x1000012c   Data           4  rt_link.o(.data)
    rtl_tdma_rx_mask                         0x10000130   Data           4  rt_link.o(.data)
    rtl_tdma_tx_mask                         0x10000134   Data           4  rt_link.o(.data)
    rx_callback                              0x10000138   Data           4  rt_link.o(.data)
    tx_callback                              0x1000013c   Data           4  rt_link.o(.data)
    abs_callback                             0x10000140   Data           4  rt_link.o(.data)
    slot_callback                            0x10000144   Data           4  rt_link.o(.data)
    cycle_callback                           0x10000148   Data           4  rt_link.o(.data)
    last_slot_time                           0x1000014c   Data           8  rt_link.o(.data)
    rtl_abs_wakeup                           0x10000154   Data           8  rt_link.o(.data)
    pkt_log                                  0x1000015c   Data           8  rt_link.o(.data)
    tsync_log                                0x10000164   Data           8  rt_link.o(.data)
    tsync_delay                              0x1000016c   Data           8  rt_link.o(.data)
    SystemCoreClock                          0x10000174   Data           4  system_LPC17xx.o(.data)
    __aeabi_stdin                            0x1000017c   Data           4  stdio_streams.o(.data)
    __aeabi_stdout                           0x10000180   Data           4  stdio_streams.o(.data)
    __aeabi_stderr                           0x10000184   Data           4  stdio_streams.o(.data)
    mbed::Base::_head                        0x10000188   Data           4  Base.cpp.lpc1768.arm.o(.data)
    mbed::Base::_classes                     0x1000018c   Data           4  Base.cpp.lpc1768.arm.o(.data)
    mbed::Base::_base_class                  0x10000190   Data          12  Base.cpp.lpc1768.arm.o(.data)
    nrk_kernel_stk                           0x100001a0   Data         128  nrk.o(.bss)
    nrk_idle_task_stk                        0x10000220   Data         128  nrk.o(.bss)
    nrk_task_TCB                             0x100002a0   Data         176  nrk.o(.bss)
    _nrk_readyQ                              0x10000350   Data          60  nrk.o(.bss)
    rfSettings                               0x1000038c   Data          12  basic_rf.o(.bss)
    rtl_tsync_tx                             0x10000398   Data          12  rt_link.o(.bss)
    rtl_rfRxInfo                             0x100003a4   Data          16  rt_link.o(.bss)
    rtl_rfTxInfo                             0x100003b4   Data          12  rt_link.o(.bss)
    rtl_tx_info                              0x100003c0   Data         264  rt_link.o(.bss)
    rtl_param                                0x100004c8   Data          10  rt_link.o(.bss)
    rtl_task                                 0x100004d4   Data          44  rt_link.o(.bss)
    rtl_task_stack                           0x10000500   Data         512  rt_link.o(.bss)
    rtl_sched                                0x10000700   Data          16  rt_link.o(.bss)
    rtl_sched_cache                          0x10000710   Data          32  rt_link.o(.bss)
    Stack1                                   0x10000730   Data         512  main.o(.bss)
    TaskOne                                  0x10000930   Data          44  main.o(.bss)
    tx_buf                                   0x1000095c   Data         115  main.o(.bss)
    rx_buf                                   0x100009cf   Data         115  main.o(.bss)
    __stdin                                  0x10000a44   Data          84  stdio_streams.o(.bss)
    __stdout                                 0x10000a98   Data          84  stdio_streams.o(.bss)
    __stderr                                 0x10000aec   Data          84  stdio_streams.o(.bss)
    _random_number_data                      0x10000b40   Data         228  rand.o(.bss)
    Image$$RW_IRAM1$$ZI$$Limit               0x10000c84   Number         0  rt_eh_globals_addr.o(.bss)



==============================================================================

Memory Map of the image

  Image Entry point : 0x000000c5

  Load Region LR_IROM1 (Base: 0x00000000, Size: 0x00008484, Max: 0x00080000, ABSOLUTE, COMPRESSED[0x000082f8])

    Execution Region ER_IROM1 (Base: 0x00000000, Size: 0x000082e4, Max: 0x00080000, ABSOLUTE)

    Base Addr    Size         Type   Attr      Idx    E Section Name        Object

    0x00000000   0x000000c4   Data   RO         2717    RESET               startup_LPC17xx.o
    0x000000c4   0x00000008   Code   RO         2836  * !!!main             c_w.l(__main.o)
    0x000000cc   0x00000034   Code   RO         3926    !!!scatter          c_w.l(__scatter.o)
    0x00000100   0x0000003a   Code   RO         3924    !!dczerorl          c_w.l(__dczerorl.o)
    0x0000013a   0x00000002   PAD
    0x0000013c   0x0000001c   Code   RO         3928    !!handler_zi        c_w.l(__scatter_zi.o)
    0x00000158   0x00000000   Code   RO         2820    .ARM.Collect$$_printf_percent$$00000000  c_w.l(_printf_percent.o)
    0x00000158   0x00000006   Code   RO         3678    .ARM.Collect$$_printf_percent$$00000001  c_w.l(_printf_n.o)
    0x0000015e   0x00000006   Code   RO         3679    .ARM.Collect$$_printf_percent$$00000002  c_w.l(_printf_p.o)
    0x00000164   0x00000006   Code   RO         3683    .ARM.Collect$$_printf_percent$$00000003  c_w.l(_printf_f.o)
    0x0000016a   0x00000006   Code   RO         3684    .ARM.Collect$$_printf_percent$$00000004  c_w.l(_printf_e.o)
    0x00000170   0x00000006   Code   RO         3685    .ARM.Collect$$_printf_percent$$00000005  c_w.l(_printf_g.o)
    0x00000176   0x00000006   Code   RO         3686    .ARM.Collect$$_printf_percent$$00000006  c_w.l(_printf_a.o)
    0x0000017c   0x0000000a   Code   RO         3690    .ARM.Collect$$_printf_percent$$00000007  c_w.l(_printf_ll.o)
    0x00000186   0x00000006   Code   RO         3681    .ARM.Collect$$_printf_percent$$00000008  c_w.l(_printf_i.o)
    0x0000018c   0x00000006   Code   RO         2819    .ARM.Collect$$_printf_percent$$00000009  c_w.l(_printf_d.o)
    0x00000192   0x00000006   Code   RO         3682    .ARM.Collect$$_printf_percent$$0000000A  c_w.l(_printf_u.o)
    0x00000198   0x00000006   Code   RO         3680    .ARM.Collect$$_printf_percent$$0000000B  c_w.l(_printf_o.o)
    0x0000019e   0x00000006   Code   RO         2818    .ARM.Collect$$_printf_percent$$0000000C  c_w.l(_printf_x.o)
    0x000001a4   0x00000006   Code   RO         3687    .ARM.Collect$$_printf_percent$$0000000D  c_w.l(_printf_lli.o)
    0x000001aa   0x00000006   Code   RO         3688    .ARM.Collect$$_printf_percent$$0000000E  c_w.l(_printf_lld.o)
    0x000001b0   0x00000006   Code   RO         3689    .ARM.Collect$$_printf_percent$$0000000F  c_w.l(_printf_llu.o)
    0x000001b6   0x00000006   Code   RO         3694    .ARM.Collect$$_printf_percent$$00000010  c_w.l(_printf_llo.o)
    0x000001bc   0x00000006   Code   RO         3695    .ARM.Collect$$_printf_percent$$00000011  c_w.l(_printf_llx.o)
    0x000001c2   0x0000000a   Code   RO         3691    .ARM.Collect$$_printf_percent$$00000012  c_w.l(_printf_l.o)
    0x000001cc   0x00000006   Code   RO         2817    .ARM.Collect$$_printf_percent$$00000013  c_w.l(_printf_c.o)
    0x000001d2   0x00000006   Code   RO         3677    .ARM.Collect$$_printf_percent$$00000014  c_w.l(_printf_s.o)
    0x000001d8   0x00000006   Code   RO         3692    .ARM.Collect$$_printf_percent$$00000015  c_w.l(_printf_lc.o)
    0x000001de   0x00000006   Code   RO         3693    .ARM.Collect$$_printf_percent$$00000016  c_w.l(_printf_ls.o)
    0x000001e4   0x00000004   Code   RO         2873    .ARM.Collect$$_printf_percent$$00000017  c_w.l(_printf_percent_end.o)
    0x000001e8   0x00000002   Code   RO         3321    .ARM.Collect$$libinit$$00000000  c_w.l(libinit.o)
    0x000001ea   0x00000000   Code   RO         2885    .ARM.Collect$$libinit$$00000002  c_w.l(libinit2.o)
    0x000001ea   0x00000008   Code   RO         2886    .ARM.Collect$$libinit$$00000003  c_w.l(libinit2.o)
    0x000001f2   0x00000000   Code   RO         2888    .ARM.Collect$$libinit$$00000008  c_w.l(libinit2.o)
    0x000001f2   0x00000000   Code   RO         2890    .ARM.Collect$$libinit$$0000000A  c_w.l(libinit2.o)
    0x000001f2   0x00000004   Code   RO         2891    .ARM.Collect$$libinit$$0000000B  c_w.l(libinit2.o)
    0x000001f6   0x00000000   Code   RO         2892    .ARM.Collect$$libinit$$0000000C  c_w.l(libinit2.o)
    0x000001f6   0x00000006   Code   RO         2893    .ARM.Collect$$libinit$$0000000D  c_w.l(libinit2.o)
    0x000001fc   0x00000000   Code   RO         2895    .ARM.Collect$$libinit$$0000000F  c_w.l(libinit2.o)
    0x000001fc   0x0000000c   Code   RO         2896    .ARM.Collect$$libinit$$00000010  c_w.l(libinit2.o)
    0x00000208   0x00000000   Code   RO         2897    .ARM.Collect$$libinit$$00000011  c_w.l(libinit2.o)
    0x00000208   0x00000000   Code   RO         2899    .ARM.Collect$$libinit$$00000013  c_w.l(libinit2.o)
    0x00000208   0x0000000a   Code   RO         2900    .ARM.Collect$$libinit$$00000014  c_w.l(libinit2.o)
    0x00000212   0x00000000   Code   RO         2901    .ARM.Collect$$libinit$$00000015  c_w.l(libinit2.o)
    0x00000212   0x00000000   Code   RO         2903    .ARM.Collect$$libinit$$00000017  c_w.l(libinit2.o)
    0x00000212   0x00000000   Code   RO         2905    .ARM.Collect$$libinit$$00000019  c_w.l(libinit2.o)
    0x00000212   0x00000000   Code   RO         2907    .ARM.Collect$$libinit$$0000001B  c_w.l(libinit2.o)
    0x00000212   0x00000000   Code   RO         2909    .ARM.Collect$$libinit$$0000001D  c_w.l(libinit2.o)
    0x00000212   0x00000000   Code   RO         2911    .ARM.Collect$$libinit$$0000001F  c_w.l(libinit2.o)
    0x00000212   0x00000000   Code   RO         2913    .ARM.Collect$$libinit$$00000021  c_w.l(libinit2.o)
    0x00000212   0x00000004   Code   RO         2914    .ARM.Collect$$libinit$$00000022  c_w.l(libinit2.o)
    0x00000216   0x00000000   Code   RO         2915    .ARM.Collect$$libinit$$00000023  c_w.l(libinit2.o)
    0x00000216   0x00000000   Code   RO         2919    .ARM.Collect$$libinit$$0000002A  c_w.l(libinit2.o)
    0x00000216   0x00000000   Code   RO         2921    .ARM.Collect$$libinit$$0000002C  c_w.l(libinit2.o)
    0x00000216   0x00000000   Code   RO         2923    .ARM.Collect$$libinit$$0000002E  c_w.l(libinit2.o)
    0x00000216   0x00000000   Code   RO         2925    .ARM.Collect$$libinit$$00000030  c_w.l(libinit2.o)
    0x00000216   0x00000002   Code   RO         2926    .ARM.Collect$$libinit$$00000031  c_w.l(libinit2.o)
    0x00000218   0x00000000   Code   RO         3136    .ARM.Collect$$libshutdown$$00000003  c_w.l(libshutdown2.o)
    0x00000218   0x00000000   Code   RO         2858    .ARM.Collect$$rtentry$$00000000  c_w.l(rtentry.o)
    0x00000218   0x00000000   Code   RO         3035    .ARM.Collect$$rtentry$$00000002  c_w.l(rtentry2.o)
    0x00000218   0x00000006   Code   RO         3047    .ARM.Collect$$rtentry$$00000004  c_w.l(rtentry4.o)
    0x0000021e   0x00000000   Code   RO         3037    .ARM.Collect$$rtentry$$00000009  c_w.l(rtentry2.o)
    0x0000021e   0x00000004   Code   RO         3038    .ARM.Collect$$rtentry$$0000000A  c_w.l(rtentry2.o)
    0x00000222   0x00000000   Code   RO         3040    .ARM.Collect$$rtentry$$0000000C  c_w.l(rtentry2.o)
    0x00000222   0x00000008   Code   RO         3041    .ARM.Collect$$rtentry$$0000000D  c_w.l(rtentry2.o)
    0x0000022a   0x00000002   PAD
    0x0000022c   0x00000034   Code   RO         2829    .emb_text           c_w.l(rand.o)
    0x00000260   0x00000000   Code   RO         3507    .emb_text           c_w.l(maybetermalloc1.o)
    0x00000260   0x00000078   Code   RO         1431    .text               my_asm.o
    0x000002d8   0x00000024   Code   RO         2719    .text               startup_LPC17xx.o
    0x000002fc   0x00000004   Code   RO         2718    .ARM.__at_0x02FC    startup_LPC17xx.o
    0x00000300   0x000000ee   Code   RO         2760    .text               c_w.l(lludivv7m.o)
    0x000003ee   0x00000002   PAD
    0x000003f0   0x00000018   Code   RO         2762    .text               c_w.l(__2printf.o)
    0x00000408   0x0000002c   Code   RO         2764    .text               c_w.l(__2sprintf.o)
    0x00000434   0x00000052   Code   RO         2772    .text               c_w.l(_printf_str.o)
    0x00000486   0x00000002   PAD
    0x00000488   0x00000078   Code   RO         2774    .text               c_w.l(_printf_dec.o)
    0x00000500   0x0000009c   Code   RO         2794    .text               c_w.l(_printf_hex_int_ll_ptr.o)
    0x0000059c   0x0000018c   Code   RO         2814    .text               c_w.l(__printf_flags_ss_wp.o)
    0x00000728   0x0000003c   Code   RO         2830    .text               c_w.l(rand.o)
    0x00000764   0x0000003e   Code   RO         2834    .text               c_w.l(strlen.o)
    0x000007a2   0x000000b8   Code   RO         2863    .text               c_w.l(_printf_intcommon.o)
    0x0000085a   0x00000002   PAD
    0x0000085c   0x00000030   Code   RO         2865    .text               c_w.l(_printf_char_common.o)
    0x0000088c   0x0000000a   Code   RO         2867    .text               c_w.l(_sputc.o)
    0x00000896   0x0000002c   Code   RO         2869    .text               c_w.l(_printf_char.o)
    0x000008c2   0x00000002   PAD
    0x000008c4   0x00000024   Code   RO         2871    .text               c_w.l(_printf_char_file.o)
    0x000008e8   0x00000138   Code   RO         2878    .text               c_w.l(initio.o)
    0x00000a20   0x0000004e   Code   RO         3053    .text               c_w.l(h1_free.o)
    0x00000a6e   0x00000008   Code   RO         3109    .text               c_w.l(ferror.o)
    0x00000a76   0x000001de   Code   RO         3111    .text               c_w.l(flsbuf.o)
    0x00000c54   0x00000046   Code   RO         3113    .text               c_w.l(setvbuf.o)
    0x00000c9a   0x00000002   PAD
    0x00000c9c   0x000000ec   Code   RO         3116    .text               c_w.l(fopen.o)
    0x00000d88   0x0000004c   Code   RO         3118    .text               c_w.l(fclose.o)
    0x00000dd4   0x0000000e   Code   RO         3126    .text               c_w.l(defsig_rtred_outer.o)
    0x00000de2   0x0000004e   Code   RO         3130    .text               c_w.l(rt_memclr_w.o)
    0x00000e30   0x00000008   Code   RO         3259    .text               c_w.l(rt_heap_descriptor.o)
    0x00000e38   0x00000004   Code   RO         3264    .text               c_w.l(hguard.o)
    0x00000e3c   0x0000008a   Code   RO         3266    .text               c_w.l(init_alloc.o)
    0x00000ec6   0x0000005e   Code   RO         3272    .text               c_w.l(h1_alloc.o)
    0x00000f24   0x0000003c   Code   RO         3288    .text               c_w.l(sscanf.o)
    0x00000f60   0x000000f8   Code   RO         3290    .text               c_w.l(fseek.o)
    0x00001058   0x000000f0   Code   RO         3292    .text               c_w.l(stdio.o)
    0x00001148   0x0000000a   Code   RO         3298    .text               c_w.l(defsig_exit.o)
    0x00001152   0x00000002   PAD
    0x00001154   0x00000034   Code   RO         3304    .text               c_w.l(defsig_rtred_inner.o)
    0x00001188   0x00000018   Code   RO         3306    .text               c_w.l(assert_stdio.o)
    0x000011a0   0x00000080   Code   RO         3310    .text               c_w.l(strcmpv7m.o)
    0x00001220   0x0000000c   Code   RO         3500    .text               c_w.l(sys_exit.o)
    0x0000122c   0x0000000e   Code   RO         3509    .text               c_w.l(h1_init.o)
    0x0000123a   0x00000034   Code   RO         3511    .text               c_w.l(h1_extend.o)
    0x0000126e   0x00000014   Code   RO         3517    .text               c_w.l(fprintf.o)
    0x00001282   0x00000002   PAD
    0x00001284   0x0000002c   Code   RO         3519    .text               c_w.l(sprintf.o)
    0x000012b0   0x00000156   Code   RO         3521    .text               c_w.l(_scanf_longlong.o)
    0x00001406   0x00000150   Code   RO         3523    .text               c_w.l(_scanf_int.o)
    0x00001556   0x000000da   Code   RO         3525    .text               c_w.l(_scanf_str.o)
    0x00001630   0x0000002c   Code   RO         3527    .text               c_w.l(scanf_char.o)
    0x0000165c   0x00000040   Code   RO         3529    .text               c_w.l(_sgetc.o)
    0x0000169c   0x00000110   Code   RO         3531    .text               c_w.l(_scanf_mbtowc.o)
    0x000017ac   0x000000e2   Code   RO         3533    .text               c_w.l(_scanf_wctomb.o)
    0x0000188e   0x000000ca   Code   RO         3535    .text               c_w.l(_scanf_wstr.o)
    0x00001958   0x00000064   Code   RO         3537    .text               c_w.l(fflush.o)
    0x000019bc   0x00000022   Code   RO         3539    .text               c_w.l(fputs.o)
    0x000019de   0x00000046   Code   RO         3541    .text               c_w.l(ftell.o)
    0x00001a24   0x00000032   Code   RO         3549    .text               c_w.l(defsig_general.o)
    0x00001a56   0x0000000e   Code   RO         3553    .text               c_w.l(defsig_rtmem_outer.o)
    0x00001a64   0x0000007c   Code   RO         3561    .text               c_w.l(assert.o)
    0x00001ae0   0x00000096   Code   RO         3563    .text               c_w.l(strncmp.o)
    0x00001b76   0x00000002   PAD
    0x00001b78   0x00000050   Code   RO         3569    .text               c_w.l(heapauxa.o)
    0x00001bc8   0x00000004   Code   RO         3589    .text               cpprt_w.l(arm_bad_typeid_noexceptions.o)
    0x00001bcc   0x0000000e   Code   RO         3639    .text               c_w.l(sys_wrch.o)
    0x00001bda   0x00000002   Code   RO         3641    .text               c_w.l(use_no_semi.o)
    0x00001bdc   0x00000000   Code   RO         3643    .text               c_w.l(indicate_semi.o)
    0x00001bdc   0x00000008   Code   RO         3649    .text               c_w.l(rt_errno_addr.o)
    0x00001be4   0x00000016   Code   RO         3656    .text               c_w.l(_rserrno.o)
    0x00001bfa   0x00000012   Code   RO         3658    .text               c_w.l(isspace.o)
    0x00001c0c   0x00000052   Code   RO         3660    .text               c_w.l(_printf_pad.o)
    0x00001c5e   0x00000024   Code   RO         3662    .text               c_w.l(_printf_truncate.o)
    0x00001c82   0x0000002a   Code   RO         3664    .text               c_w.l(_printf_charcount.o)
    0x00001cac   0x000000bc   Code   RO         3666    .text               c_w.l(_printf_wctomb.o)
    0x00001d68   0x00000078   Code   RO         3669    .text               c_w.l(_printf_longlong_dec.o)
    0x00001de0   0x00000078   Code   RO         3675    .text               c_w.l(_printf_oct_int_ll.o)
    0x00001e58   0x0000001c   Code   RO         3696    .text               c_w.l(_chval.o)
    0x00001e74   0x00000370   Code   RO         3698    .text               c_w.l(_scanf.o)
    0x000021e4   0x000004a4   Code   RO         3700    .text               c_w.l(scanf_fp.o)
    0x00002688   0x0000001e   Code   RO         3702    .text               c_w.l(_scanf_wcharmap.o)
    0x000026a6   0x0000003c   Code   RO         3704    .text               c_w.l(_mbrtowc.o)
    0x000026e2   0x00000040   Code   RO         3706    .text               c_w.l(_wcrtomb.o)
    0x00002722   0x00000010   Code   RO         3708    .text               c_w.l(abort.o)
    0x00002732   0x00000002   PAD
    0x00002734   0x00000050   Code   RO         3710    .text               c_w.l(defsig_rtmem_inner.o)
    0x00002784   0x0000001a   Code   RO         3725    .text               cpprt_w.l(arm_exceptions_terminate.o)
    0x0000279e   0x00000002   PAD
    0x000027a0   0x00000010   Code   RO         3758    .text               c_w.l(rt_ctype_table.o)
    0x000027b0   0x00000008   Code   RO         3760    .text               c_w.l(rt_locale.o)
    0x000027b8   0x0000008a   Code   RO         3769    .text               c_w.l(lludiv10.o)
    0x00002842   0x00000420   Code   RO         3771    .text               c_w.l(_printf_fp_dec.o)
    0x00002c62   0x00000002   PAD
    0x00002c64   0x00000300   Code   RO         3773    .text               c_w.l(_printf_fp_hex.o)
    0x00002f64   0x0000002c   Code   RO         3776    .text               c_w.l(_printf_wchar.o)
    0x00002f90   0x000000e4   Code   RO         3778    .text               c_w.l(bigflt0.o)
    0x00003074   0x00000030   Code   RO         3806    .text               c_w.l(defsig_abrt_inner.o)
    0x000030a4   0x0000000e   Code   RO         3808    .text               c_w.l(defsig_abrt_outer.o)
    0x000030b2   0x00000002   PAD
    0x000030b4   0x00000050   Code   RO         3826    .text               cpprt_w.l(arm_exceptions_globs.o)
    0x00003104   0x00000008   Code   RO         3859    .text               c_w.l(rt_eh_globals_addr.o)
    0x0000310c   0x00000080   Code   RO         3864    .text               c_w.l(_printf_fp_infnan.o)
    0x0000318c   0x00000314   Code   RO         3866    .text               c_w.l(scanf_hexfp.o)
    0x000034a0   0x0000013c   Code   RO         3868    .text               c_w.l(scanf_infnan.o)
    0x000035dc   0x0000003c   Code   RO         3875    .text               cpprt_w.l(arm_exceptions_mem.o)
    0x00003618   0x00000026   Code   RO         3895    .text               c_w.l(llshl.o)
    0x0000363e   0x0000003e   Code   RO         3781    CL$$btod_d2e        c_w.l(btod.o)
    0x0000367c   0x00000046   Code   RO         3783    CL$$btod_d2e_denorm_low  c_w.l(btod.o)
    0x000036c2   0x00000060   Code   RO         3782    CL$$btod_d2e_norm_op1  c_w.l(btod.o)
    0x00003722   0x00000338   Code   RO         3791    CL$$btod_div_common  c_w.l(btod.o)
    0x00003a5a   0x00000002   PAD
    0x00003a5c   0x00000054   Code   RO         3789    CL$$btod_e2d        c_w.l(btod.o)
    0x00003ab0   0x000000c6   Code   RO         3788    CL$$btod_e2e        c_w.l(btod.o)
    0x00003b76   0x00000028   Code   RO         3785    CL$$btod_ediv       c_w.l(btod.o)
    0x00003b9e   0x00000028   Code   RO         3787    CL$$btod_edivd      c_w.l(btod.o)
    0x00003bc6   0x00000028   Code   RO         3784    CL$$btod_emul       c_w.l(btod.o)
    0x00003bee   0x00000028   Code   RO         3786    CL$$btod_emuld      c_w.l(btod.o)
    0x00003c16   0x00000244   Code   RO         3790    CL$$btod_mult_common  c_w.l(btod.o)
    0x00003e5a   0x00000002   PAD
    0x00003e5c   0x0000003c   Code   RO         1867    i.EINT3_IRQHandler  basic_rf.o
    0x00003e98   0x00000078   Code   RO         2722    i.SystemInit        system_LPC17xx.o
    0x00003f10   0x0000001c   Code   RO          289    i.TIMER0_IRQHandler  nrk_timer.o
    0x00003f2c   0x00000018   Code   RO          290    i.TIMER1_IRQHandler  nrk_timer.o
    0x00003f44   0x0000001c   Code   RO         2140    i._Z10mrf_cs_seth   mrf24j40.o
    0x00003f60   0x00000048   Code   RO         2289    i._Z10rtl_tx_pktPchh  rt_link.o
    0x00003fa8   0x00000020   Code   RO         1149    i._Z11GPIO_SetDirhjh  ulib.o
    0x00003fc8   0x0000000c   Code   RO          945    i._Z11nrk_get_pidv  nrk_task.o
    0x00003fd4   0x00000002   Code   RO         1151    i._Z11nrk_kprintfPKc  ulib.o
    0x00003fd6   0x0000002c   Code   RO         1152    i._Z11nrk_led_clri  ulib.o
    0x00004002   0x0000002c   Code   RO         1153    i._Z11nrk_led_seti  ulib.o
    0x0000402e   0x00000002   PAD
    0x00004030   0x000001b4   Code   RO         2290    i._Z11rtl_nw_taskv  rt_link.o
    0x000041e4   0x00000028   Code   RO         1154    i._Z11set_PinFunchhh  ulib.o
    0x0000420c   0x000001b0   Code   RO         2291    i._Z12_rtl_rx_syncv  rt_link.o
    0x000043bc   0x00000028   Code   RO         2141    i._Z12mrf_set_addrt  mrf24j40.o
    0x000043e4   0x000000b4   Code   RO         2142    i._Z12mrf_spi_inithhi  mrf24j40.o
    0x00004498   0x00000184   Code   RO          489    i._Z12nrk_TCB_initP9task_typePjS1_tPvt  nrk.o
    0x0000461c   0x00000042   Code   RO         1157    i._Z12nrk_gpio_clrj  ulib.o
    0x0000465e   0x00000042   Code   RO         1159    i._Z12nrk_gpio_setj  ulib.o
    0x000046a0   0x00000044   Code   RO         1066    i._Z12nrk_time_getP10nrk_time_t  nrk_time.o
    0x000046e4   0x0000000c   Code   RO         1067    i._Z12nrk_time_setjj  nrk_time.o
    0x000046f0   0x00000018   Code   RO         1871    i._Z12rf_rx_packetv  basic_rf.o
    0x00004708   0x00000048   Code   RO         1160    i._Z12setupSPIPinsv  ulib.o
    0x00004750   0x00000046   Code   RO         3328    i._Z12tbc_downcastPvPKSt9type_infoP28a_base_class_traversal_blockPN10__cxxabiv122__base_class_type_infoE  cpprt_w.l(rtti.o)
    0x00004796   0x00000014   Code   RO         1161    i._Z13GPIO_SetValuehj  ulib.o
    0x000047aa   0x00000002   PAD
    0x000047ac   0x0000005c   Code   RO         2144    i._Z13mrf_gpio_initv  mrf24j40.o
    0x00004808   0x0000004c   Code   RO         2145    i._Z13mrf_read_longt  mrf24j40.o
    0x00004854   0x0000001c   Code   RO         2146    i._Z13mrf_reset_seth  mrf24j40.o
    0x00004870   0x00000030   Code   RO         2147    i._Z13mrf_set_panidt  mrf24j40.o
    0x000048a0   0x0000001c   Code   RO         2148    i._Z13mrf_spi_writet  mrf24j40.o
    0x000048bc   0x00000018   Code   RO          671    i._Z13nrk_error_addh  nrk_error.o
    0x000048d4   0x00000020   Code   RO          868    i._Z13nrk_idle_taskv  nrk_idle_task.o
    0x000048f4   0x00000018   Code   RO          291    i._Z14NVIC_EnableIRQ4IRQn  nrk_timer.o
    0x0000490c   0x0000000c   Code   RO          673    i._Z14_nrk_errno_seth  nrk_error.o
    0x00004918   0x00000294   Code   RO          887    i._Z14_nrk_schedulerv  nrk_scheduler.o
    0x00004bac   0x0000003e   Code   RO         2150    i._Z14mrf_read_shorth  mrf24j40.o
    0x00004bea   0x00000050   Code   RO         2151    i._Z14mrf_write_longth  mrf24j40.o
    0x00004c3a   0x00000002   PAD
    0x00004c3c   0x0000003c   Code   RO          764    i._Z14nrk_event_waitj  nrk_events.o
    0x00004c78   0x00000004   Code   RO          490    i._Z14nrk_int_enablev  nrk.o
    0x00004c7c   0x00000002   Code   RO         1570    i._Z14rf_rx_callbackP10RF_RX_INFO  bmac.o
    0x00004c7e   0x00000028   Code   RO         1877    i._Z14rf_set_channelh  basic_rf.o
    0x00004ca6   0x00000002   PAD
    0x00004ca8   0x00000030   Code   RO         2294    i._Z14rtl_rx_pkt_getPhPaS_  rt_link.o
    0x00004cd8   0x00000046   Code   RO         1167    i._Z14setup_uartPinsv  ulib.o
    0x00004d1e   0x00000014   Code   RO         1168    i._Z15GPIO_ClearValuehj  ulib.o
    0x00004d32   0x00000002   PAD
    0x00004d34   0x00000034   Code   RO         1169    i._Z15GPIO_GetPointerh  ulib.o
    0x00004d68   0x00000040   Code   RO         2152    i._Z15mrf_write_shorthh  mrf24j40.o
    0x00004da8   0x00000004   Code   RO          491    i._Z15nrk_int_disablev  nrk.o
    0x00004dac   0x00000004   Code   RO         1171    i._Z15nrk_setup_portsv  ulib.o
    0x00004db0   0x00000002   Code   RO          913    i._Z15nrk_stack_checkv  nrk_stack_check.o
    0x00004db2   0x00000002   PAD
    0x00004db4   0x0000001c   Code   RO         1878    i._Z15rf_rx_check_ccav  basic_rf.o
    0x00004dd0   0x00000004   Code   RO         1879    i._Z15rf_rx_check_sfdv  basic_rf.o
    0x00004dd4   0x00000048   Code   RO         2298    i._Z15rtl_task_configv  rt_link.o
    0x00004e1c   0x00000026   Code   RO         1172    i._Z16PINSEL_ConfigPinP15PINSEL_CFG_Type  ulib.o
    0x00004e42   0x00000002   PAD
    0x00004e44   0x00000098   Code   RO          292    i._Z16_nrk_setup_timerv  nrk_timer.o
    0x00004edc   0x00000034   Code   RO         2153    i._Z16mrf_gpioint_initv  mrf24j40.o
    0x00004f10   0x00000002   Code   RO            1    i._Z16nrk_battery_savev  nrk_cpu.o
    0x00004f12   0x00000002   PAD
    0x00004f14   0x00000088   Code   RO          767    i._Z16nrk_event_signala  nrk_events.o
    0x00004f9c   0x00000004   Code   RO          293    i._Z16nrk_spin_wait_usj  nrk_timer.o
    0x00004fa0   0x0000000a   Code   RO            2    i._Z16nrk_target_startv  nrk_cpu.o
    0x00004faa   0x0000001e   Code   RO            3    i._Z16nrk_task_set_stkP9task_typePjt  nrk_cpu.o
    0x00004fc8   0x00000028   Code   RO         1882    i._Z16rf_polling_rx_onv  basic_rf.o
    0x00004ff0   0x00000024   Code   RO         2301    i._Z16rtl_get_scheduleh  rt_link.o
    0x00005014   0x0000000c   Code   RO         2302    i._Z16rtl_rx_pkt_checkv  rt_link.o
    0x00005020   0x0000004c   Code   RO         2303    i._Z16rtl_set_schedule11rtl_rx_tx_thh  rt_link.o
    0x0000506c   0x00000024   Code   RO         2305    i._Z16rtl_tx_pkt_checkh  rt_link.o
    0x00005090   0x00000028   Code   RO         1174    i._Z16set_ResistorModehhh  ulib.o
    0x000050b8   0x0000000a   Code   RO          294    i._Z17_nrk_os_timer_getv  nrk_timer.o
    0x000050c2   0x00000002   Code   RO          295    i._Z17_nrk_os_timer_seth  nrk_timer.o
    0x000050c4   0x00000074   Code   RO          949    i._Z17nrk_activate_taskP9task_type  nrk_task.o
    0x00005138   0x000000b8   Code   RO          950    i._Z17nrk_add_to_readyQa  nrk_task.o
    0x000051f0   0x00000030   Code   RO          768    i._Z17nrk_signal_createv  nrk_events.o
    0x00005220   0x00000080   Code   RO            4    i._Z17nrk_task_stk_initPFvvEPjS1_  nrk_cpu.o
    0x000052a0   0x00000044   Code   RO          951    i._Z17nrk_wait_until_nwv  nrk_task.o
    0x000052e4   0x00000128   Code   RO         1887    i._Z17rf_tx_tdma_packetP10RF_TX_INFOtt  basic_rf.o
    0x0000540c   0x00000024   Code   RO         1176    i._Z17set_OpenDrainModehhh  ulib.o
    0x00005430   0x00000016   Code   RO         3329    i._Z17tbc_post_downcastPvPKSt9type_infoP28a_base_class_traversal_blockPN10__cxxabiv122__base_class_type_infoE  cpprt_w.l(rtti.o)
    0x00005446   0x00000002   Code   RO          296    i._Z18_nrk_os_timer_stopv  nrk_timer.o
    0x00005448   0x00000040   Code   RO         1070    i._Z18_nrk_time_to_ticksP10nrk_time_t  nrk_time.o
    0x00005488   0x0000005c   Code   RO         2683    i._Z18nrk_create_tasksetv  main.o
    0x000054e4   0x00000020   Code   RO         1888    i._Z18rf_auto_ack_enablev  basic_rf.o
    0x00005504   0x000000b0   Code   RO         1889    i._Z18rf_parse_rx_packetv  basic_rf.o
    0x000055b4   0x0000000c   Code   RO         2307    i._Z18rtl_rx_pkt_releasev  rt_link.o
    0x000055c0   0x0000003c   Code   RO         2308    i._Z18rtl_set_abs_wakeupth  rt_link.o
    0x000055fc   0x00000010   Code   RO          299    i._Z19_nrk_os_timer_resetv  nrk_timer.o
    0x0000560c   0x0000000e   Code   RO          300    i._Z19_nrk_os_timer_startv  nrk_timer.o
    0x0000561a   0x00000002   PAD
    0x0000561c   0x00000028   Code   RO         2310    i._Z19_rtl_clr_abs_wakeupt  rt_link.o
    0x00005644   0x00000054   Code   RO          953    i._Z19nrk_rem_from_readyQa  nrk_task.o
    0x00005698   0x00000028   Code   RO          770    i._Z19nrk_signal_registera  nrk_events.o
    0x000056c0   0x0000000c   Code   RO          303    i._Z20_nrk_get_next_wakeupv  nrk_timer.o
    0x000056cc   0x0000000a   Code   RO          304    i._Z20_nrk_set_next_wakeuph  nrk_timer.o
    0x000056d6   0x00000002   PAD
    0x000056d8   0x0000000c   Code   RO          675    i._Z20nrk_kernel_error_addhh  nrk_error.o
    0x000056e4   0x00000044   Code   RO          955    i._Z20nrk_wait_until_tickst  nrk_task.o
    0x00005728   0x00000004   Code   RO         1894    i._Z20rf_polling_rx_packetv  basic_rf.o
    0x0000572c   0x00000038   Code   RO         2315    i._Z21_rtl_match_abs_wakeupt  rt_link.o
    0x00005764   0x00000018   Code   RO         2319    i._Z21rtl_rx_pkt_set_bufferPch  rt_link.o
    0x0000577c   0x000000a8   Code   RO         3330    i._Z21traverse_base_classesPvPKSt9type_infoP28a_base_class_traversal_blockPN10__cxxabiv122__base_class_type_infoE  cpprt_w.l(rtti.o)
    0x00005824   0x00000018   Code   RO         2322    i._Z22_rtl_clear_sched_cachev  rt_link.o
    0x0000583c   0x00000078   Code   RO            5    i._Z22nrk_stack_pointer_initv  nrk_cpu.o
    0x000058b4   0x00000014   Code   RO         1053    i._Z23_nrk_wait_for_schedulerv  nrk_task.o
    0x000058c8   0x0000001c   Code   RO         2327    i._Z23_rtl_clr_abs_all_wakeupv  rt_link.o
    0x000058e4   0x000000c0   Code   RO         3331    i._Z23find_base_class_at_addrPvS_PKSt9type_infoS2_Pi  cpprt_w.l(rtti.o)
    0x000059a4   0x00000030   Code   RO         2330    i._Z23rtl_wait_until_rx_or_txv  rt_link.o
    0x000059d4   0x00000040   Code   RO         2331    i._Z24_rtl_get_next_abs_wakeupt  rt_link.o
    0x00005a14   0x00000014   Code   RO          306    i._Z25_nrk_high_speed_timer_getv  nrk_timer.o
    0x00005a28   0x00000032   Code   RO          307    i._Z25nrk_high_speed_timer_waittt  nrk_timer.o
    0x00005a5a   0x00000002   PAD
    0x00005a5c   0x00000070   Code   RO            6    i._Z25nrk_stack_pointer_restorev  nrk_cpu.o
    0x00005acc   0x0000000c   Code   RO          956    i._Z26nrk_get_high_ready_task_IDv  nrk_task.o
    0x00005ad8   0x00000044   Code   RO          957    i._Z26nrk_wait_until_next_periodv  nrk_task.o
    0x00005b1c   0x00000018   Code   RO          309    i._Z27_nrk_high_speed_timer_resetv  nrk_timer.o
    0x00005b34   0x00000002   Code   RO          310    i._Z27_nrk_high_speed_timer_startv  nrk_timer.o
    0x00005b36   0x00000004   Code   RO            7    i._Z27nrk_task_set_entry_functionP9task_typePFvvE  nrk_cpu.o
    0x00005b3a   0x00000002   PAD
    0x00005b3c   0x000001ec   Code   RO         3332    i._Z28derived_to_base_conversion_rPvPS_PKSt9type_infoS3_jPiiPS3_P19a_result_virtualityS4_  cpprt_w.l(rtti.o)
    0x00005d28   0x0000004c   Code   RO          958    i._Z29nrk_wait_until_next_n_periodst  nrk_task.o
    0x00005d74   0x0000006c   Code   RO         2336    i._Z31rtl_get_slots_until_next_wakeupt  rt_link.o
    0x00005de0   0x00000178   Code   RO         2684    i._Z5Task1v         main.o
    0x00005f58   0x000000d0   Code   RO         2337    i._Z7_rtl_rxh       rt_link.o
    0x00006028   0x00000090   Code   RO         2338    i._Z7_rtl_txh       rt_link.o
    0x000060b8   0x00000002   Code   RO         1127    i._Z7halWaitt       hal_wait.o
    0x000060ba   0x00000002   PAD
    0x000060bc   0x000000a0   Code   RO         1186    i._Z7initLEDv       ulib.o
    0x0000615c   0x00000050   Code   RO         1901    i._Z7rf_initP10RF_RX_INFOhtt  basic_rf.o
    0x000061ac   0x0000001c   Code   RO         2339    i._Z8_rtl_powhh     rt_link.o
    0x000061c8   0x00000020   Code   RO         2154    i._Z8mrf_initv      mrf24j40.o
    0x000061e8   0x0000002a   Code   RO         2155    i._Z8mrf_rssiv      mrf24j40.o
    0x00006212   0x00000002   PAD
    0x00006214   0x000000ac   Code   RO          493    i._Z8nrk_initv      nrk.o
    0x000062c0   0x0000001c   Code   RO         1902    i._Z8rf_rx_onv      basic_rf.o
    0x000062dc   0x0000011c   Code   RO         2340    i._Z8rtl_init15rtl_node_mode_t  rt_link.o
    0x000063f8   0x00000016   Code   RO         1187    i._Z9PORT_INITv     ulib.o
    0x0000640e   0x00000002   PAD
    0x00006410   0x0000009c   Code   RO         1189    i._Z9initDEBUGv     ulib.o
    0x000064ac   0x000000de   Code   RO         2157    i._Z9mrf_resetv     mrf24j40.o
    0x0000658a   0x00000002   PAD
    0x0000658c   0x00000088   Code   RO          494    i._Z9nrk_startv     nrk.o
    0x00006614   0x0000001c   Code   RO         1903    i._Z9rf_rx_offv     basic_rf.o
    0x00006630   0x00000030   Code   RO         1904    i._Z9rf_set_rxP10RF_RX_INFOh  basic_rf.o
    0x00006660   0x00000014   Code   RO         2342    i._Z9rtl_readyv     rt_link.o
    0x00006674   0x0000003c   Code   RO         2343    i._Z9rtl_startv     rt_link.o
    0x000066b0   0x00000030   Code   RO         3182    i._ZN4mbed4Base5clearEPKcPc  mbed.ar(Base.cpp.lpc1768.arm.o)
    0x000066e0   0x00000038   Code   RO         3183    i._ZN4mbed4Base6lookupEPKcj  mbed.ar(Base.cpp.lpc1768.arm.o)
    0x00006718   0x00000040   Code   RO         3186    i._ZN4mbed4Base9list_objsEPKcPc  mbed.ar(Base.cpp.lpc1768.arm.o)
    0x00006758   0x00000020   Code   RO         3602    i._ZNKSt9type_infoeqERKS_  cpprt_w.l(type_info_eq.o)
    0x00006778   0x00000008   Code   RO         3578    i._ZdaPv            cpprt_w.l(array_del.o)
    0x00006780   0x00000008   Code   RO         3322    i._ZdlPv            cpprt_w.l(delete.o)
    0x00006788   0x00000020   Code   RO         3353    i.__ARM_common_get_typeid  cpprt_w.l(rtti.o)
    0x000067a8   0x00000028   Code   RO         3889    i.__ARM_fpclassify  m_ws.l(fpclassify.o)
    0x000067d0   0x00000070   Code   RO         3333    i.__derived_to_base_conversion  cpprt_w.l(rtti.o)
    0x00006840   0x000000b0   Code   RO         3334    i.__dynamic_cast    cpprt_w.l(rtti.o)
    0x000068f0   0x00000010   Code   RO         3919    i.__mathlib_dbl_underflow  m_ws.l(dunder.o)
    0x00006900   0x0000000a   Code   RO         3756    i.__mathlib_flt_underflow  m_ws.l(funder.o)
    0x0000690a   0x00000010   Code   RO         3853    i.__mathlib_narrow  m_ws.l(narrow.o)
    0x0000691a   0x00000002   PAD
    0x0000691c   0x00000088   Code   RO         3854    i.__mathlib_tofloat  m_ws.l(narrow.o)
    0x000069a4   0x00000016   Code   RO         3906    i.__support_ldexp   m_ws.l(ldexp.o)
    0x000069ba   0x00000002   PAD
    0x000069bc   0x0000000c   Code   RO         2726    i.__user_setup_stackheap  stackheap.o
    0x000069c8   0x0000000e   Code   RO         2807    i._is_digit         c_w.l(__printf_wp.o)
    0x000069d6   0x00000004   Code   RO          495    i._nrk_timer_tick   nrk.o
    0x000069da   0x00000002   PAD
    0x000069dc   0x0000002c   Code   RO         2938    i._sys_close        mbed.ar(stdio.cpp.lpc1768.arm.o)
    0x00006a08   0x00000028   Code   RO         2941    i._sys_flen         mbed.ar(stdio.cpp.lpc1768.arm.o)
    0x00006a30   0x00000028   Code   RO         2942    i._sys_istty        mbed.ar(stdio.cpp.lpc1768.arm.o)
    0x00006a58   0x00000184   Code   RO         2943    i._sys_open         mbed.ar(stdio.cpp.lpc1768.arm.o)
    0x00006bdc   0x0000002c   Code   RO         2945    i._sys_seek         mbed.ar(stdio.cpp.lpc1768.arm.o)
    0x00006c08   0x00000054   Code   RO         2946    i._sys_write        mbed.ar(stdio.cpp.lpc1768.arm.o)
    0x00006c5c   0x00000016   Code   RO         3174    i.exit              capi.ar(exit.c.lpc1768.arm.o)
    0x00006c72   0x0000001a   Code   RO         2875    i.fputc             c_w.l(fputc.o)
    0x00006c8c   0x00000058   Code   RO         3892    i.frexp             m_ws.l(frexp.o)
    0x00006ce4   0x00000030   Code   RO         3631    i.gpio_output       capi.ar(gpio_api.c.lpc1768.arm.o)
    0x00006d14   0x00000018   Code   RO         3633    i.gpio_write        capi.ar(gpio_api.c.lpc1768.arm.o)
    0x00006d2c   0x0000007e   Code   RO         3907    i.ldexp             m_ws.l(ldexp.o)
    0x00006daa   0x00000002   PAD
    0x00006dac   0x00000054   Code   RO         2685    i.main              main.o
    0x00006e00   0x00000078   Code   RO         3456    i.mbed_die          capi.ar(utils_api.c.lpc1768.arm.o)
    0x00006e78   0x00000038   Code   RO         3490    i.pin_function      capi.ar(pinmap.c.lpc1768.arm.o)
    0x00006eb0   0x00000038   Code   RO         3491    i.pin_mode          capi.ar(pinmap.c.lpc1768.arm.o)
    0x00006ee8   0x0000003c   Code   RO         3492    i.pinmap_merge      capi.ar(pinmap.c.lpc1768.arm.o)
    0x00006f24   0x00000058   Code   RO         3493    i.pinmap_peripheral  capi.ar(pinmap.c.lpc1768.arm.o)
    0x00006f7c   0x000000a4   Code   RO         3494    i.pinmap_pinout     capi.ar(pinmap.c.lpc1768.arm.o)
    0x00007020   0x0000005a   Code   RO         3622    i.scalbnf           m_ws.l(scalbnf.o)
    0x0000707a   0x0000000c   Code   RO         3466    i.semihost_exit     capi.ar(semihost_api.c.lpc1768.arm.o)
    0x00007086   0x00000002   PAD
    0x00007088   0x00000100   Code   RO         3153    i.serial_baud       capi.ar(serial_api.c.lpc1768.arm.o)
    0x00007188   0x00000094   Code   RO         3155    i.serial_format     capi.ar(serial_api.c.lpc1768.arm.o)
    0x0000721c   0x000000e4   Code   RO         3158    i.serial_init       capi.ar(serial_api.c.lpc1768.arm.o)
    0x00007300   0x0000000c   Code   RO         3160    i.serial_putc       capi.ar(serial_api.c.lpc1768.arm.o)
    0x0000730c   0x00000014   Code   RO         2745    i.timer_frequency   capi.ar(timer_api.c.lpc1768.arm.o)
    0x00007320   0x00000070   Code   RO         2746    i.timer_init        capi.ar(timer_api.c.lpc1768.arm.o)
    0x00007390   0x00000004   Code   RO         2747    i.timer_read        capi.ar(timer_api.c.lpc1768.arm.o)
    0x00007394   0x0000000c   Code   RO         2748    i.timer_start       capi.ar(timer_api.c.lpc1768.arm.o)
    0x000073a0   0x00000038   Code   RO         2741    i.us_ticker_read    capi.ar(us_ticker_api.c.lpc1768.arm.o)
    0x000073d8   0x0000001c   Code   RO         2736    i.wait_ms           capi.ar(wait_api.c.lpc1768.arm.o)
    0x000073f4   0x00000016   Code   RO         2737    i.wait_us           capi.ar(wait_api.c.lpc1768.arm.o)
    0x0000740a   0x00000002   PAD
    0x0000740c   0x0000002c   Code   RO         3804    locale$$code        c_w.l(lc_numeric_c.o)
    0x00007438   0x0000002c   Code   RO         3871    locale$$code        c_w.l(lc_ctype_c.o)
    0x00007464   0x00000062   Code   RO         3881    x$fpl$d2f           fz_ws.l(d2f.o)
    0x000074c6   0x00000002   PAD
    0x000074c8   0x00000010   Code   RO         3917    x$fpl$dcheck1       fz_ws.l(dcheck1.o)
    0x000074d8   0x00000018   Code   RO         3897    x$fpl$dcmpinf       fz_ws.l(dcmpi.o)
    0x000074f0   0x00000078   Code   RO         3883    x$fpl$deqf          fz_ws.l(deqf.o)
    0x00007568   0x00000078   Code   RO         3899    x$fpl$dleqf         fz_ws.l(dleqf.o)
    0x000075e0   0x0000009c   Code   RO         2927    x$fpl$dnaninf       fz_ws.l(dnaninf.o)
    0x0000767c   0x0000006c   Code   RO         3885    x$fpl$drleqf        fz_ws.l(drleqf.o)
    0x000076e8   0x000000c4   Code   RO         3605    x$fpl$fadd          fz_ws.l(faddsub_clz.o)
    0x000077ac   0x0000000c   Code   RO         3842    x$fpl$fcheck1       fz_ws.l(fcheck1.o)
    0x000077b8   0x00000184   Code   RO         3612    x$fpl$fdiv          fz_ws.l(fdiv.o)
    0x0000793c   0x00000036   Code   RO         3615    x$fpl$ffix          fz_ws.l(ffix.o)
    0x00007972   0x00000002   PAD
    0x00007974   0x00000030   Code   RO         2851    x$fpl$fflt          fz_ws.l(fflt_clz.o)
    0x000079a4   0x00000026   Code   RO         2850    x$fpl$ffltu         fz_ws.l(fflt_clz.o)
    0x000079ca   0x00000002   PAD
    0x000079cc   0x00000102   Code   RO         2856    x$fpl$fmul          fz_ws.l(fmul.o)
    0x00007ace   0x0000008c   Code   RO         2931    x$fpl$fnaninf       fz_ws.l(fnaninf.o)
    0x00007b5a   0x0000000a   Code   RO         2933    x$fpl$fretinf       fz_ws.l(fretinf.o)
    0x00007b64   0x000000ea   Code   RO         3607    x$fpl$fsub          fz_ws.l(faddsub_clz.o)
    0x00007c4e   0x00000004   Code   RO         3746    x$fpl$printf1       fz_ws.l(printf1.o)
    0x00007c52   0x00000004   Code   RO         3748    x$fpl$printf2       fz_ws.l(printf2.o)
    0x00007c56   0x00000064   Code   RO         3887    x$fpl$retnan        fz_ws.l(retnan.o)
    0x00007cba   0x0000005c   Code   RO         3901    x$fpl$scalbn        fz_ws.l(scalbn.o)
    0x00007d16   0x0000004c   Code   RO         3754    x$fpl$scalbnf       fz_ws.l(scalbnf.o)
    0x00007d62   0x00000004   Code   RO         3619    x$fpl$scanf1        fz_ws.l(scanf1.o)
    0x00007d66   0x00000008   Code   RO         3847    x$fpl$scanf2        fz_ws.l(scanf2.o)
    0x00007d6e   0x00000030   Code   RO         3903    x$fpl$trapveneer    fz_ws.l(trapv.o)
    0x00007d9e   0x00000000   Code   RO         2935    x$fpl$usenofp       fz_ws.l(usenofp.o)
    0x00007d9e   0x00000028   Data   RO         2795    .constdata          c_w.l(_printf_hex_int_ll_ptr.o)
    0x00007dc6   0x00000011   Data   RO         2815    .constdata          c_w.l(__printf_flags_ss_wp.o)
    0x00007dd7   0x00000017   Data   RO         2997    .constdata          mbed.ar(stdio.cpp.lpc1768.arm.o)
    0x00007dee   0x00000002   PAD
    0x00007df0   0x00000154   Data   RO         3163    .constdata          capi.ar(serial_api.c.lpc1768.arm.o)
    0x00007f44   0x00000018   Data   RO         3209    .constdata          mbed.ar(Base.cpp.lpc1768.arm.o)
    0x00007f5c   0x00000008   Data   RO         3667    .constdata          c_w.l(_printf_wctomb.o)
    0x00007f64   0x00000026   Data   RO         3774    .constdata          c_w.l(_printf_fp_hex.o)
    0x00007f8a   0x00000002   PAD
    0x00007f8c   0x00000094   Data   RO         3779    .constdata          c_w.l(bigflt0.o)
    0x00008020   0x0000000c   Data   RO         3440    .constdata__ZTIN10__cxxabiv117__class_type_infoE  cpprt_w.l(lib_rtti_impl.o)
    0x0000802c   0x0000000c   Data   RO         3441    .constdata__ZTIN10__cxxabiv120__si_class_type_infoE  cpprt_w.l(lib_rtti_impl.o)
    0x00008038   0x0000000c   Data   RO         3442    .constdata__ZTIN10__cxxabiv121__vmi_class_type_infoE  cpprt_w.l(lib_rtti_impl.o)
    0x00008044   0x00000008   Data   RO         3028    .constdata__ZTIN4mbed10FileHandleE  mbed.ar(stdio.cpp.lpc1768.arm.o)
    0x0000804c   0x0000000c   Data   RO         3027    .constdata__ZTIN4mbed14FileSystemLikeE  mbed.ar(stdio.cpp.lpc1768.arm.o)
    0x00008058   0x00000008   Data   RO         3234    .constdata__ZTIN4mbed4BaseE  mbed.ar(Base.cpp.lpc1768.arm.o)
    0x00008060   0x00000020   Data   RO         3026    .constdata__ZTIN4mbed8FileLikeE  mbed.ar(stdio.cpp.lpc1768.arm.o)
    0x00008080   0x00000008   Data   RO         3600    .constdata__ZTISt9type_info  cpprt_w.l(type_info_dtor.o)
    0x00008088   0x00000022   Data   RO         3450    .constdata__ZTSN10__cxxabiv117__class_type_infoE  cpprt_w.l(lib_rtti_impl.o)
    0x000080aa   0x00000025   Data   RO         3451    .constdata__ZTSN10__cxxabiv120__si_class_type_infoE  cpprt_w.l(lib_rtti_impl.o)
    0x000080cf   0x00000026   Data   RO         3452    .constdata__ZTSN10__cxxabiv121__vmi_class_type_infoE  cpprt_w.l(lib_rtti_impl.o)
    0x000080f5   0x00000014   Data   RO         3031    .constdata__ZTSN4mbed10FileHandleE  mbed.ar(stdio.cpp.lpc1768.arm.o)
    0x00008109   0x00000018   Data   RO         3030    .constdata__ZTSN4mbed14FileSystemLikeE  mbed.ar(stdio.cpp.lpc1768.arm.o)
    0x00008121   0x0000000d   Data   RO         3238    .constdata__ZTSN4mbed4BaseE  mbed.ar(Base.cpp.lpc1768.arm.o)
    0x0000812e   0x00000011   Data   RO         3029    .constdata__ZTSN4mbed8FileLikeE  mbed.ar(stdio.cpp.lpc1768.arm.o)
    0x0000813f   0x0000000d   Data   RO         3601    .constdata__ZTSSt9type_info  cpprt_w.l(type_info_dtor.o)
    0x0000814c   0x00000010   Data   RO         3425    .constdata__ZTVN10__cxxabiv117__class_type_infoE  cpprt_w.l(lib_rtti_impl.o)
    0x0000815c   0x00000010   Data   RO         3427    .constdata__ZTVN10__cxxabiv120__si_class_type_infoE  cpprt_w.l(lib_rtti_impl.o)
    0x0000816c   0x00000010   Data   RO         3429    .constdata__ZTVN10__cxxabiv121__vmi_class_type_infoE  cpprt_w.l(lib_rtti_impl.o)
    0x0000817c   0x0000000e   Data   RO         3211    .conststring        mbed.ar(Base.cpp.lpc1768.arm.o)
    0x0000818a   0x00000005   Data   RO         3212    .conststring        mbed.ar(Base.cpp.lpc1768.arm.o)
    0x0000818f   0x00000001   PAD
    0x00008190   0x00000020   Data   RO         3922    Region$$Table       anon$$obj.o
    0x000081b0   0x00000008   Data   RO         3844    c$$dinf             fz_ws.l(fpconst.o)
    0x000081b8   0x0000001c   Data   RO         3803    locale$$data        c_w.l(lc_numeric_c.o)
    0x000081d4   0x00000110   Data   RO         3870    locale$$data        c_w.l(lc_ctype_c.o)


    Execution Region RW_IRAM1 (Base: 0x10000000, Size: 0x00000c84, Max: 0x00008000, ABSOLUTE, COMPRESSED[0x00000014])

    Base Addr    Size         Type   Attr      Idx    E Section Name        Object

    0x10000000   0x000000c4   Data   RW         2732    .ARM.__AT_0x10000000  cmsis_nvic.o
    0x100000c4   0x00000002   Data   RW          333    .data               nrk_timer.o
    0x100000c6   0x00000002   PAD
    0x100000c8   0x00000004   Data   RW          506    .data               nrk.o
    0x100000cc   0x00000001   Data   RW          507    .data               nrk.o
    0x100000cd   0x00000003   PAD
    0x100000d0   0x00000014   Data   RW          508    .data               nrk.o
    0x100000e4   0x00000008   Data   RW          511    .data               nrk.o
    0x100000ec   0x00000002   Data   RW          689    .data               nrk_error.o
    0x100000ee   0x00000002   PAD
    0x100000f0   0x00000004   Data   RW          787    .data               nrk_events.o
    0x100000f4   0x00000008   Data   RW          889    .data               nrk_scheduler.o
    0x100000fc   0x00000006   Data   RW         1944    .data               basic_rf.o
    0x10000102   0x00000004   Data   RW         2180    .data               mrf24j40.o
    0x10000106   0x00000002   PAD
    0x10000108   0x0000006c   Data   RW         2401    .data               rt_link.o
    0x10000174   0x00000004   Data   RW         2723    .data               system_LPC17xx.o
    0x10000178   0x00000004   Data   RW         2742    .data               capi.ar(us_ticker_api.c.lpc1768.arm.o)
    0x1000017c   0x00000004   Data   RW         2826    .data               c_w.l(stdio_streams.o)
    0x10000180   0x00000004   Data   RW         2827    .data               c_w.l(stdio_streams.o)
    0x10000184   0x00000004   Data   RW         2828    .data               c_w.l(stdio_streams.o)
    0x10000188   0x00000008   Data   RW         3213    .data               mbed.ar(Base.cpp.lpc1768.arm.o)
    0x10000190   0x0000000c   Data   RW         3214    .data               mbed.ar(Base.cpp.lpc1768.arm.o)
    0x1000019c   0x00000004   Data   RW         3570    .data               c_w.l(heapauxa.o)
    0x100001a0   0x00000080   Zero   RW          504    .bss                nrk.o
    0x10000220   0x0000016c   Zero   RW          505    .bss                nrk.o
    0x1000038c   0x0000000c   Zero   RW         1943    .bss                basic_rf.o
    0x10000398   0x00000398   Zero   RW         2399    .bss                rt_link.o
    0x10000730   0x00000312   Zero   RW         2689    .bss                main.o
    0x10000a42   0x00000002   PAD
    0x10000a44   0x00000054   Zero   RW         2823    .bss                c_w.l(stdio_streams.o)
    0x10000a98   0x00000054   Zero   RW         2824    .bss                c_w.l(stdio_streams.o)
    0x10000aec   0x00000054   Zero   RW         2825    .bss                c_w.l(stdio_streams.o)
    0x10000b40   0x000000e4   Zero   RW         2831    .bss                c_w.l(rand.o)
    0x10000c24   0x00000040   Zero   RW         2996    .bss                mbed.ar(stdio.cpp.lpc1768.arm.o)
    0x10000c64   0x00000004   Zero   RW         3260    .bss                c_w.l(rt_heap_descriptor.o)
    0x10000c68   0x00000004   Zero   RW         3650    .bss                c_w.l(rt_errno_addr.o)
    0x10000c6c   0x00000014   Zero   RW         3761    .bss                c_w.l(rt_locale.o)
    0x10000c80   0x00000004   Zero   RW         3860    .bss                c_w.l(rt_eh_globals_addr.o)


    Execution Region RW_IRAM2 (Base: 0x2007c000, Size: 0x00000000, Max: 0x00004000, ABSOLUTE)

    **** No section assigned to this execution region ****


    Execution Region RW_IRAM3 (Base: 0x20080000, Size: 0x00000000, Max: 0x00004000, ABSOLUTE)

    **** No section assigned to this execution region ****


    Execution Region RW_IRAM4 (Base: 0x40038000, Size: 0x00000000, Max: 0x00000800, ABSOLUTE)

    **** No section assigned to this execution region ****


==============================================================================

Image component sizes


      Code (inc. data)   RO Data    RW Data    ZI Data      Debug   Object Name

       888         98          0          6         12      10994   basic_rf.o
         2          0          0          0          0       1694   bmac.o
         0          0          0        196          0          0   cmsis_nvic.o
         2          0          0          0          0        462   hal_wait.o
       552        186          0          0        786       3007   main.o
      1074         70          0          4          0       9605   mrf24j40.o
       120         14          0          0          0        292   my_asm.o
       708         36          0         33        492       5817   nrk.o
       406         26          0          0          0      37421   nrk_cpu.o
        48         18          0          2          0       2551   nrk_error.o
       284         32          0          4          0       2789   nrk_events.o
        32          6          0          0          0        524   nrk_idle_task.o
       660         40          0          8          0       1478   nrk_scheduler.o
         2          0          0          0          0        466   nrk_stack_check.o
       708         76          0          0          0       7267   nrk_task.o
       144         20          0          0          0       2860   nrk_time.o
       394         38          0          2          0      14500   nrk_timer.o
      2428        274          0        108        920      18193   rt_link.o
        12          4          0          0          0         60   stackheap.o
        40         12        196          0          0        220   startup_LPC17xx.o
       120         10          0          4          0         60   system_LPC17xx.o
       984         38          0          0          0      12451   ulib.o

    ----------------------------------------------------------------------
      9642        998        228        376       2212     132711   Object Totals
         0          0         32          0          0          0   (incl. Generated)
        34          0          0          9          2          0   (incl. Padding)

    ----------------------------------------------------------------------

      Code (inc. data)   RO Data    RW Data    ZI Data      Debug   Library Member Name

        24          4          0          0          0         84   __2printf.o
        44          6          0          0          0         84   __2sprintf.o
        58          0          0          0          0          0   __dczerorl.o
         8          0          0          0          0         68   __main.o
       396          6         17          0          0         92   __printf_flags_ss_wp.o
        14          0          0          0          0         68   __printf_wp.o
        52          8          0          0          0          0   __scatter.o
        28          0          0          0          0          0   __scatter_zi.o
        28          0          0          0          0         68   _chval.o
        60          0          0          0          0         92   _mbrtowc.o
         6          0          0          0          0          0   _printf_a.o
         6          0          0          0          0          0   _printf_c.o
        44          0          0          0          0        108   _printf_char.o
        48          6          0          0          0         96   _printf_char_common.o
        36          4          0          0          0         80   _printf_char_file.o
        42          0          0          0          0         68   _printf_charcount.o
         6          0          0          0          0          0   _printf_d.o
       120         18          0          0          0         92   _printf_dec.o
         6          0          0          0          0          0   _printf_e.o
         6          0          0          0          0          0   _printf_f.o
      1056          0          0          0          0        216   _printf_fp_dec.o
       768          8         38          0          0        100   _printf_fp_hex.o
       128         16          0          0          0         84   _printf_fp_infnan.o
         6          0          0          0          0          0   _printf_g.o
       156          6         40          0          0        160   _printf_hex_int_ll_ptr.o
         6          0          0          0          0          0   _printf_i.o
       184          0          0          0          0         88   _printf_intcommon.o
        10          0          0          0          0          0   _printf_l.o
         6          0          0          0          0          0   _printf_lc.o
        10          0          0          0          0          0   _printf_ll.o
         6          0          0          0          0          0   _printf_lld.o
         6          0          0          0          0          0   _printf_lli.o
         6          0          0          0          0          0   _printf_llo.o
         6          0          0          0          0          0   _printf_llu.o
         6          0          0          0          0          0   _printf_llx.o
       120         16          0          0          0         92   _printf_longlong_dec.o
         6          0          0          0          0          0   _printf_ls.o
         6          0          0          0          0          0   _printf_n.o
         6          0          0          0          0          0   _printf_o.o
       120          8          0          0          0        124   _printf_oct_int_ll.o
         6          0          0          0          0          0   _printf_p.o
        82          0          0          0          0        108   _printf_pad.o
         0          0          0          0          0          0   _printf_percent.o
         4          0          0          0          0          0   _printf_percent_end.o
         6          0          0          0          0          0   _printf_s.o
        82          0          0          0          0         80   _printf_str.o
        36          0          0          0          0         84   _printf_truncate.o
         6          0          0          0          0          0   _printf_u.o
        44          0          0          0          0        108   _printf_wchar.o
       188          6          8          0          0         92   _printf_wctomb.o
         6          0          0          0          0          0   _printf_x.o
        22          0          0          0          0        100   _rserrno.o
       880          4          0          0          0        100   _scanf.o
       336          0          0          0          0         96   _scanf_int.o
       342          0          0          0          0        100   _scanf_longlong.o
       272          0          0          0          0        100   _scanf_mbtowc.o
       218          0          0          0          0         96   _scanf_str.o
        30          0          0          0          0         76   _scanf_wcharmap.o
       226          0          0          0          0        100   _scanf_wctomb.o
       202          0          0          0          0         96   _scanf_wstr.o
        64          0          0          0          0         84   _sgetc.o
        10          0          0          0          0         68   _sputc.o
        64          0          0          0          0         92   _wcrtomb.o
        16          0          0          0          0         72   abort.o
       124         40          0          0          0         76   assert.o
        24          6          0          0          0         80   assert_stdio.o
       228          6        148          0          0         96   bigflt0.o
      2074        132          0          0          0        940   btod.o
        48         34          0          0          0         76   defsig_abrt_inner.o
        14          0          0          0          0         80   defsig_abrt_outer.o
        10          0          0          0          0         68   defsig_exit.o
        50          0          0          0          0         88   defsig_general.o
        80         58          0          0          0         76   defsig_rtmem_inner.o
        14          0          0          0          0         80   defsig_rtmem_outer.o
        52         38          0          0          0         76   defsig_rtred_inner.o
        14          0          0          0          0         80   defsig_rtred_outer.o
        76          0          0          0          0         88   fclose.o
         8          0          0          0          0         68   ferror.o
       100          4          0          0          0        120   fflush.o
       478          0          0          0          0         88   flsbuf.o
       236          4          0          0          0        128   fopen.o
        20          0          0          0          0         84   fprintf.o
        26          0          0          0          0         68   fputc.o
        34          0          0          0          0         80   fputs.o
       248          6          0          0          0         84   fseek.o
        70          0          0          0          0         76   ftell.o
        94          0          0          0          0         80   h1_alloc.o
        52          0          0          0          0         68   h1_extend.o
        78          0          0          0          0         80   h1_free.o
        14          0          0          0          0         84   h1_init.o
        80          6          0          4          0         96   heapauxa.o
         4          0          0          0          0        136   hguard.o
         0          0          0          0          0          0   indicate_semi.o
       138          0          0          0          0        168   init_alloc.o
       312         46          0          0          0        112   initio.o
        18          0          0          0          0         76   isspace.o
        44         10        272          0          0         76   lc_ctype_c.o
        44         10         28          0          0         76   lc_numeric_c.o
         2          0          0          0          0          0   libinit.o
        46          0          0          0          0          0   libinit2.o
         0          0          0          0          0          0   libshutdown2.o
        38          0          0          0          0         68   llshl.o
       138          0          0          0          0         80   lludiv10.o
       238          0          0          0          0        100   lludivv7m.o
         0          0          0          0          0          0   maybetermalloc1.o
       112         18          0          0        228        160   rand.o
        16          4          0          0          0         76   rt_ctype_table.o
         8          4          0          0          4         68   rt_eh_globals_addr.o
         8          4          0          0          4         68   rt_errno_addr.o
         8          4          0          0          4         68   rt_heap_descriptor.o
         8          4          0          0         20         68   rt_locale.o
        78          0          0          0          0         80   rt_memclr_w.o
         0          0          0          0          0          0   rtentry.o
        12          0          0          0          0          0   rtentry2.o
         6          0          0          0          0          0   rtentry4.o
        44          8          0          0          0         84   scanf_char.o
      1188         12          0          0          0        148   scanf_fp.o
       788         12          0          0          0        100   scanf_hexfp.o
       316         18          0          0          0        100   scanf_infnan.o
        70          0          0          0          0         80   setvbuf.o
        44          6          0          0          0         84   sprintf.o
        60          8          0          0          0         84   sscanf.o
       240          6          0          0          0        156   stdio.o
         0          0          0         12        252          0   stdio_streams.o
       128          0          0          0          0         68   strcmpv7m.o
        62          0          0          0          0         76   strlen.o
       150          0          0          0          0         80   strncmp.o
        12          4          0          0          0         68   sys_exit.o
        14          0          0          0          0         76   sys_wrch.o
         2          0          0          0          0         68   use_no_semi.o
        22          0          0          0          0         76   exit.c.lpc1768.arm.o
        72          0          0          0          0        132   gpio_api.c.lpc1768.arm.o
       424        100          0          0          0        332   pinmap.c.lpc1768.arm.o
        12          0          0          0          0         68   semihost_api.c.lpc1768.arm.o
       644        110        340          0          0        280   serial_api.c.lpc1768.arm.o
       148         16          0          0          0        240   timer_api.c.lpc1768.arm.o
        56         12          0          4          0         80   us_ticker_api.c.lpc1768.arm.o
       120          6          0          0          0         76   utils_api.c.lpc1768.arm.o
        50          0          0          0          0        144   wait_api.c.lpc1768.arm.o
         4          0          0          0          0         72   arm_bad_typeid_noexceptions.o
        80         12          0          0          0        104   arm_exceptions_globs.o
        60          0          0          0          0        108   arm_exceptions_mem.o
        26          0          0          0          0         76   arm_exceptions_terminate.o
         8          0          0          0          0         76   array_del.o
         8          0          0          0          0         76   delete.o
         0          0        193          0          0          0   lib_rtti_impl.o
      1264         44          0          0          0        716   rtti.o
         0          0         21          0          0          0   type_info_dtor.o
        32          0          0          0          0         80   type_info_eq.o
        98          4          0          0          0         92   d2f.o
        16          4          0          0          0         68   dcheck1.o
        24          0          0          0          0         68   dcmpi.o
       120          4          0          0          0         92   deqf.o
       120          4          0          0          0         92   dleqf.o
       156          4          0          0          0         92   dnaninf.o
       108          0          0          0          0         80   drleqf.o
       430          8          0          0          0        168   faddsub_clz.o
        12          4          0          0          0         68   fcheck1.o
       388         76          0          0          0         96   fdiv.o
        54          4          0          0          0         84   ffix.o
        86          0          0          0          0        136   fflt_clz.o
       258          4          0          0          0         84   fmul.o
       140          4          0          0          0         84   fnaninf.o
         0          0          8          0          0          0   fpconst.o
        10          0          0          0          0         68   fretinf.o
         4          0          0          0          0         68   printf1.o
         4          0          0          0          0         68   printf2.o
       100          0          0          0          0         68   retnan.o
        92          0          0          0          0         68   scalbn.o
        76          0          0          0          0         68   scalbnf.o
         4          0          0          0          0         68   scanf1.o
         8          0          0          0          0         84   scanf2.o
        48          0          0          0          0         68   trapv.o
         0          0          0          0          0          0   usenofp.o
        16          6          0          0          0         68   dunder.o
        40          0          0          0          0         68   fpclassify.o
        88          8          0          0          0         76   frexp.o
        10          0          0          0          0         68   funder.o
       148          0          0          0          0        160   ldexp.o
       152          4          0          0          0        160   narrow.o
        90          0          0          0          0         76   scalbnf.o
       168         20         64         20          0        216   Base.cpp.lpc1768.arm.o
       640         68        136          0         64        404   stdio.cpp.lpc1768.arm.o

    ----------------------------------------------------------------------
     22320       1156       1318         40        576      15340   Library Totals
        48          2          5          0          0          0   (incl. Padding)

    ----------------------------------------------------------------------

      Code (inc. data)   RO Data    RW Data    ZI Data      Debug   Library Name

     15534        628        551         16        512       9376   c_w.l
      1548        244        340          4          0       1428   capi.ar
      1482         56        214          0          0       1308   cpprt_w.l
      2356        120          8          0          0       1932   fz_ws.l
       544         18          0          0          0        676   m_ws.l
       808         88        200         20         64        620   mbed.ar

    ----------------------------------------------------------------------
     22320       1156       1318         40        576      15340   Library Totals

    ----------------------------------------------------------------------

==============================================================================


      Code (inc. data)   RO Data    RW Data    ZI Data      Debug   

     31962       2154       1546        416       2788     132459   Grand Totals
     31962       2154       1546         20       2788     132459   ELF Image Totals (compressed)
     31962       2154       1546         20          0          0   ROM Totals

==============================================================================

    Total RO  Size (Code + RO Data)                33508 (  32.72kB)
    Total RW  Size (RW Data + ZI Data)              3204 (   3.13kB)
    Total ROM Size (Code + RO Data + RW Data)      33528 (  32.74kB)

==============================================================================

